[2022-10-18T19:07:58.170+0000][gc,heap] Heap region size: 1M
[2022-10-18T19:07:58.183+0000][gc     ] Using G1
[2022-10-18T19:07:58.183+0000][gc,heap,coops] Heap address: 0x00000000c0000000, size: 1024 MB, Compressed Oops mode: 32-bit
[2022-10-18T19:07:58.183+0000][gc,cds       ] Mark closed archive regions in map: [0x00000000fff00000, 0x00000000fff6aff8]
[2022-10-18T19:07:58.183+0000][gc,cds       ] Mark open archive regions in map: [0x00000000ffe00000, 0x00000000ffe47ff8]
[2022-10-18T19:07:59.128+0000][gc,start     ] GC(0) Pause Young (Normal) (G1 Evacuation Pause)
[2022-10-18T19:07:59.129+0000][gc,task      ] GC(0) Using 4 workers of 4 for evacuation
[2022-10-18T19:07:59.140+0000][gc,phases    ] GC(0)   Pre Evacuate Collection Set: 0.0ms
[2022-10-18T19:07:59.140+0000][gc,phases    ] GC(0)   Evacuate Collection Set: 11.1ms
[2022-10-18T19:07:59.140+0000][gc,phases    ] GC(0)   Post Evacuate Collection Set: 0.6ms
[2022-10-18T19:07:59.140+0000][gc,phases    ] GC(0)   Other: 0.5ms
[2022-10-18T19:07:59.140+0000][gc,heap      ] GC(0) Eden regions: 51->0(44)
[2022-10-18T19:07:59.140+0000][gc,heap      ] GC(0) Survivor regions: 0->7(7)
[2022-10-18T19:07:59.140+0000][gc,heap      ] GC(0) Old regions: 2->2
[2022-10-18T19:07:59.140+0000][gc,heap      ] GC(0) Humongous regions: 0->0
[2022-10-18T19:07:59.141+0000][gc,metaspace ] GC(0) Metaspace: 14116K->14116K(1062912K)
[2022-10-18T19:07:59.141+0000][gc           ] GC(0) Pause Young (Normal) (G1 Evacuation Pause) 51M->7M(1024M) 12.208ms
[2022-10-18T19:07:59.141+0000][gc,cpu       ] GC(0) User=0.04s Sys=0.00s Real=0.02s
[2022-10-18T19:07:59.502+0000][gc,start     ] GC(1) Pause Young (Concurrent Start) (Metadata GC Threshold)
[2022-10-18T19:07:59.502+0000][gc,task      ] GC(1) Using 4 workers of 4 for evacuation
[2022-10-18T19:07:59.516+0000][gc,phases    ] GC(1)   Pre Evacuate Collection Set: 0.1ms
[2022-10-18T19:07:59.516+0000][gc,phases    ] GC(1)   Evacuate Collection Set: 13.0ms
[2022-10-18T19:07:59.516+0000][gc,phases    ] GC(1)   Post Evacuate Collection Set: 0.5ms
[2022-10-18T19:07:59.516+0000][gc,phases    ] GC(1)   Other: 0.3ms
[2022-10-18T19:07:59.516+0000][gc,heap      ] GC(1) Eden regions: 30->0(49)
[2022-10-18T19:07:59.516+0000][gc,heap      ] GC(1) Survivor regions: 7->2(7)
[2022-10-18T19:07:59.516+0000][gc,heap      ] GC(1) Old regions: 2->9
[2022-10-18T19:07:59.516+0000][gc,heap      ] GC(1) Humongous regions: 0->0
[2022-10-18T19:07:59.516+0000][gc,metaspace ] GC(1) Metaspace: 20568K->20568K(1067008K)
[2022-10-18T19:07:59.516+0000][gc           ] GC(1) Pause Young (Concurrent Start) (Metadata GC Threshold) 36M->8M(1024M) 13.962ms
[2022-10-18T19:07:59.516+0000][gc,cpu       ] GC(1) User=0.04s Sys=0.00s Real=0.01s
[2022-10-18T19:07:59.516+0000][gc           ] GC(2) Concurrent Cycle
[2022-10-18T19:07:59.516+0000][gc,marking   ] GC(2) Concurrent Clear Claimed Marks
[2022-10-18T19:07:59.516+0000][gc,marking   ] GC(2) Concurrent Clear Claimed Marks 0.046ms
[2022-10-18T19:07:59.516+0000][gc,marking   ] GC(2) Concurrent Scan Root Regions
[2022-10-18T19:07:59.517+0000][gc,marking   ] GC(2) Concurrent Scan Root Regions 1.420ms
[2022-10-18T19:07:59.517+0000][gc,marking   ] GC(2) Concurrent Mark (1.352s)
[2022-10-18T19:07:59.517+0000][gc,marking   ] GC(2) Concurrent Mark From Roots
[2022-10-18T19:07:59.517+0000][gc,task      ] GC(2) Using 1 workers of 1 for marking
[2022-10-18T19:07:59.531+0000][gc,marking   ] GC(2) Concurrent Mark From Roots 13.714ms
[2022-10-18T19:07:59.531+0000][gc,marking   ] GC(2) Concurrent Preclean
[2022-10-18T19:07:59.531+0000][gc,marking   ] GC(2) Concurrent Preclean 0.131ms
[2022-10-18T19:07:59.531+0000][gc,marking   ] GC(2) Concurrent Mark (1.352s, 1.365s) 13.902ms
[2022-10-18T19:07:59.532+0000][gc,start     ] GC(2) Pause Remark
[2022-10-18T19:07:59.534+0000][gc,stringtable] GC(2) Cleaned string and symbol table, strings: 5124 processed, 0 removed, symbols: 52283 processed, 42 removed
[2022-10-18T19:07:59.534+0000][gc            ] GC(2) Pause Remark 8M->8M(1024M) 2.807ms
[2022-10-18T19:07:59.534+0000][gc,cpu        ] GC(2) User=0.01s Sys=0.00s Real=0.01s
[2022-10-18T19:07:59.534+0000][gc,marking    ] GC(2) Concurrent Rebuild Remembered Sets
[2022-10-18T19:07:59.541+0000][gc,marking    ] GC(2) Concurrent Rebuild Remembered Sets 6.197ms
[2022-10-18T19:07:59.541+0000][gc,start      ] GC(2) Pause Cleanup
[2022-10-18T19:07:59.541+0000][gc            ] GC(2) Pause Cleanup 9M->9M(1024M) 0.239ms
[2022-10-18T19:07:59.541+0000][gc,cpu        ] GC(2) User=0.00s Sys=0.00s Real=0.00s
[2022-10-18T19:07:59.541+0000][gc,marking    ] GC(2) Concurrent Cleanup for Next Mark
[2022-10-18T19:07:59.553+0000][gc,marking    ] GC(2) Concurrent Cleanup for Next Mark 11.600ms
[2022-10-18T19:07:59.553+0000][gc            ] GC(2) Concurrent Cycle 36.826ms
[2022-10-18T19:08:00.253+0000][gc,start      ] GC(3) Pause Young (Normal) (G1 Evacuation Pause)
[2022-10-18T19:08:00.253+0000][gc,task       ] GC(3) Using 4 workers of 4 for evacuation
[2022-10-18T19:08:00.261+0000][gc,phases     ] GC(3)   Pre Evacuate Collection Set: 0.0ms
[2022-10-18T19:08:00.261+0000][gc,phases     ] GC(3)   Evacuate Collection Set: 7.4ms
[2022-10-18T19:08:00.261+0000][gc,phases     ] GC(3)   Post Evacuate Collection Set: 0.6ms
[2022-10-18T19:08:00.261+0000][gc,phases     ] GC(3)   Other: 0.2ms
[2022-10-18T19:08:00.261+0000][gc,heap       ] GC(3) Eden regions: 49->0(46)
[2022-10-18T19:08:00.261+0000][gc,heap       ] GC(3) Survivor regions: 2->5(7)
[2022-10-18T19:08:00.261+0000][gc,heap       ] GC(3) Old regions: 9->9
[2022-10-18T19:08:00.261+0000][gc,heap       ] GC(3) Humongous regions: 129->129
[2022-10-18T19:08:00.261+0000][gc,metaspace  ] GC(3) Metaspace: 28755K->28755K(1075200K)
[2022-10-18T19:08:00.262+0000][gc            ] GC(3) Pause Young (Normal) (G1 Evacuation Pause) 186M->140M(1024M) 8.331ms
[2022-10-18T19:08:00.262+0000][gc,cpu        ] GC(3) User=0.03s Sys=0.00s Real=0.01s
[2022-10-18T19:08:00.696+0000][gc,start      ] GC(4) Pause Young (Concurrent Start) (Metadata GC Threshold)
[2022-10-18T19:08:00.697+0000][gc,task       ] GC(4) Using 4 workers of 4 for evacuation
[2022-10-18T19:08:00.706+0000][gc,phases     ] GC(4)   Pre Evacuate Collection Set: 0.1ms
[2022-10-18T19:08:00.706+0000][gc,phases     ] GC(4)   Evacuate Collection Set: 8.7ms
[2022-10-18T19:08:00.706+0000][gc,phases     ] GC(4)   Post Evacuate Collection Set: 0.6ms
[2022-10-18T19:08:00.706+0000][gc,phases     ] GC(4)   Other: 0.3ms
[2022-10-18T19:08:00.706+0000][gc,heap       ] GC(4) Eden regions: 33->0(49)
[2022-10-18T19:08:00.706+0000][gc,heap       ] GC(4) Survivor regions: 5->2(7)
[2022-10-18T19:08:00.706+0000][gc,heap       ] GC(4) Old regions: 9->13
[2022-10-18T19:08:00.706+0000][gc,heap       ] GC(4) Humongous regions: 129->129
[2022-10-18T19:08:00.706+0000][gc,metaspace  ] GC(4) Metaspace: 34490K->34490K(1081344K)
[2022-10-18T19:08:00.706+0000][gc            ] GC(4) Pause Young (Concurrent Start) (Metadata GC Threshold) 172M->142M(1024M) 9.786ms
[2022-10-18T19:08:00.706+0000][gc,cpu        ] GC(4) User=0.03s Sys=0.00s Real=0.01s
[2022-10-18T19:08:00.706+0000][gc            ] GC(5) Concurrent Cycle
[2022-10-18T19:08:00.706+0000][gc,marking    ] GC(5) Concurrent Clear Claimed Marks
[2022-10-18T19:08:00.706+0000][gc,marking    ] GC(5) Concurrent Clear Claimed Marks 0.081ms
[2022-10-18T19:08:00.706+0000][gc,marking    ] GC(5) Concurrent Scan Root Regions
[2022-10-18T19:08:00.708+0000][gc,marking    ] GC(5) Concurrent Scan Root Regions 1.941ms
[2022-10-18T19:08:00.708+0000][gc,marking    ] GC(5) Concurrent Mark (2.542s)
[2022-10-18T19:08:00.708+0000][gc,marking    ] GC(5) Concurrent Mark From Roots
[2022-10-18T19:08:00.708+0000][gc,task       ] GC(5) Using 1 workers of 1 for marking
[2022-10-18T19:08:00.734+0000][gc,marking    ] GC(5) Concurrent Mark From Roots 25.871ms
[2022-10-18T19:08:00.734+0000][gc,marking    ] GC(5) Concurrent Preclean
[2022-10-18T19:08:00.734+0000][gc,marking    ] GC(5) Concurrent Preclean 0.090ms
[2022-10-18T19:08:00.734+0000][gc,marking    ] GC(5) Concurrent Mark (2.542s, 2.568s) 26.012ms
[2022-10-18T19:08:00.735+0000][gc,start      ] GC(5) Pause Remark
[2022-10-18T19:08:00.740+0000][gc,stringtable] GC(5) Cleaned string and symbol table, strings: 10411 processed, 12 removed, symbols: 84378 processed, 13 removed
[2022-10-18T19:08:00.741+0000][gc            ] GC(5) Pause Remark 144M->144M(1024M) 6.062ms
[2022-10-18T19:08:00.741+0000][gc,cpu        ] GC(5) User=0.01s Sys=0.01s Real=0.01s
[2022-10-18T19:08:00.741+0000][gc,marking    ] GC(5) Concurrent Rebuild Remembered Sets
[2022-10-18T19:08:00.754+0000][gc,marking    ] GC(5) Concurrent Rebuild Remembered Sets 12.891ms
[2022-10-18T19:08:00.754+0000][gc,start      ] GC(5) Pause Cleanup
[2022-10-18T19:08:00.754+0000][gc            ] GC(5) Pause Cleanup 144M->144M(1024M) 0.290ms
[2022-10-18T19:08:00.754+0000][gc,cpu        ] GC(5) User=0.00s Sys=0.00s Real=0.00s
[2022-10-18T19:08:00.754+0000][gc,marking    ] GC(5) Concurrent Cleanup for Next Mark
[2022-10-18T19:08:00.764+0000][gc,marking    ] GC(5) Concurrent Cleanup for Next Mark 9.462ms
[2022-10-18T19:08:00.764+0000][gc            ] GC(5) Concurrent Cycle 57.352ms
[2022-10-18T19:37:40.803+0000][gc,start      ] GC(6) Pause Young (Concurrent Start) (G1 Evacuation Pause)
[2022-10-18T19:37:40.803+0000][gc,task       ] GC(6) Using 4 workers of 4 for evacuation
[2022-10-18T19:37:40.812+0000][gc,phases     ] GC(6)   Pre Evacuate Collection Set: 0.2ms
[2022-10-18T19:37:40.812+0000][gc,phases     ] GC(6)   Evacuate Collection Set: 8.0ms
[2022-10-18T19:37:40.812+0000][gc,phases     ] GC(6)   Post Evacuate Collection Set: 0.7ms
[2022-10-18T19:37:40.812+0000][gc,phases     ] GC(6)   Other: 0.3ms
[2022-10-18T19:37:40.812+0000][gc,heap       ] GC(6) Eden regions: 49->0(46)
[2022-10-18T19:37:40.812+0000][gc,heap       ] GC(6) Survivor regions: 2->5(7)
[2022-10-18T19:37:40.812+0000][gc,heap       ] GC(6) Old regions: 13->13
[2022-10-18T19:37:40.812+0000][gc,heap       ] GC(6) Humongous regions: 129->129
[2022-10-18T19:37:40.812+0000][gc,metaspace  ] GC(6) Metaspace: 40347K->40347K(1085440K)
[2022-10-18T19:37:40.812+0000][gc            ] GC(6) Pause Young (Concurrent Start) (G1 Evacuation Pause) 191M->144M(1024M) 9.320ms
[2022-10-18T19:37:40.812+0000][gc,cpu        ] GC(6) User=0.03s Sys=0.00s Real=0.01s
[2022-10-18T19:37:40.812+0000][gc            ] GC(7) Concurrent Cycle
[2022-10-18T19:37:40.812+0000][gc,marking    ] GC(7) Concurrent Clear Claimed Marks
[2022-10-18T19:37:40.812+0000][gc,marking    ] GC(7) Concurrent Clear Claimed Marks 0.099ms
[2022-10-18T19:37:40.812+0000][gc,marking    ] GC(7) Concurrent Scan Root Regions
[2022-10-18T19:37:40.818+0000][gc,marking    ] GC(7) Concurrent Scan Root Regions 5.746ms
[2022-10-18T19:37:40.818+0000][gc,marking    ] GC(7) Concurrent Mark (1782.652s)
[2022-10-18T19:37:40.818+0000][gc,marking    ] GC(7) Concurrent Mark From Roots
[2022-10-18T19:37:40.818+0000][gc,task       ] GC(7) Using 1 workers of 1 for marking
[2022-10-18T19:37:40.838+0000][gc,marking    ] GC(7) Concurrent Mark From Roots 19.344ms
[2022-10-18T19:37:40.838+0000][gc,marking    ] GC(7) Concurrent Preclean
[2022-10-18T19:37:40.838+0000][gc,marking    ] GC(7) Concurrent Preclean 0.399ms
[2022-10-18T19:37:40.838+0000][gc,marking    ] GC(7) Concurrent Mark (1782.652s, 1782.672s) 19.813ms
[2022-10-18T19:37:40.838+0000][gc,start      ] GC(7) Pause Remark
[2022-10-18T19:37:40.849+0000][gc,stringtable] GC(7) Cleaned string and symbol table, strings: 11204 processed, 269 removed, symbols: 90523 processed, 7 removed
[2022-10-18T19:37:40.850+0000][gc            ] GC(7) Pause Remark 144M->144M(1024M) 11.397ms
[2022-10-18T19:37:40.850+0000][gc,cpu        ] GC(7) User=0.04s Sys=0.00s Real=0.01s
[2022-10-18T19:37:40.850+0000][gc,marking    ] GC(7) Concurrent Rebuild Remembered Sets
[2022-10-18T19:37:40.861+0000][gc,marking    ] GC(7) Concurrent Rebuild Remembered Sets 11.049ms
[2022-10-18T19:37:40.861+0000][gc,start      ] GC(7) Pause Cleanup
[2022-10-18T19:37:40.861+0000][gc            ] GC(7) Pause Cleanup 144M->144M(1024M) 0.169ms
[2022-10-18T19:37:40.861+0000][gc,cpu        ] GC(7) User=0.00s Sys=0.00s Real=0.00s
[2022-10-18T19:37:40.862+0000][gc,marking    ] GC(7) Concurrent Cleanup for Next Mark
[2022-10-18T19:37:40.865+0000][gc,marking    ] GC(7) Concurrent Cleanup for Next Mark 3.177ms
[2022-10-18T19:37:40.865+0000][gc            ] GC(7) Concurrent Cycle 52.500ms
[2022-10-18T19:45:05.937+0000][gc,start      ] GC(8) Pause Young (Normal) (G1 Evacuation Pause)
[2022-10-18T19:45:05.937+0000][gc,task       ] GC(8) Using 4 workers of 4 for evacuation
[2022-10-18T19:45:05.952+0000][gc,phases     ] GC(8)   Pre Evacuate Collection Set: 0.0ms
[2022-10-18T19:45:05.952+0000][gc,phases     ] GC(8)   Evacuate Collection Set: 13.2ms
[2022-10-18T19:45:05.952+0000][gc,phases     ] GC(8)   Post Evacuate Collection Set: 1.1ms
[2022-10-18T19:45:05.952+0000][gc,phases     ] GC(8)   Other: 0.2ms
[2022-10-18T19:45:05.952+0000][gc,heap       ] GC(8) Eden regions: 46->0(46)
[2022-10-18T19:45:05.952+0000][gc,heap       ] GC(8) Survivor regions: 5->5(7)
[2022-10-18T19:45:05.952+0000][gc,heap       ] GC(8) Old regions: 13->15
[2022-10-18T19:45:05.952+0000][gc,heap       ] GC(8) Humongous regions: 129->129
[2022-10-18T19:45:05.952+0000][gc,metaspace  ] GC(8) Metaspace: 41168K->41168K(1087488K)
[2022-10-18T19:45:05.952+0000][gc            ] GC(8) Pause Young (Normal) (G1 Evacuation Pause) 190M->146M(1024M) 14.702ms
[2022-10-18T19:45:05.952+0000][gc,cpu        ] GC(8) User=0.05s Sys=0.00s Real=0.02s
[2022-10-18T19:52:09.119+0000][gc,start      ] GC(9) Pause Young (Normal) (G1 Evacuation Pause)
[2022-10-18T19:52:09.119+0000][gc,task       ] GC(9) Using 4 workers of 4 for evacuation
[2022-10-18T19:52:09.127+0000][gc,phases     ] GC(9)   Pre Evacuate Collection Set: 0.0ms
[2022-10-18T19:52:09.127+0000][gc,phases     ] GC(9)   Evacuate Collection Set: 6.8ms
[2022-10-18T19:52:09.127+0000][gc,phases     ] GC(9)   Post Evacuate Collection Set: 0.5ms
[2022-10-18T19:52:09.127+0000][gc,phases     ] GC(9)   Other: 0.3ms
[2022-10-18T19:52:09.127+0000][gc,heap       ] GC(9) Eden regions: 46->0(47)
[2022-10-18T19:52:09.127+0000][gc,heap       ] GC(9) Survivor regions: 5->4(7)
[2022-10-18T19:52:09.127+0000][gc,heap       ] GC(9) Old regions: 15->16
[2022-10-18T19:52:09.127+0000][gc,heap       ] GC(9) Humongous regions: 129->129
[2022-10-18T19:52:09.127+0000][gc,metaspace  ] GC(9) Metaspace: 41283K->41283K(1087488K)
[2022-10-18T19:52:09.127+0000][gc            ] GC(9) Pause Young (Normal) (G1 Evacuation Pause) 192M->146M(1024M) 7.814ms
[2022-10-18T19:52:09.127+0000][gc,cpu        ] GC(9) User=0.02s Sys=0.00s Real=0.01s
[2022-10-18T20:00:21.343+0000][gc,start      ] GC(10) Pause Young (Normal) (G1 Evacuation Pause)
[2022-10-18T20:00:21.344+0000][gc,task       ] GC(10) Using 4 workers of 4 for evacuation
[2022-10-18T20:00:21.352+0000][gc,phases     ] GC(10)   Pre Evacuate Collection Set: 0.0ms
[2022-10-18T20:00:21.352+0000][gc,phases     ] GC(10)   Evacuate Collection Set: 4.6ms
[2022-10-18T20:00:21.352+0000][gc,phases     ] GC(10)   Post Evacuate Collection Set: 3.4ms
[2022-10-18T20:00:21.352+0000][gc,phases     ] GC(10)   Other: 0.2ms
[2022-10-18T20:00:21.352+0000][gc,heap       ] GC(10) Eden regions: 47->0(48)
[2022-10-18T20:00:21.352+0000][gc,heap       ] GC(10) Survivor regions: 4->3(7)
[2022-10-18T20:00:21.352+0000][gc,heap       ] GC(10) Old regions: 16->16
[2022-10-18T20:00:21.352+0000][gc,heap       ] GC(10) Humongous regions: 129->129
[2022-10-18T20:00:21.352+0000][gc,metaspace  ] GC(10) Metaspace: 41389K->41389K(1087488K)
[2022-10-18T20:00:21.352+0000][gc            ] GC(10) Pause Young (Normal) (G1 Evacuation Pause) 193M->146M(1024M) 8.386ms
[2022-10-18T20:00:21.352+0000][gc,cpu        ] GC(10) User=0.03s Sys=0.00s Real=0.01s
[2022-10-18T20:08:10.131+0000][gc,start      ] GC(11) Pause Young (Normal) (G1 Evacuation Pause)
[2022-10-18T20:08:10.131+0000][gc,task       ] GC(11) Using 4 workers of 4 for evacuation
[2022-10-18T20:08:10.141+0000][gc,phases     ] GC(11)   Pre Evacuate Collection Set: 0.0ms
[2022-10-18T20:08:10.141+0000][gc,phases     ] GC(11)   Evacuate Collection Set: 5.1ms
[2022-10-18T20:08:10.141+0000][gc,phases     ] GC(11)   Post Evacuate Collection Set: 4.6ms
[2022-10-18T20:08:10.141+0000][gc,phases     ] GC(11)   Other: 1.0ms
[2022-10-18T20:08:10.141+0000][gc,heap       ] GC(11) Eden regions: 48->0(48)
[2022-10-18T20:08:10.141+0000][gc,heap       ] GC(11) Survivor regions: 3->3(7)
[2022-10-18T20:08:10.141+0000][gc,heap       ] GC(11) Old regions: 16->16
[2022-10-18T20:08:10.141+0000][gc,heap       ] GC(11) Humongous regions: 129->129
[2022-10-18T20:08:10.141+0000][gc,metaspace  ] GC(11) Metaspace: 41465K->41465K(1087488K)
[2022-10-18T20:08:10.141+0000][gc            ] GC(11) Pause Young (Normal) (G1 Evacuation Pause) 194M->145M(1024M) 10.327ms
[2022-10-18T20:08:10.141+0000][gc,cpu        ] GC(11) User=0.02s Sys=0.00s Real=0.02s
[2022-10-18T20:16:23.457+0000][gc,start      ] GC(12) Pause Young (Normal) (G1 Evacuation Pause)
[2022-10-18T20:16:23.457+0000][gc,task       ] GC(12) Using 4 workers of 4 for evacuation
[2022-10-18T20:16:23.461+0000][gc,phases     ] GC(12)   Pre Evacuate Collection Set: 0.0ms
[2022-10-18T20:16:23.461+0000][gc,phases     ] GC(12)   Evacuate Collection Set: 3.0ms
[2022-10-18T20:16:23.461+0000][gc,phases     ] GC(12)   Post Evacuate Collection Set: 0.9ms
[2022-10-18T20:16:23.461+0000][gc,phases     ] GC(12)   Other: 0.2ms
[2022-10-18T20:16:23.461+0000][gc,heap       ] GC(12) Eden regions: 48->0(51)
[2022-10-18T20:16:23.461+0000][gc,heap       ] GC(12) Survivor regions: 3->3(7)
[2022-10-18T20:16:23.461+0000][gc,heap       ] GC(12) Old regions: 16->16
[2022-10-18T20:16:23.461+0000][gc,heap       ] GC(12) Humongous regions: 129->129
[2022-10-18T20:16:23.461+0000][gc,metaspace  ] GC(12) Metaspace: 41505K->41505K(1087488K)
[2022-10-18T20:16:23.461+0000][gc            ] GC(12) Pause Young (Normal) (G1 Evacuation Pause) 193M->145M(1024M) 4.169ms
[2022-10-18T20:16:23.461+0000][gc,cpu        ] GC(12) User=0.01s Sys=0.00s Real=0.01s
[2022-10-18T20:25:09.914+0000][gc,start      ] GC(13) Pause Young (Normal) (G1 Evacuation Pause)
[2022-10-18T20:25:09.914+0000][gc,task       ] GC(13) Using 4 workers of 4 for evacuation
[2022-10-18T20:25:09.918+0000][gc,phases     ] GC(13)   Pre Evacuate Collection Set: 0.0ms
[2022-10-18T20:25:09.918+0000][gc,phases     ] GC(13)   Evacuate Collection Set: 3.1ms
[2022-10-18T20:25:09.918+0000][gc,phases     ] GC(13)   Post Evacuate Collection Set: 0.8ms
[2022-10-18T20:25:09.918+0000][gc,phases     ] GC(13)   Other: 0.2ms
[2022-10-18T20:25:09.918+0000][gc,heap       ] GC(13) Eden regions: 51->0(67)
[2022-10-18T20:25:09.918+0000][gc,heap       ] GC(13) Survivor regions: 3->3(7)
[2022-10-18T20:25:09.918+0000][gc,heap       ] GC(13) Old regions: 16->16
[2022-10-18T20:25:09.918+0000][gc,heap       ] GC(13) Humongous regions: 129->129
[2022-10-18T20:25:09.918+0000][gc,metaspace  ] GC(13) Metaspace: 41515K->41515K(1087488K)
[2022-10-18T20:25:09.918+0000][gc            ] GC(13) Pause Young (Normal) (G1 Evacuation Pause) 196M->145M(1024M) 4.214ms
[2022-10-18T20:25:09.918+0000][gc,cpu        ] GC(13) User=0.01s Sys=0.00s Real=0.00s
[2022-10-18T20:36:41.516+0000][gc,start      ] GC(14) Pause Young (Normal) (G1 Evacuation Pause)
[2022-10-18T20:36:41.516+0000][gc,task       ] GC(14) Using 4 workers of 4 for evacuation
[2022-10-18T20:36:41.522+0000][gc,phases     ] GC(14)   Pre Evacuate Collection Set: 0.0ms
[2022-10-18T20:36:41.522+0000][gc,phases     ] GC(14)   Evacuate Collection Set: 4.3ms
[2022-10-18T20:36:41.522+0000][gc,phases     ] GC(14)   Post Evacuate Collection Set: 1.3ms
[2022-10-18T20:36:41.522+0000][gc,phases     ] GC(14)   Other: 0.2ms
[2022-10-18T20:36:41.522+0000][gc,heap       ] GC(14) Eden regions: 67->0(177)
[2022-10-18T20:36:41.522+0000][gc,heap       ] GC(14) Survivor regions: 3->2(9)
[2022-10-18T20:36:41.522+0000][gc,heap       ] GC(14) Old regions: 16->16
[2022-10-18T20:36:41.522+0000][gc,heap       ] GC(14) Humongous regions: 129->129
[2022-10-18T20:36:41.522+0000][gc,metaspace  ] GC(14) Metaspace: 41523K->41523K(1087488K)
[2022-10-18T20:36:41.522+0000][gc            ] GC(14) Pause Young (Normal) (G1 Evacuation Pause) 212M->144M(1024M) 5.923ms
[2022-10-18T20:36:41.522+0000][gc,cpu        ] GC(14) User=0.01s Sys=0.00s Real=0.01s
[2022-10-18T21:07:16.874+0000][gc,start      ] GC(15) Pause Young (Normal) (G1 Evacuation Pause)
[2022-10-18T21:07:16.874+0000][gc,task       ] GC(15) Using 4 workers of 4 for evacuation
[2022-10-18T21:07:16.881+0000][gc,phases     ] GC(15)   Pre Evacuate Collection Set: 0.0ms
[2022-10-18T21:07:16.881+0000][gc,phases     ] GC(15)   Evacuate Collection Set: 4.1ms
[2022-10-18T21:07:16.881+0000][gc,phases     ] GC(15)   Post Evacuate Collection Set: 2.3ms
[2022-10-18T21:07:16.881+0000][gc,phases     ] GC(15)   Other: 0.2ms
[2022-10-18T21:07:16.881+0000][gc,heap       ] GC(15) Eden regions: 177->0(191)
[2022-10-18T21:07:16.881+0000][gc,heap       ] GC(15) Survivor regions: 2->3(23)
[2022-10-18T21:07:16.881+0000][gc,heap       ] GC(15) Old regions: 16->16
[2022-10-18T21:07:16.881+0000][gc,heap       ] GC(15) Humongous regions: 129->129
[2022-10-18T21:07:16.881+0000][gc,metaspace  ] GC(15) Metaspace: 41553K->41553K(1087488K)
[2022-10-18T21:07:16.881+0000][gc            ] GC(15) Pause Young (Normal) (G1 Evacuation Pause) 321M->145M(1024M) 6.780ms
[2022-10-18T21:07:16.881+0000][gc,cpu        ] GC(15) User=0.02s Sys=0.00s Real=0.01s
[2022-10-18T21:40:04.119+0000][gc,start      ] GC(16) Pause Young (Normal) (G1 Evacuation Pause)
[2022-10-18T21:40:04.119+0000][gc,task       ] GC(16) Using 4 workers of 4 for evacuation
[2022-10-18T21:40:04.123+0000][gc,phases     ] GC(16)   Pre Evacuate Collection Set: 0.0ms
[2022-10-18T21:40:04.123+0000][gc,phases     ] GC(16)   Evacuate Collection Set: 3.7ms
[2022-10-18T21:40:04.123+0000][gc,phases     ] GC(16)   Post Evacuate Collection Set: 0.6ms
[2022-10-18T21:40:04.123+0000][gc,phases     ] GC(16)   Other: 0.2ms
[2022-10-18T21:40:04.123+0000][gc,heap       ] GC(16) Eden regions: 191->0(611)
[2022-10-18T21:40:04.123+0000][gc,heap       ] GC(16) Survivor regions: 3->3(25)
[2022-10-18T21:40:04.123+0000][gc,heap       ] GC(16) Old regions: 16->16
[2022-10-18T21:40:04.123+0000][gc,heap       ] GC(16) Humongous regions: 129->129
[2022-10-18T21:40:04.123+0000][gc,metaspace  ] GC(16) Metaspace: 41579K->41579K(1087488K)
[2022-10-18T21:40:04.123+0000][gc            ] GC(16) Pause Young (Normal) (G1 Evacuation Pause) 336M->145M(1024M) 4.663ms
[2022-10-18T21:40:04.124+0000][gc,cpu        ] GC(16) User=0.02s Sys=0.00s Real=0.01s
[2022-10-18T23:26:11.874+0000][gc,start      ] GC(17) Pause Young (Normal) (G1 Evacuation Pause)
[2022-10-18T23:26:11.874+0000][gc,task       ] GC(17) Using 4 workers of 4 for evacuation
[2022-10-18T23:26:11.880+0000][gc,phases     ] GC(17)   Pre Evacuate Collection Set: 0.0ms
[2022-10-18T23:26:11.880+0000][gc,phases     ] GC(17)   Evacuate Collection Set: 4.6ms
[2022-10-18T23:26:11.880+0000][gc,phases     ] GC(17)   Post Evacuate Collection Set: 1.3ms
[2022-10-18T23:26:11.880+0000][gc,phases     ] GC(17)   Other: 0.4ms
[2022-10-18T23:26:11.880+0000][gc,heap       ] GC(17) Eden regions: 611->0(611)
[2022-10-18T23:26:11.880+0000][gc,heap       ] GC(17) Survivor regions: 3->3(77)
[2022-10-18T23:26:11.880+0000][gc,heap       ] GC(17) Old regions: 16->16
[2022-10-18T23:26:11.880+0000][gc,heap       ] GC(17) Humongous regions: 129->129
[2022-10-18T23:26:11.880+0000][gc,metaspace  ] GC(17) Metaspace: 41619K->41619K(1087488K)
[2022-10-18T23:26:11.880+0000][gc            ] GC(17) Pause Young (Normal) (G1 Evacuation Pause) 756M->145M(1024M) 6.406ms
[2022-10-18T23:26:11.881+0000][gc,cpu        ] GC(17) User=0.02s Sys=0.00s Real=0.01s
[2022-10-19T01:12:41.874+0000][gc,start      ] GC(18) Pause Young (Normal) (G1 Evacuation Pause)
[2022-10-19T01:12:41.874+0000][gc,task       ] GC(18) Using 4 workers of 4 for evacuation
[2022-10-19T01:12:41.881+0000][gc,phases     ] GC(18)   Pre Evacuate Collection Set: 0.0ms
[2022-10-19T01:12:41.881+0000][gc,phases     ] GC(18)   Evacuate Collection Set: 4.7ms
[2022-10-19T01:12:41.881+0000][gc,phases     ] GC(18)   Post Evacuate Collection Set: 1.7ms
[2022-10-19T01:12:41.881+0000][gc,phases     ] GC(18)   Other: 0.3ms
[2022-10-19T01:12:41.881+0000][gc,heap       ] GC(18) Eden regions: 611->0(612)
[2022-10-19T01:12:41.881+0000][gc,heap       ] GC(18) Survivor regions: 3->2(77)
[2022-10-19T01:12:41.881+0000][gc,heap       ] GC(18) Old regions: 16->16
[2022-10-19T01:12:41.881+0000][gc,heap       ] GC(18) Humongous regions: 129->129
[2022-10-19T01:12:41.881+0000][gc,metaspace  ] GC(18) Metaspace: 41626K->41626K(1087488K)
[2022-10-19T01:12:41.881+0000][gc            ] GC(18) Pause Young (Normal) (G1 Evacuation Pause) 756M->145M(1024M) 6.999ms
[2022-10-19T01:12:41.881+0000][gc,cpu        ] GC(18) User=0.01s Sys=0.00s Real=0.01s
[2022-10-19T02:59:46.874+0000][gc,start      ] GC(19) Pause Young (Normal) (G1 Evacuation Pause)
[2022-10-19T02:59:46.874+0000][gc,task       ] GC(19) Using 4 workers of 4 for evacuation
[2022-10-19T02:59:46.880+0000][gc,phases     ] GC(19)   Pre Evacuate Collection Set: 0.0ms
[2022-10-19T02:59:46.880+0000][gc,phases     ] GC(19)   Evacuate Collection Set: 4.1ms
[2022-10-19T02:59:46.880+0000][gc,phases     ] GC(19)   Post Evacuate Collection Set: 1.7ms
[2022-10-19T02:59:46.880+0000][gc,phases     ] GC(19)   Other: 0.2ms
[2022-10-19T02:59:46.880+0000][gc,heap       ] GC(19) Eden regions: 612->0(611)
[2022-10-19T02:59:46.880+0000][gc,heap       ] GC(19) Survivor regions: 2->3(77)
[2022-10-19T02:59:46.880+0000][gc,heap       ] GC(19) Old regions: 16->16
[2022-10-19T02:59:46.880+0000][gc,heap       ] GC(19) Humongous regions: 129->129
[2022-10-19T02:59:46.880+0000][gc,metaspace  ] GC(19) Metaspace: 41659K->41659K(1087488K)
[2022-10-19T02:59:46.880+0000][gc            ] GC(19) Pause Young (Normal) (G1 Evacuation Pause) 757M->146M(1024M) 6.131ms
[2022-10-19T02:59:46.880+0000][gc,cpu        ] GC(19) User=0.02s Sys=0.00s Real=0.01s
[2022-10-19T04:46:26.874+0000][gc,start      ] GC(20) Pause Young (Normal) (G1 Evacuation Pause)
[2022-10-19T04:46:26.874+0000][gc,task       ] GC(20) Using 4 workers of 4 for evacuation
[2022-10-19T04:46:26.880+0000][gc,phases     ] GC(20)   Pre Evacuate Collection Set: 0.0ms
[2022-10-19T04:46:26.880+0000][gc,phases     ] GC(20)   Evacuate Collection Set: 4.6ms
[2022-10-19T04:46:26.880+0000][gc,phases     ] GC(20)   Post Evacuate Collection Set: 1.3ms
[2022-10-19T04:46:26.880+0000][gc,phases     ] GC(20)   Other: 0.3ms
[2022-10-19T04:46:26.880+0000][gc,heap       ] GC(20) Eden regions: 611->0(611)
[2022-10-19T04:46:26.880+0000][gc,heap       ] GC(20) Survivor regions: 3->3(77)
[2022-10-19T04:46:26.880+0000][gc,heap       ] GC(20) Old regions: 16->16
[2022-10-19T04:46:26.880+0000][gc,heap       ] GC(20) Humongous regions: 129->129
[2022-10-19T04:46:26.880+0000][gc,metaspace  ] GC(20) Metaspace: 41681K->41681K(1087488K)
[2022-10-19T04:46:26.880+0000][gc            ] GC(20) Pause Young (Normal) (G1 Evacuation Pause) 757M->145M(1024M) 6.342ms
[2022-10-19T04:46:26.880+0000][gc,cpu        ] GC(20) User=0.01s Sys=0.00s Real=0.01s
