[2022-10-19T17:40:39.852+0000][gc,heap] Heap region size: 1M
[2022-10-19T17:40:39.871+0000][gc     ] Using G1
[2022-10-19T17:40:39.871+0000][gc,heap,coops] Heap address: 0x00000000c0000000, size: 1024 MB, Compressed Oops mode: 32-bit
[2022-10-19T17:40:39.872+0000][gc,cds       ] Mark closed archive regions in map: [0x00000000fff00000, 0x00000000fff6aff8]
[2022-10-19T17:40:39.872+0000][gc,cds       ] Mark open archive regions in map: [0x00000000ffe00000, 0x00000000ffe47ff8]
[2022-10-19T17:40:40.973+0000][gc,start     ] GC(0) Pause Young (Normal) (G1 Evacuation Pause)
[2022-10-19T17:40:40.978+0000][gc,task      ] GC(0) Using 4 workers of 4 for evacuation
[2022-10-19T17:40:40.992+0000][gc,phases    ] GC(0)   Pre Evacuate Collection Set: 0.0ms
[2022-10-19T17:40:40.992+0000][gc,phases    ] GC(0)   Evacuate Collection Set: 12.6ms
[2022-10-19T17:40:40.992+0000][gc,phases    ] GC(0)   Post Evacuate Collection Set: 0.6ms
[2022-10-19T17:40:40.992+0000][gc,phases    ] GC(0)   Other: 5.8ms
[2022-10-19T17:40:40.992+0000][gc,heap      ] GC(0) Eden regions: 51->0(44)
[2022-10-19T17:40:40.992+0000][gc,heap      ] GC(0) Survivor regions: 0->7(7)
[2022-10-19T17:40:40.992+0000][gc,heap      ] GC(0) Old regions: 2->2
[2022-10-19T17:40:40.992+0000][gc,heap      ] GC(0) Humongous regions: 0->0
[2022-10-19T17:40:40.992+0000][gc,metaspace ] GC(0) Metaspace: 14125K->14125K(1062912K)
[2022-10-19T17:40:40.992+0000][gc           ] GC(0) Pause Young (Normal) (G1 Evacuation Pause) 51M->7M(1024M) 19.123ms
[2022-10-19T17:40:40.992+0000][gc,cpu       ] GC(0) User=0.03s Sys=0.00s Real=0.02s
[2022-10-19T17:40:41.511+0000][gc,start     ] GC(1) Pause Young (Concurrent Start) (Metadata GC Threshold)
[2022-10-19T17:40:41.511+0000][gc,task      ] GC(1) Using 4 workers of 4 for evacuation
[2022-10-19T17:40:41.524+0000][gc,phases    ] GC(1)   Pre Evacuate Collection Set: 0.1ms
[2022-10-19T17:40:41.524+0000][gc,phases    ] GC(1)   Evacuate Collection Set: 11.7ms
[2022-10-19T17:40:41.524+0000][gc,phases    ] GC(1)   Post Evacuate Collection Set: 0.6ms
[2022-10-19T17:40:41.524+0000][gc,phases    ] GC(1)   Other: 0.3ms
[2022-10-19T17:40:41.524+0000][gc,heap      ] GC(1) Eden regions: 30->0(49)
[2022-10-19T17:40:41.524+0000][gc,heap      ] GC(1) Survivor regions: 7->2(7)
[2022-10-19T17:40:41.524+0000][gc,heap      ] GC(1) Old regions: 2->9
[2022-10-19T17:40:41.524+0000][gc,heap      ] GC(1) Humongous regions: 0->0
[2022-10-19T17:40:41.524+0000][gc,metaspace ] GC(1) Metaspace: 20674K->20674K(1067008K)
[2022-10-19T17:40:41.524+0000][gc           ] GC(1) Pause Young (Concurrent Start) (Metadata GC Threshold) 37M->8M(1024M) 12.823ms
[2022-10-19T17:40:41.524+0000][gc,cpu       ] GC(1) User=0.04s Sys=0.00s Real=0.01s
[2022-10-19T17:40:41.525+0000][gc           ] GC(2) Concurrent Cycle
[2022-10-19T17:40:41.525+0000][gc,marking   ] GC(2) Concurrent Clear Claimed Marks
[2022-10-19T17:40:41.525+0000][gc,marking   ] GC(2) Concurrent Clear Claimed Marks 0.064ms
[2022-10-19T17:40:41.525+0000][gc,marking   ] GC(2) Concurrent Scan Root Regions
[2022-10-19T17:40:41.527+0000][gc,marking   ] GC(2) Concurrent Scan Root Regions 1.390ms
[2022-10-19T17:40:41.527+0000][gc,marking   ] GC(2) Concurrent Mark (1.681s)
[2022-10-19T17:40:41.527+0000][gc,marking   ] GC(2) Concurrent Mark From Roots
[2022-10-19T17:40:41.527+0000][gc,task      ] GC(2) Using 1 workers of 1 for marking
[2022-10-19T17:40:41.539+0000][gc,marking   ] GC(2) Concurrent Mark From Roots 12.653ms
[2022-10-19T17:40:41.539+0000][gc,marking   ] GC(2) Concurrent Preclean
[2022-10-19T17:40:41.539+0000][gc,marking   ] GC(2) Concurrent Preclean 0.132ms
[2022-10-19T17:40:41.539+0000][gc,marking   ] GC(2) Concurrent Mark (1.681s, 1.693s) 12.849ms
[2022-10-19T17:40:41.540+0000][gc,start     ] GC(2) Pause Remark
[2022-10-19T17:40:41.542+0000][gc,stringtable] GC(2) Cleaned string and symbol table, strings: 5191 processed, 0 removed, symbols: 52609 processed, 44 removed
[2022-10-19T17:40:41.542+0000][gc            ] GC(2) Pause Remark 8M->8M(1024M) 2.647ms
[2022-10-19T17:40:41.542+0000][gc,cpu        ] GC(2) User=0.01s Sys=0.00s Real=0.00s
[2022-10-19T17:40:41.543+0000][gc,marking    ] GC(2) Concurrent Rebuild Remembered Sets
[2022-10-19T17:40:41.549+0000][gc,marking    ] GC(2) Concurrent Rebuild Remembered Sets 6.084ms
[2022-10-19T17:40:41.549+0000][gc,start      ] GC(2) Pause Cleanup
[2022-10-19T17:40:41.549+0000][gc            ] GC(2) Pause Cleanup 9M->9M(1024M) 0.207ms
[2022-10-19T17:40:41.549+0000][gc,cpu        ] GC(2) User=0.00s Sys=0.00s Real=0.00s
[2022-10-19T17:40:41.549+0000][gc,marking    ] GC(2) Concurrent Cleanup for Next Mark
[2022-10-19T17:40:41.571+0000][gc,marking    ] GC(2) Concurrent Cleanup for Next Mark 21.942ms
[2022-10-19T17:40:41.571+0000][gc            ] GC(2) Concurrent Cycle 45.959ms
[2022-10-19T17:40:42.352+0000][gc,start      ] GC(3) Pause Young (Normal) (G1 Evacuation Pause)
[2022-10-19T17:40:42.352+0000][gc,task       ] GC(3) Using 4 workers of 4 for evacuation
[2022-10-19T17:40:42.362+0000][gc,phases     ] GC(3)   Pre Evacuate Collection Set: 0.0ms
[2022-10-19T17:40:42.362+0000][gc,phases     ] GC(3)   Evacuate Collection Set: 8.9ms
[2022-10-19T17:40:42.362+0000][gc,phases     ] GC(3)   Post Evacuate Collection Set: 0.5ms
[2022-10-19T17:40:42.362+0000][gc,phases     ] GC(3)   Other: 0.2ms
[2022-10-19T17:40:42.362+0000][gc,heap       ] GC(3) Eden regions: 49->0(46)
[2022-10-19T17:40:42.362+0000][gc,heap       ] GC(3) Survivor regions: 2->5(7)
[2022-10-19T17:40:42.362+0000][gc,heap       ] GC(3) Old regions: 9->9
[2022-10-19T17:40:42.362+0000][gc,heap       ] GC(3) Humongous regions: 129->129
[2022-10-19T17:40:42.362+0000][gc,metaspace  ] GC(3) Metaspace: 28728K->28728K(1075200K)
[2022-10-19T17:40:42.362+0000][gc            ] GC(3) Pause Young (Normal) (G1 Evacuation Pause) 186M->140M(1024M) 9.672ms
[2022-10-19T17:40:42.362+0000][gc,cpu        ] GC(3) User=0.03s Sys=0.00s Real=0.01s
[2022-10-19T17:40:42.816+0000][gc,start      ] GC(4) Pause Young (Concurrent Start) (Metadata GC Threshold)
[2022-10-19T17:40:42.816+0000][gc,task       ] GC(4) Using 4 workers of 4 for evacuation
[2022-10-19T17:40:42.833+0000][gc,phases     ] GC(4)   Pre Evacuate Collection Set: 0.1ms
[2022-10-19T17:40:42.833+0000][gc,phases     ] GC(4)   Evacuate Collection Set: 16.7ms
[2022-10-19T17:40:42.833+0000][gc,phases     ] GC(4)   Post Evacuate Collection Set: 0.6ms
[2022-10-19T17:40:42.833+0000][gc,phases     ] GC(4)   Other: 0.3ms
[2022-10-19T17:40:42.833+0000][gc,heap       ] GC(4) Eden regions: 31->0(49)
[2022-10-19T17:40:42.833+0000][gc,heap       ] GC(4) Survivor regions: 5->2(7)
[2022-10-19T17:40:42.833+0000][gc,heap       ] GC(4) Old regions: 9->13
[2022-10-19T17:40:42.833+0000][gc,heap       ] GC(4) Humongous regions: 129->129
[2022-10-19T17:40:42.833+0000][gc,metaspace  ] GC(4) Metaspace: 34398K->34398K(1081344K)
[2022-10-19T17:40:42.834+0000][gc            ] GC(4) Pause Young (Concurrent Start) (Metadata GC Threshold) 171M->142M(1024M) 17.868ms
[2022-10-19T17:40:42.834+0000][gc,cpu        ] GC(4) User=0.05s Sys=0.00s Real=0.01s
[2022-10-19T17:40:42.834+0000][gc            ] GC(5) Concurrent Cycle
[2022-10-19T17:40:42.834+0000][gc,marking    ] GC(5) Concurrent Clear Claimed Marks
[2022-10-19T17:40:42.834+0000][gc,marking    ] GC(5) Concurrent Clear Claimed Marks 0.121ms
[2022-10-19T17:40:42.834+0000][gc,marking    ] GC(5) Concurrent Scan Root Regions
[2022-10-19T17:40:42.836+0000][gc,marking    ] GC(5) Concurrent Scan Root Regions 1.806ms
[2022-10-19T17:40:42.836+0000][gc,marking    ] GC(5) Concurrent Mark (2.990s)
[2022-10-19T17:40:42.836+0000][gc,marking    ] GC(5) Concurrent Mark From Roots
[2022-10-19T17:40:42.836+0000][gc,task       ] GC(5) Using 1 workers of 1 for marking
[2022-10-19T17:40:42.880+0000][gc,marking    ] GC(5) Concurrent Mark From Roots 44.450ms
[2022-10-19T17:40:42.880+0000][gc,marking    ] GC(5) Concurrent Preclean
[2022-10-19T17:40:42.880+0000][gc,marking    ] GC(5) Concurrent Preclean 0.121ms
[2022-10-19T17:40:42.880+0000][gc,marking    ] GC(5) Concurrent Mark (2.990s, 3.034s) 44.638ms
[2022-10-19T17:40:42.880+0000][gc,start      ] GC(5) Pause Remark
[2022-10-19T17:40:42.884+0000][gc,stringtable] GC(5) Cleaned string and symbol table, strings: 10356 processed, 10 removed, symbols: 84072 processed, 14 removed
[2022-10-19T17:40:42.884+0000][gc            ] GC(5) Pause Remark 144M->144M(1024M) 4.122ms
[2022-10-19T17:40:42.884+0000][gc,cpu        ] GC(5) User=0.01s Sys=0.00s Real=0.00s
[2022-10-19T17:40:42.885+0000][gc,marking    ] GC(5) Concurrent Rebuild Remembered Sets
[2022-10-19T17:40:42.898+0000][gc,marking    ] GC(5) Concurrent Rebuild Remembered Sets 13.652ms
[2022-10-19T17:40:42.906+0000][gc,start      ] GC(5) Pause Cleanup
[2022-10-19T17:40:42.906+0000][gc            ] GC(5) Pause Cleanup 145M->145M(1024M) 0.256ms
[2022-10-19T17:40:42.906+0000][gc,cpu        ] GC(5) User=0.00s Sys=0.00s Real=0.00s
[2022-10-19T17:40:42.906+0000][gc,marking    ] GC(5) Concurrent Cleanup for Next Mark
[2022-10-19T17:40:42.923+0000][gc,marking    ] GC(5) Concurrent Cleanup for Next Mark 17.025ms
[2022-10-19T17:40:42.923+0000][gc            ] GC(5) Concurrent Cycle 89.471ms
[2022-10-19T18:23:19.037+0000][gc,start      ] GC(6) Pause Young (Concurrent Start) (G1 Evacuation Pause)
[2022-10-19T18:23:19.037+0000][gc,task       ] GC(6) Using 4 workers of 4 for evacuation
[2022-10-19T18:23:19.050+0000][gc,phases     ] GC(6)   Pre Evacuate Collection Set: 0.2ms
[2022-10-19T18:23:19.050+0000][gc,phases     ] GC(6)   Evacuate Collection Set: 11.5ms
[2022-10-19T18:23:19.050+0000][gc,phases     ] GC(6)   Post Evacuate Collection Set: 0.8ms
[2022-10-19T18:23:19.050+0000][gc,phases     ] GC(6)   Other: 0.3ms
[2022-10-19T18:23:19.050+0000][gc,heap       ] GC(6) Eden regions: 49->0(47)
[2022-10-19T18:23:19.050+0000][gc,heap       ] GC(6) Survivor regions: 2->4(7)
[2022-10-19T18:23:19.050+0000][gc,heap       ] GC(6) Old regions: 13->13
[2022-10-19T18:23:19.050+0000][gc,heap       ] GC(6) Humongous regions: 129->129
[2022-10-19T18:23:19.050+0000][gc,metaspace  ] GC(6) Metaspace: 39936K->39936K(1085440K)
[2022-10-19T18:23:19.050+0000][gc            ] GC(6) Pause Young (Concurrent Start) (G1 Evacuation Pause) 191M->143M(1024M) 12.928ms
[2022-10-19T18:23:19.050+0000][gc,cpu        ] GC(6) User=0.02s Sys=0.00s Real=0.01s
[2022-10-19T18:23:19.050+0000][gc            ] GC(7) Concurrent Cycle
[2022-10-19T18:23:19.050+0000][gc,marking    ] GC(7) Concurrent Clear Claimed Marks
[2022-10-19T18:23:19.051+0000][gc,marking    ] GC(7) Concurrent Clear Claimed Marks 0.151ms
[2022-10-19T18:23:19.051+0000][gc,marking    ] GC(7) Concurrent Scan Root Regions
[2022-10-19T18:23:19.055+0000][gc,marking    ] GC(7) Concurrent Scan Root Regions 4.629ms
[2022-10-19T18:23:19.055+0000][gc,marking    ] GC(7) Concurrent Mark (2559.209s)
[2022-10-19T18:23:19.055+0000][gc,marking    ] GC(7) Concurrent Mark From Roots
[2022-10-19T18:23:19.055+0000][gc,task       ] GC(7) Using 1 workers of 1 for marking
[2022-10-19T18:23:19.082+0000][gc,marking    ] GC(7) Concurrent Mark From Roots 27.057ms
[2022-10-19T18:23:19.082+0000][gc,marking    ] GC(7) Concurrent Preclean
[2022-10-19T18:23:19.083+0000][gc,marking    ] GC(7) Concurrent Preclean 0.295ms
[2022-10-19T18:23:19.083+0000][gc,marking    ] GC(7) Concurrent Mark (2559.209s, 2559.237s) 28.119ms
[2022-10-19T18:23:19.084+0000][gc,start      ] GC(7) Pause Remark
[2022-10-19T18:23:19.094+0000][gc,stringtable] GC(7) Cleaned string and symbol table, strings: 11262 processed, 286 removed, symbols: 89897 processed, 7 removed
[2022-10-19T18:23:19.094+0000][gc            ] GC(7) Pause Remark 144M->144M(1024M) 10.738ms
[2022-10-19T18:23:19.094+0000][gc,cpu        ] GC(7) User=0.02s Sys=0.00s Real=0.02s
[2022-10-19T18:23:19.094+0000][gc,marking    ] GC(7) Concurrent Rebuild Remembered Sets
[2022-10-19T18:23:19.108+0000][gc,marking    ] GC(7) Concurrent Rebuild Remembered Sets 13.437ms
[2022-10-19T18:23:19.108+0000][gc,start      ] GC(7) Pause Cleanup
[2022-10-19T18:23:19.108+0000][gc            ] GC(7) Pause Cleanup 144M->144M(1024M) 0.207ms
[2022-10-19T18:23:19.108+0000][gc,cpu        ] GC(7) User=0.00s Sys=0.00s Real=0.00s
[2022-10-19T18:23:19.108+0000][gc,marking    ] GC(7) Concurrent Cleanup for Next Mark
[2022-10-19T18:23:19.111+0000][gc,marking    ] GC(7) Concurrent Cleanup for Next Mark 3.156ms
[2022-10-19T18:23:19.112+0000][gc            ] GC(7) Concurrent Cycle 61.153ms
[2022-10-19T18:54:59.141+0000][gc,start      ] GC(8) Pause Young (Normal) (G1 Evacuation Pause)
[2022-10-19T18:54:59.141+0000][gc,task       ] GC(8) Using 4 workers of 4 for evacuation
[2022-10-19T18:54:59.151+0000][gc,phases     ] GC(8)   Pre Evacuate Collection Set: 0.0ms
[2022-10-19T18:54:59.151+0000][gc,phases     ] GC(8)   Evacuate Collection Set: 8.5ms
[2022-10-19T18:54:59.151+0000][gc,phases     ] GC(8)   Post Evacuate Collection Set: 1.0ms
[2022-10-19T18:54:59.151+0000][gc,phases     ] GC(8)   Other: 0.3ms
[2022-10-19T18:54:59.151+0000][gc,heap       ] GC(8) Eden regions: 47->0(46)
[2022-10-19T18:54:59.151+0000][gc,heap       ] GC(8) Survivor regions: 4->5(7)
[2022-10-19T18:54:59.151+0000][gc,heap       ] GC(8) Old regions: 13->13
[2022-10-19T18:54:59.151+0000][gc,heap       ] GC(8) Humongous regions: 129->129
[2022-10-19T18:54:59.151+0000][gc,metaspace  ] GC(8) Metaspace: 42693K->42693K(1087488K)
[2022-10-19T18:54:59.151+0000][gc            ] GC(8) Pause Young (Normal) (G1 Evacuation Pause) 190M->144M(1024M) 10.024ms
[2022-10-19T18:54:59.151+0000][gc,cpu        ] GC(8) User=0.02s Sys=0.01s Real=0.01s
[2022-10-19T19:40:44.141+0000][gc,start      ] GC(9) Pause Young (Normal) (G1 Evacuation Pause)
[2022-10-19T19:40:44.141+0000][gc,task       ] GC(9) Using 4 workers of 4 for evacuation
[2022-10-19T19:40:44.150+0000][gc,phases     ] GC(9)   Pre Evacuate Collection Set: 0.0ms
[2022-10-19T19:40:44.150+0000][gc,phases     ] GC(9)   Evacuate Collection Set: 7.6ms
[2022-10-19T19:40:44.150+0000][gc,phases     ] GC(9)   Post Evacuate Collection Set: 1.0ms
[2022-10-19T19:40:44.150+0000][gc,phases     ] GC(9)   Other: 0.3ms
[2022-10-19T19:40:44.150+0000][gc,heap       ] GC(9) Eden regions: 46->0(47)
[2022-10-19T19:40:44.150+0000][gc,heap       ] GC(9) Survivor regions: 5->4(7)
[2022-10-19T19:40:44.150+0000][gc,heap       ] GC(9) Old regions: 13->15
[2022-10-19T19:40:44.150+0000][gc,heap       ] GC(9) Humongous regions: 129->129
[2022-10-19T19:40:44.150+0000][gc,metaspace  ] GC(9) Metaspace: 42942K->42942K(1087488K)
[2022-10-19T19:40:44.150+0000][gc            ] GC(9) Pause Young (Normal) (G1 Evacuation Pause) 190M->145M(1024M) 9.079ms
[2022-10-19T19:40:44.150+0000][gc,cpu        ] GC(9) User=0.02s Sys=0.01s Real=0.01s
[2022-10-19T19:41:34.352+0000][gc,heap,exit  ] Heap
[2022-10-19T19:41:34.352+0000][gc,heap,exit  ]  garbage-first heap   total 1048576K, used 166121K [0x00000000c0000000, 0x0000000100000000)
[2022-10-19T19:41:34.352+0000][gc,heap,exit  ]   region size 1024K, 22 young (22528K), 4 survivors (4096K)
[2022-10-19T19:41:34.352+0000][gc,heap,exit  ]  Metaspace       used 44177K, capacity 46978K, committed 47104K, reserved 1089536K
[2022-10-19T19:41:34.352+0000][gc,heap,exit  ]   class space    used 5901K, capacity 7322K, committed 7424K, reserved 1048576K
