[2022-10-19T17:33:23.519+0000][gc,heap] Heap region size: 1M
[2022-10-19T17:33:23.540+0000][gc     ] Using G1
[2022-10-19T17:33:23.541+0000][gc,heap,coops] Heap address: 0x00000000c0000000, size: 1024 MB, Compressed Oops mode: 32-bit
[2022-10-19T17:33:23.541+0000][gc,cds       ] Mark closed archive regions in map: [0x00000000fff00000, 0x00000000fff6aff8]
[2022-10-19T17:33:23.541+0000][gc,cds       ] Mark open archive regions in map: [0x00000000ffe00000, 0x00000000ffe47ff8]
[2022-10-19T17:33:24.915+0000][gc,start     ] GC(0) Pause Young (Normal) (G1 Evacuation Pause)
[2022-10-19T17:33:24.916+0000][gc,task      ] GC(0) Using 4 workers of 4 for evacuation
[2022-10-19T17:33:24.936+0000][gc,phases    ] GC(0)   Pre Evacuate Collection Set: 0.0ms
[2022-10-19T17:33:24.936+0000][gc,phases    ] GC(0)   Evacuate Collection Set: 19.2ms
[2022-10-19T17:33:24.936+0000][gc,phases    ] GC(0)   Post Evacuate Collection Set: 0.6ms
[2022-10-19T17:33:24.936+0000][gc,phases    ] GC(0)   Other: 0.5ms
[2022-10-19T17:33:24.936+0000][gc,heap      ] GC(0) Eden regions: 51->0(44)
[2022-10-19T17:33:24.936+0000][gc,heap      ] GC(0) Survivor regions: 0->7(7)
[2022-10-19T17:33:24.936+0000][gc,heap      ] GC(0) Old regions: 2->2
[2022-10-19T17:33:24.936+0000][gc,heap      ] GC(0) Humongous regions: 0->0
[2022-10-19T17:33:24.936+0000][gc,metaspace ] GC(0) Metaspace: 14123K->14123K(1062912K)
[2022-10-19T17:33:24.936+0000][gc           ] GC(0) Pause Young (Normal) (G1 Evacuation Pause) 51M->7M(1024M) 20.540ms
[2022-10-19T17:33:24.936+0000][gc,cpu       ] GC(0) User=0.05s Sys=0.00s Real=0.02s
[2022-10-19T17:33:25.388+0000][gc,heap,exit ] Heap
[2022-10-19T17:33:25.388+0000][gc,heap,exit ]  garbage-first heap   total 1048576K, used 30900K [0x00000000c0000000, 0x0000000100000000)
[2022-10-19T17:33:25.388+0000][gc,heap,exit ]   region size 1024K, 31 young (31744K), 7 survivors (7168K)
[2022-10-19T17:33:25.388+0000][gc,heap,exit ]  Metaspace       used 19509K, capacity 20041K, committed 20352K, reserved 1067008K
[2022-10-19T17:33:25.388+0000][gc,heap,exit ]   class space    used 2374K, capacity 2624K, committed 2688K, reserved 1048576K
