[2022-10-19T17:41:09.677+0000][gc,heap] Heap region size: 1M
[2022-10-19T17:41:09.691+0000][gc     ] Using G1
[2022-10-19T17:41:09.691+0000][gc,heap,coops] Heap address: 0x00000000c0000000, size: 1024 MB, Compressed Oops mode: 32-bit
[2022-10-19T17:41:09.691+0000][gc,cds       ] Mark closed archive regions in map: [0x00000000fff00000, 0x00000000fff6aff8]
[2022-10-19T17:41:09.691+0000][gc,cds       ] Mark open archive regions in map: [0x00000000ffe00000, 0x00000000ffe47ff8]
[2022-10-19T17:41:10.773+0000][gc,start     ] GC(0) Pause Young (Normal) (G1 Evacuation Pause)
[2022-10-19T17:41:10.778+0000][gc,task      ] GC(0) Using 4 workers of 4 for evacuation
[2022-10-19T17:41:10.789+0000][gc,phases    ] GC(0)   Pre Evacuate Collection Set: 0.0ms
[2022-10-19T17:41:10.789+0000][gc,phases    ] GC(0)   Evacuate Collection Set: 10.0ms
[2022-10-19T17:41:10.789+0000][gc,phases    ] GC(0)   Post Evacuate Collection Set: 0.6ms
[2022-10-19T17:41:10.789+0000][gc,phases    ] GC(0)   Other: 5.3ms
[2022-10-19T17:41:10.789+0000][gc,heap      ] GC(0) Eden regions: 51->0(44)
[2022-10-19T17:41:10.789+0000][gc,heap      ] GC(0) Survivor regions: 0->7(7)
[2022-10-19T17:41:10.789+0000][gc,heap      ] GC(0) Old regions: 2->2
[2022-10-19T17:41:10.789+0000][gc,heap      ] GC(0) Humongous regions: 0->0
[2022-10-19T17:41:10.789+0000][gc,metaspace ] GC(0) Metaspace: 14150K->14150K(1062912K)
[2022-10-19T17:41:10.789+0000][gc           ] GC(0) Pause Young (Normal) (G1 Evacuation Pause) 51M->7M(1024M) 15.931ms
[2022-10-19T17:41:10.789+0000][gc,cpu       ] GC(0) User=0.03s Sys=0.00s Real=0.02s
[2022-10-19T17:41:11.194+0000][gc,start     ] GC(1) Pause Young (Concurrent Start) (Metadata GC Threshold)
[2022-10-19T17:41:11.194+0000][gc,task      ] GC(1) Using 4 workers of 4 for evacuation
[2022-10-19T17:41:11.211+0000][gc,phases    ] GC(1)   Pre Evacuate Collection Set: 0.1ms
[2022-10-19T17:41:11.211+0000][gc,phases    ] GC(1)   Evacuate Collection Set: 16.4ms
[2022-10-19T17:41:11.211+0000][gc,phases    ] GC(1)   Post Evacuate Collection Set: 0.5ms
[2022-10-19T17:41:11.211+0000][gc,phases    ] GC(1)   Other: 0.3ms
[2022-10-19T17:41:11.211+0000][gc,heap      ] GC(1) Eden regions: 30->0(49)
[2022-10-19T17:41:11.211+0000][gc,heap      ] GC(1) Survivor regions: 7->2(7)
[2022-10-19T17:41:11.211+0000][gc,heap      ] GC(1) Old regions: 2->9
[2022-10-19T17:41:11.211+0000][gc,heap      ] GC(1) Humongous regions: 0->0
[2022-10-19T17:41:11.211+0000][gc,metaspace ] GC(1) Metaspace: 20579K->20579K(1067008K)
[2022-10-19T17:41:11.211+0000][gc           ] GC(1) Pause Young (Concurrent Start) (Metadata GC Threshold) 36M->8M(1024M) 17.414ms
[2022-10-19T17:41:11.211+0000][gc,cpu       ] GC(1) User=0.06s Sys=0.00s Real=0.02s
[2022-10-19T17:41:11.211+0000][gc           ] GC(2) Concurrent Cycle
[2022-10-19T17:41:11.211+0000][gc,marking   ] GC(2) Concurrent Clear Claimed Marks
[2022-10-19T17:41:11.211+0000][gc,marking   ] GC(2) Concurrent Clear Claimed Marks 0.047ms
[2022-10-19T17:41:11.211+0000][gc,marking   ] GC(2) Concurrent Scan Root Regions
[2022-10-19T17:41:11.213+0000][gc,marking   ] GC(2) Concurrent Scan Root Regions 1.408ms
[2022-10-19T17:41:11.213+0000][gc,marking   ] GC(2) Concurrent Mark (1.540s)
[2022-10-19T17:41:11.213+0000][gc,marking   ] GC(2) Concurrent Mark From Roots
[2022-10-19T17:41:11.213+0000][gc,task      ] GC(2) Using 1 workers of 1 for marking
[2022-10-19T17:41:11.227+0000][gc,marking   ] GC(2) Concurrent Mark From Roots 13.579ms
[2022-10-19T17:41:11.227+0000][gc,marking   ] GC(2) Concurrent Preclean
[2022-10-19T17:41:11.227+0000][gc,marking   ] GC(2) Concurrent Preclean 0.139ms
[2022-10-19T17:41:11.227+0000][gc,marking   ] GC(2) Concurrent Mark (1.540s, 1.553s) 13.784ms
[2022-10-19T17:41:11.227+0000][gc,start     ] GC(2) Pause Remark
[2022-10-19T17:41:11.230+0000][gc,stringtable] GC(2) Cleaned string and symbol table, strings: 5125 processed, 0 removed, symbols: 52244 processed, 42 removed
[2022-10-19T17:41:11.230+0000][gc            ] GC(2) Pause Remark 8M->8M(1024M) 2.980ms
[2022-10-19T17:41:11.230+0000][gc,cpu        ] GC(2) User=0.01s Sys=0.00s Real=0.00s
[2022-10-19T17:41:11.230+0000][gc,marking    ] GC(2) Concurrent Rebuild Remembered Sets
[2022-10-19T17:41:11.236+0000][gc,marking    ] GC(2) Concurrent Rebuild Remembered Sets 6.191ms
[2022-10-19T17:41:11.236+0000][gc,start      ] GC(2) Pause Cleanup
[2022-10-19T17:41:11.237+0000][gc            ] GC(2) Pause Cleanup 9M->9M(1024M) 0.289ms
[2022-10-19T17:41:11.237+0000][gc,cpu        ] GC(2) User=0.00s Sys=0.00s Real=0.00s
[2022-10-19T17:41:11.237+0000][gc,marking    ] GC(2) Concurrent Cleanup for Next Mark
[2022-10-19T17:41:11.249+0000][gc,marking    ] GC(2) Concurrent Cleanup for Next Mark 12.091ms
[2022-10-19T17:41:11.249+0000][gc            ] GC(2) Concurrent Cycle 37.435ms
[2022-10-19T17:41:11.955+0000][gc,start      ] GC(3) Pause Young (Normal) (G1 Evacuation Pause)
[2022-10-19T17:41:11.955+0000][gc,task       ] GC(3) Using 4 workers of 4 for evacuation
[2022-10-19T17:41:11.963+0000][gc,phases     ] GC(3)   Pre Evacuate Collection Set: 0.0ms
[2022-10-19T17:41:11.963+0000][gc,phases     ] GC(3)   Evacuate Collection Set: 7.2ms
[2022-10-19T17:41:11.963+0000][gc,phases     ] GC(3)   Post Evacuate Collection Set: 0.5ms
[2022-10-19T17:41:11.963+0000][gc,phases     ] GC(3)   Other: 0.2ms
[2022-10-19T17:41:11.963+0000][gc,heap       ] GC(3) Eden regions: 49->0(46)
[2022-10-19T17:41:11.963+0000][gc,heap       ] GC(3) Survivor regions: 2->5(7)
[2022-10-19T17:41:11.963+0000][gc,heap       ] GC(3) Old regions: 9->9
[2022-10-19T17:41:11.963+0000][gc,heap       ] GC(3) Humongous regions: 129->129
[2022-10-19T17:41:11.963+0000][gc,metaspace  ] GC(3) Metaspace: 28748K->28748K(1075200K)
[2022-10-19T17:41:11.963+0000][gc            ] GC(3) Pause Young (Normal) (G1 Evacuation Pause) 186M->140M(1024M) 8.195ms
[2022-10-19T17:41:11.963+0000][gc,cpu        ] GC(3) User=0.03s Sys=0.00s Real=0.00s
[2022-10-19T17:41:12.482+0000][gc,start      ] GC(4) Pause Young (Concurrent Start) (Metadata GC Threshold)
[2022-10-19T17:41:12.482+0000][gc,task       ] GC(4) Using 4 workers of 4 for evacuation
[2022-10-19T17:41:12.495+0000][gc,phases     ] GC(4)   Pre Evacuate Collection Set: 0.1ms
[2022-10-19T17:41:12.495+0000][gc,phases     ] GC(4)   Evacuate Collection Set: 12.6ms
[2022-10-19T17:41:12.495+0000][gc,phases     ] GC(4)   Post Evacuate Collection Set: 0.5ms
[2022-10-19T17:41:12.495+0000][gc,phases     ] GC(4)   Other: 0.3ms
[2022-10-19T17:41:12.495+0000][gc,heap       ] GC(4) Eden regions: 34->0(49)
[2022-10-19T17:41:12.495+0000][gc,heap       ] GC(4) Survivor regions: 5->2(7)
[2022-10-19T17:41:12.495+0000][gc,heap       ] GC(4) Old regions: 9->13
[2022-10-19T17:41:12.495+0000][gc,heap       ] GC(4) Humongous regions: 129->129
[2022-10-19T17:41:12.495+0000][gc,metaspace  ] GC(4) Metaspace: 34566K->34566K(1081344K)
[2022-10-19T17:41:12.495+0000][gc            ] GC(4) Pause Young (Concurrent Start) (Metadata GC Threshold) 174M->142M(1024M) 13.612ms
[2022-10-19T17:41:12.495+0000][gc,cpu        ] GC(4) User=0.03s Sys=0.00s Real=0.02s
[2022-10-19T17:41:12.495+0000][gc            ] GC(5) Concurrent Cycle
[2022-10-19T17:41:12.495+0000][gc,marking    ] GC(5) Concurrent Clear Claimed Marks
[2022-10-19T17:41:12.495+0000][gc,marking    ] GC(5) Concurrent Clear Claimed Marks 0.101ms
[2022-10-19T17:41:12.496+0000][gc,marking    ] GC(5) Concurrent Scan Root Regions
[2022-10-19T17:41:12.497+0000][gc,marking    ] GC(5) Concurrent Scan Root Regions 1.927ms
[2022-10-19T17:41:12.497+0000][gc,marking    ] GC(5) Concurrent Mark (2.824s)
[2022-10-19T17:41:12.497+0000][gc,marking    ] GC(5) Concurrent Mark From Roots
[2022-10-19T17:41:12.497+0000][gc,task       ] GC(5) Using 1 workers of 1 for marking
[2022-10-19T17:41:12.517+0000][gc,marking    ] GC(5) Concurrent Mark From Roots 19.351ms
[2022-10-19T17:41:12.517+0000][gc,marking    ] GC(5) Concurrent Preclean
[2022-10-19T17:41:12.517+0000][gc,marking    ] GC(5) Concurrent Preclean 0.090ms
[2022-10-19T17:41:12.517+0000][gc,marking    ] GC(5) Concurrent Mark (2.824s, 2.844s) 19.513ms
[2022-10-19T17:41:12.517+0000][gc,start      ] GC(5) Pause Remark
[2022-10-19T17:41:12.521+0000][gc,stringtable] GC(5) Cleaned string and symbol table, strings: 10361 processed, 12 removed, symbols: 84197 processed, 15 removed
[2022-10-19T17:41:12.521+0000][gc            ] GC(5) Pause Remark 142M->142M(1024M) 4.252ms
[2022-10-19T17:41:12.521+0000][gc,cpu        ] GC(5) User=0.01s Sys=0.00s Real=0.00s
[2022-10-19T17:41:12.521+0000][gc,marking    ] GC(5) Concurrent Rebuild Remembered Sets
[2022-10-19T17:41:12.532+0000][gc,marking    ] GC(5) Concurrent Rebuild Remembered Sets 10.356ms
[2022-10-19T17:41:12.532+0000][gc,start      ] GC(5) Pause Cleanup
[2022-10-19T17:41:12.532+0000][gc            ] GC(5) Pause Cleanup 142M->142M(1024M) 0.283ms
[2022-10-19T17:41:12.532+0000][gc,cpu        ] GC(5) User=0.00s Sys=0.00s Real=0.00s
[2022-10-19T17:41:12.532+0000][gc,marking    ] GC(5) Concurrent Cleanup for Next Mark
[2022-10-19T17:41:12.543+0000][gc,marking    ] GC(5) Concurrent Cleanup for Next Mark 11.053ms
[2022-10-19T17:41:12.544+0000][gc            ] GC(5) Concurrent Cycle 48.158ms
[2022-10-19T18:39:34.038+0000][gc,start      ] GC(6) Pause Young (Normal) (G1 Evacuation Pause)
[2022-10-19T18:39:34.038+0000][gc,task       ] GC(6) Using 4 workers of 4 for evacuation
[2022-10-19T18:39:34.043+0000][gc,phases     ] GC(6)   Pre Evacuate Collection Set: 0.0ms
[2022-10-19T18:39:34.043+0000][gc,phases     ] GC(6)   Evacuate Collection Set: 4.3ms
[2022-10-19T18:39:34.043+0000][gc,phases     ] GC(6)   Post Evacuate Collection Set: 0.6ms
[2022-10-19T18:39:34.043+0000][gc,phases     ] GC(6)   Other: 0.2ms
[2022-10-19T18:39:34.043+0000][gc,heap       ] GC(6) Eden regions: 49->0(48)
[2022-10-19T18:39:34.043+0000][gc,heap       ] GC(6) Survivor regions: 2->3(7)
[2022-10-19T18:39:34.043+0000][gc,heap       ] GC(6) Old regions: 13->13
[2022-10-19T18:39:34.043+0000][gc,heap       ] GC(6) Humongous regions: 129->129
[2022-10-19T18:39:34.043+0000][gc,metaspace  ] GC(6) Metaspace: 38188K->38188K(1083392K)
[2022-10-19T18:39:34.043+0000][gc            ] GC(6) Pause Young (Normal) (G1 Evacuation Pause) 191M->143M(1024M) 5.157ms
[2022-10-19T18:39:34.043+0000][gc,cpu        ] GC(6) User=0.02s Sys=0.00s Real=0.00s
[2022-10-19T19:14:30.831+0000][gc,start      ] GC(7) Pause Young (Normal) (G1 Evacuation Pause)
[2022-10-19T19:14:30.831+0000][gc,task       ] GC(7) Using 4 workers of 4 for evacuation
[2022-10-19T19:14:30.838+0000][gc,phases     ] GC(7)   Pre Evacuate Collection Set: 0.0ms
[2022-10-19T19:14:30.839+0000][gc,phases     ] GC(7)   Evacuate Collection Set: 6.4ms
[2022-10-19T19:14:30.839+0000][gc,phases     ] GC(7)   Post Evacuate Collection Set: 1.0ms
[2022-10-19T19:14:30.839+0000][gc,phases     ] GC(7)   Other: 0.2ms
[2022-10-19T19:14:30.839+0000][gc,heap       ] GC(7) Eden regions: 48->0(46)
[2022-10-19T19:14:30.839+0000][gc,heap       ] GC(7) Survivor regions: 3->5(7)
[2022-10-19T19:14:30.839+0000][gc,heap       ] GC(7) Old regions: 13->13
[2022-10-19T19:14:30.839+0000][gc,heap       ] GC(7) Humongous regions: 129->129
[2022-10-19T19:14:30.839+0000][gc,metaspace  ] GC(7) Metaspace: 40281K->40281K(1085440K)
[2022-10-19T19:14:30.839+0000][gc            ] GC(7) Pause Young (Normal) (G1 Evacuation Pause) 191M->144M(1024M) 7.734ms
[2022-10-19T19:14:30.839+0000][gc,cpu        ] GC(7) User=0.02s Sys=0.00s Real=0.01s
[2022-10-19T19:23:08.362+0000][gc,start      ] GC(8) Pause Young (Normal) (G1 Evacuation Pause)
[2022-10-19T19:23:08.362+0000][gc,task       ] GC(8) Using 4 workers of 4 for evacuation
[2022-10-19T19:23:08.379+0000][gc,phases     ] GC(8)   Pre Evacuate Collection Set: 0.0ms
[2022-10-19T19:23:08.379+0000][gc,phases     ] GC(8)   Evacuate Collection Set: 12.2ms
[2022-10-19T19:23:08.379+0000][gc,phases     ] GC(8)   Post Evacuate Collection Set: 4.1ms
[2022-10-19T19:23:08.379+0000][gc,phases     ] GC(8)   Other: 0.2ms
[2022-10-19T19:23:08.379+0000][gc,heap       ] GC(8) Eden regions: 46->0(47)
[2022-10-19T19:23:08.379+0000][gc,heap       ] GC(8) Survivor regions: 5->4(7)
[2022-10-19T19:23:08.379+0000][gc,heap       ] GC(8) Old regions: 13->15
[2022-10-19T19:23:08.379+0000][gc,heap       ] GC(8) Humongous regions: 129->129
[2022-10-19T19:23:08.379+0000][gc,metaspace  ] GC(8) Metaspace: 41315K->41315K(1087488K)
[2022-10-19T19:23:08.379+0000][gc            ] GC(8) Pause Young (Normal) (G1 Evacuation Pause) 190M->145M(1024M) 16.707ms
[2022-10-19T19:23:08.379+0000][gc,cpu        ] GC(8) User=0.04s Sys=0.01s Real=0.02s
[2022-10-19T19:34:06.586+0000][gc,start      ] GC(9) Pause Young (Normal) (G1 Evacuation Pause)
[2022-10-19T19:34:06.586+0000][gc,task       ] GC(9) Using 4 workers of 4 for evacuation
[2022-10-19T19:34:06.594+0000][gc,phases     ] GC(9)   Pre Evacuate Collection Set: 0.0ms
[2022-10-19T19:34:06.594+0000][gc,phases     ] GC(9)   Evacuate Collection Set: 6.1ms
[2022-10-19T19:34:06.594+0000][gc,phases     ] GC(9)   Post Evacuate Collection Set: 0.8ms
[2022-10-19T19:34:06.594+0000][gc,phases     ] GC(9)   Other: 0.2ms
[2022-10-19T19:34:06.594+0000][gc,heap       ] GC(9) Eden regions: 47->0(48)
[2022-10-19T19:34:06.594+0000][gc,heap       ] GC(9) Survivor regions: 4->3(7)
[2022-10-19T19:34:06.594+0000][gc,heap       ] GC(9) Old regions: 15->16
[2022-10-19T19:34:06.594+0000][gc,heap       ] GC(9) Humongous regions: 129->129
[2022-10-19T19:34:06.594+0000][gc,metaspace  ] GC(9) Metaspace: 41316K->41316K(1087488K)
[2022-10-19T19:34:06.594+0000][gc            ] GC(9) Pause Young (Normal) (G1 Evacuation Pause) 192M->145M(1024M) 7.248ms
[2022-10-19T19:34:06.594+0000][gc,cpu        ] GC(9) User=0.02s Sys=0.00s Real=0.00s
[2022-10-19T19:41:30.775+0000][gc,heap,exit  ] Heap
[2022-10-19T19:41:30.775+0000][gc,heap,exit  ]  garbage-first heap   total 1048576K, used 185682K [0x00000000c0000000, 0x0000000100000000)
[2022-10-19T19:41:30.775+0000][gc,heap,exit  ]   region size 1024K, 41 young (41984K), 3 survivors (3072K)
[2022-10-19T19:41:30.775+0000][gc,heap,exit  ]  Metaspace       used 42112K, capacity 44340K, committed 44416K, reserved 1087488K
[2022-10-19T19:41:30.775+0000][gc,heap,exit  ]   class space    used 5184K, capacity 6246K, committed 6272K, reserved 1048576K
