[2022-10-19T17:28:54.654+0000][gc,heap] Heap region size: 1M
[2022-10-19T17:28:54.666+0000][gc     ] Using G1
[2022-10-19T17:28:54.666+0000][gc,heap,coops] Heap address: 0x00000000c0000000, size: 1024 MB, Compressed Oops mode: 32-bit
[2022-10-19T17:28:54.667+0000][gc,cds       ] Mark closed archive regions in map: [0x00000000fff00000, 0x00000000fff6aff8]
[2022-10-19T17:28:54.667+0000][gc,cds       ] Mark open archive regions in map: [0x00000000ffe00000, 0x00000000ffe47ff8]
[2022-10-19T17:28:55.946+0000][gc,start     ] GC(0) Pause Young (Normal) (G1 Evacuation Pause)
[2022-10-19T17:28:55.947+0000][gc,task      ] GC(0) Using 4 workers of 4 for evacuation
[2022-10-19T17:28:55.961+0000][gc,phases    ] GC(0)   Pre Evacuate Collection Set: 0.1ms
[2022-10-19T17:28:55.962+0000][gc,phases    ] GC(0)   Evacuate Collection Set: 13.6ms
[2022-10-19T17:28:55.962+0000][gc,phases    ] GC(0)   Post Evacuate Collection Set: 0.6ms
[2022-10-19T17:28:55.962+0000][gc,phases    ] GC(0)   Other: 1.7ms
[2022-10-19T17:28:55.962+0000][gc,heap      ] GC(0) Eden regions: 51->0(44)
[2022-10-19T17:28:55.962+0000][gc,heap      ] GC(0) Survivor regions: 0->7(7)
[2022-10-19T17:28:55.962+0000][gc,heap      ] GC(0) Old regions: 2->2
[2022-10-19T17:28:55.962+0000][gc,heap      ] GC(0) Humongous regions: 0->0
[2022-10-19T17:28:55.962+0000][gc,metaspace ] GC(0) Metaspace: 14129K->14129K(1062912K)
[2022-10-19T17:28:55.962+0000][gc           ] GC(0) Pause Young (Normal) (G1 Evacuation Pause) 51M->7M(1024M) 16.044ms
[2022-10-19T17:28:55.962+0000][gc,cpu       ] GC(0) User=0.04s Sys=0.00s Real=0.02s
[2022-10-19T17:28:56.556+0000][gc,heap,exit ] Heap
[2022-10-19T17:28:56.556+0000][gc,heap,exit ]  garbage-first heap   total 1048576K, used 33036K [0x00000000c0000000, 0x0000000100000000)
[2022-10-19T17:28:56.556+0000][gc,heap,exit ]   region size 1024K, 33 young (33792K), 7 survivors (7168K)
[2022-10-19T17:28:56.556+0000][gc,heap,exit ]  Metaspace       used 19555K, capacity 20075K, committed 20352K, reserved 1067008K
[2022-10-19T17:28:56.556+0000][gc,heap,exit ]   class space    used 2387K, capacity 2612K, committed 2688K, reserved 1048576K
