[2022-10-20T16:51:15.159+0000][gc,heap] Heap region size: 1M
[2022-10-20T16:51:15.178+0000][gc     ] Using G1
[2022-10-20T16:51:15.178+0000][gc,heap,coops] Heap address: 0x00000000c0000000, size: 1024 MB, Compressed Oops mode: 32-bit
[2022-10-20T16:51:15.179+0000][gc,cds       ] Mark closed archive regions in map: [0x00000000fff00000, 0x00000000fff6aff8]
[2022-10-20T16:51:15.179+0000][gc,cds       ] Mark open archive regions in map: [0x00000000ffe00000, 0x00000000ffe47ff8]
[2022-10-20T16:51:16.466+0000][gc,start     ] GC(0) Pause Young (Normal) (G1 Evacuation Pause)
[2022-10-20T16:51:16.467+0000][gc,task      ] GC(0) Using 4 workers of 4 for evacuation
[2022-10-20T16:51:16.482+0000][gc,phases    ] GC(0)   Pre Evacuate Collection Set: 0.1ms
[2022-10-20T16:51:16.482+0000][gc,phases    ] GC(0)   Evacuate Collection Set: 14.3ms
[2022-10-20T16:51:16.483+0000][gc,phases    ] GC(0)   Post Evacuate Collection Set: 0.8ms
[2022-10-20T16:51:16.483+0000][gc,phases    ] GC(0)   Other: 0.9ms
[2022-10-20T16:51:16.483+0000][gc,heap      ] GC(0) Eden regions: 51->0(44)
[2022-10-20T16:51:16.483+0000][gc,heap      ] GC(0) Survivor regions: 0->7(7)
[2022-10-20T16:51:16.483+0000][gc,heap      ] GC(0) Old regions: 2->2
[2022-10-20T16:51:16.483+0000][gc,heap      ] GC(0) Humongous regions: 0->0
[2022-10-20T16:51:16.483+0000][gc,metaspace ] GC(0) Metaspace: 14198K->14198K(1062912K)
[2022-10-20T16:51:16.483+0000][gc           ] GC(0) Pause Young (Normal) (G1 Evacuation Pause) 51M->7M(1024M) 16.185ms
[2022-10-20T16:51:16.485+0000][gc,cpu       ] GC(0) User=0.05s Sys=0.01s Real=0.02s
[2022-10-20T16:51:17.053+0000][gc,start     ] GC(1) Pause Young (Concurrent Start) (Metadata GC Threshold)
[2022-10-20T16:51:17.054+0000][gc,task      ] GC(1) Using 4 workers of 4 for evacuation
[2022-10-20T16:51:17.075+0000][gc,mmu       ] GC(1) MMU target violated: 21.0ms (20.0ms/21.0ms)
[2022-10-20T16:51:17.075+0000][gc,phases    ] GC(1)   Pre Evacuate Collection Set: 0.1ms
[2022-10-20T16:51:17.075+0000][gc,phases    ] GC(1)   Evacuate Collection Set: 20.7ms
[2022-10-20T16:51:17.075+0000][gc,phases    ] GC(1)   Post Evacuate Collection Set: 0.8ms
[2022-10-20T16:51:17.075+0000][gc,phases    ] GC(1)   Other: 0.4ms
[2022-10-20T16:51:17.075+0000][gc,heap      ] GC(1) Eden regions: 30->0(49)
[2022-10-20T16:51:17.075+0000][gc,heap      ] GC(1) Survivor regions: 7->2(7)
[2022-10-20T16:51:17.075+0000][gc,heap      ] GC(1) Old regions: 2->9
[2022-10-20T16:51:17.075+0000][gc,heap      ] GC(1) Humongous regions: 0->0
[2022-10-20T16:51:17.075+0000][gc,metaspace ] GC(1) Metaspace: 20552K->20552K(1067008K)
[2022-10-20T16:51:17.075+0000][gc           ] GC(1) Pause Young (Concurrent Start) (Metadata GC Threshold) 36M->8M(1024M) 22.012ms
[2022-10-20T16:51:17.076+0000][gc,cpu       ] GC(1) User=0.06s Sys=0.01s Real=0.03s
[2022-10-20T16:51:17.076+0000][gc           ] GC(2) Concurrent Cycle
[2022-10-20T16:51:17.076+0000][gc,marking   ] GC(2) Concurrent Clear Claimed Marks
[2022-10-20T16:51:17.076+0000][gc,marking   ] GC(2) Concurrent Clear Claimed Marks 0.067ms
[2022-10-20T16:51:17.076+0000][gc,marking   ] GC(2) Concurrent Scan Root Regions
[2022-10-20T16:51:17.077+0000][gc,marking   ] GC(2) Concurrent Scan Root Regions 1.374ms
[2022-10-20T16:51:17.077+0000][gc,marking   ] GC(2) Concurrent Mark (1.927s)
[2022-10-20T16:51:17.077+0000][gc,marking   ] GC(2) Concurrent Mark From Roots
[2022-10-20T16:51:17.077+0000][gc,task      ] GC(2) Using 1 workers of 1 for marking
[2022-10-20T16:51:17.092+0000][gc,marking   ] GC(2) Concurrent Mark From Roots 14.446ms
[2022-10-20T16:51:17.092+0000][gc,marking   ] GC(2) Concurrent Preclean
[2022-10-20T16:51:17.092+0000][gc,marking   ] GC(2) Concurrent Preclean 0.145ms
[2022-10-20T16:51:17.092+0000][gc,marking   ] GC(2) Concurrent Mark (1.927s, 1.941s) 14.668ms
[2022-10-20T16:51:17.092+0000][gc,start     ] GC(2) Pause Remark
[2022-10-20T16:51:17.097+0000][gc,stringtable] GC(2) Cleaned string and symbol table, strings: 5123 processed, 0 removed, symbols: 52228 processed, 42 removed
[2022-10-20T16:51:17.098+0000][gc            ] GC(2) Pause Remark 8M->8M(1024M) 5.650ms
[2022-10-20T16:51:17.098+0000][gc,cpu        ] GC(2) User=0.01s Sys=0.00s Real=0.01s
[2022-10-20T16:51:17.098+0000][gc,marking    ] GC(2) Concurrent Rebuild Remembered Sets
[2022-10-20T16:51:17.105+0000][gc,marking    ] GC(2) Concurrent Rebuild Remembered Sets 6.798ms
[2022-10-20T16:51:17.106+0000][gc,start      ] GC(2) Pause Cleanup
[2022-10-20T16:51:17.106+0000][gc            ] GC(2) Pause Cleanup 8M->8M(1024M) 0.354ms
[2022-10-20T16:51:17.106+0000][gc,cpu        ] GC(2) User=0.00s Sys=0.00s Real=0.00s
[2022-10-20T16:51:17.106+0000][gc,marking    ] GC(2) Concurrent Cleanup for Next Mark
[2022-10-20T16:51:17.121+0000][gc,marking    ] GC(2) Concurrent Cleanup for Next Mark 14.396ms
[2022-10-20T16:51:17.121+0000][gc            ] GC(2) Concurrent Cycle 45.137ms
[2022-10-20T16:51:18.515+0000][gc,start      ] GC(3) Pause Young (Normal) (G1 Evacuation Pause)
[2022-10-20T16:51:18.515+0000][gc,task       ] GC(3) Using 4 workers of 4 for evacuation
[2022-10-20T16:51:18.528+0000][gc,phases     ] GC(3)   Pre Evacuate Collection Set: 0.1ms
[2022-10-20T16:51:18.528+0000][gc,phases     ] GC(3)   Evacuate Collection Set: 12.1ms
[2022-10-20T16:51:18.528+0000][gc,phases     ] GC(3)   Post Evacuate Collection Set: 0.6ms
[2022-10-20T16:51:18.528+0000][gc,phases     ] GC(3)   Other: 0.2ms
[2022-10-20T16:51:18.528+0000][gc,heap       ] GC(3) Eden regions: 49->0(47)
[2022-10-20T16:51:18.528+0000][gc,heap       ] GC(3) Survivor regions: 2->4(7)
[2022-10-20T16:51:18.528+0000][gc,heap       ] GC(3) Old regions: 9->9
[2022-10-20T16:51:18.528+0000][gc,heap       ] GC(3) Humongous regions: 129->129
[2022-10-20T16:51:18.528+0000][gc,metaspace  ] GC(3) Metaspace: 29430K->29430K(1075200K)
[2022-10-20T16:51:18.528+0000][gc            ] GC(3) Pause Young (Normal) (G1 Evacuation Pause) 186M->139M(1024M) 13.091ms
[2022-10-20T16:51:18.528+0000][gc,cpu        ] GC(3) User=0.03s Sys=0.00s Real=0.02s
[2022-10-20T16:51:19.454+0000][gc,start      ] GC(4) Pause Young (Concurrent Start) (Metadata GC Threshold)
[2022-10-20T16:51:19.454+0000][gc,task       ] GC(4) Using 4 workers of 4 for evacuation
[2022-10-20T16:51:19.464+0000][gc,phases     ] GC(4)   Pre Evacuate Collection Set: 0.1ms
[2022-10-20T16:51:19.464+0000][gc,phases     ] GC(4)   Evacuate Collection Set: 9.3ms
[2022-10-20T16:51:19.464+0000][gc,phases     ] GC(4)   Post Evacuate Collection Set: 0.6ms
[2022-10-20T16:51:19.464+0000][gc,phases     ] GC(4)   Other: 0.4ms
[2022-10-20T16:51:19.464+0000][gc,heap       ] GC(4) Eden regions: 31->0(44)
[2022-10-20T16:51:19.464+0000][gc,heap       ] GC(4) Survivor regions: 4->7(7)
[2022-10-20T16:51:19.464+0000][gc,heap       ] GC(4) Old regions: 9->9
[2022-10-20T16:51:19.464+0000][gc,heap       ] GC(4) Humongous regions: 129->129
[2022-10-20T16:51:19.464+0000][gc,metaspace  ] GC(4) Metaspace: 34467K->34467K(1081344K)
[2022-10-20T16:51:19.464+0000][gc            ] GC(4) Pause Young (Concurrent Start) (Metadata GC Threshold) 170M->142M(1024M) 10.565ms
[2022-10-20T16:51:19.464+0000][gc,cpu        ] GC(4) User=0.02s Sys=0.00s Real=0.02s
[2022-10-20T16:51:19.464+0000][gc            ] GC(5) Concurrent Cycle
[2022-10-20T16:51:19.465+0000][gc,marking    ] GC(5) Concurrent Clear Claimed Marks
[2022-10-20T16:51:19.465+0000][gc,marking    ] GC(5) Concurrent Clear Claimed Marks 0.084ms
[2022-10-20T16:51:19.465+0000][gc,marking    ] GC(5) Concurrent Scan Root Regions
[2022-10-20T16:51:19.471+0000][gc,marking    ] GC(5) Concurrent Scan Root Regions 6.583ms
[2022-10-20T16:51:19.471+0000][gc,marking    ] GC(5) Concurrent Mark (4.321s)
[2022-10-20T16:51:19.471+0000][gc,marking    ] GC(5) Concurrent Mark From Roots
[2022-10-20T16:51:19.471+0000][gc,task       ] GC(5) Using 1 workers of 1 for marking
[2022-10-20T16:51:19.487+0000][gc,marking    ] GC(5) Concurrent Mark From Roots 15.619ms
[2022-10-20T16:51:19.487+0000][gc,marking    ] GC(5) Concurrent Preclean
[2022-10-20T16:51:19.487+0000][gc,marking    ] GC(5) Concurrent Preclean 0.137ms
[2022-10-20T16:51:19.487+0000][gc,marking    ] GC(5) Concurrent Mark (4.321s, 4.337s) 15.830ms
[2022-10-20T16:51:19.487+0000][gc,start      ] GC(5) Pause Remark
[2022-10-20T16:51:19.492+0000][gc,stringtable] GC(5) Cleaned string and symbol table, strings: 10328 processed, 13 removed, symbols: 85189 processed, 14 removed
[2022-10-20T16:51:19.493+0000][gc            ] GC(5) Pause Remark 143M->143M(1024M) 5.462ms
[2022-10-20T16:51:19.493+0000][gc,cpu        ] GC(5) User=0.02s Sys=0.00s Real=0.00s
[2022-10-20T16:51:19.493+0000][gc,marking    ] GC(5) Concurrent Rebuild Remembered Sets
[2022-10-20T16:51:19.498+0000][gc,marking    ] GC(5) Concurrent Rebuild Remembered Sets 4.900ms
[2022-10-20T16:51:19.498+0000][gc,start      ] GC(5) Pause Cleanup
[2022-10-20T16:51:19.498+0000][gc            ] GC(5) Pause Cleanup 144M->144M(1024M) 0.318ms
[2022-10-20T16:51:19.498+0000][gc,cpu        ] GC(5) User=0.00s Sys=0.00s Real=0.00s
[2022-10-20T16:51:19.498+0000][gc,marking    ] GC(5) Concurrent Cleanup for Next Mark
[2022-10-20T16:51:19.512+0000][gc,marking    ] GC(5) Concurrent Cleanup for Next Mark 13.843ms
[2022-10-20T16:51:19.512+0000][gc            ] GC(5) Concurrent Cycle 47.759ms
[2022-10-20T16:57:09.026+0000][gc,heap,exit  ] Heap
[2022-10-20T16:57:09.026+0000][gc,heap,exit  ]  garbage-first heap   total 1048576K, used 180688K [0x00000000c0000000, 0x0000000100000000)
[2022-10-20T16:57:09.026+0000][gc,heap,exit  ]   region size 1024K, 43 young (44032K), 7 survivors (7168K)
[2022-10-20T16:57:09.026+0000][gc,heap,exit  ]  Metaspace       used 39042K, capacity 40916K, committed 41216K, reserved 1085440K
[2022-10-20T16:57:09.026+0000][gc,heap,exit  ]   class space    used 4854K, capacity 5766K, committed 5888K, reserved 1048576K
