[2022-10-19T17:41:19.798+0000][gc,heap] Heap region size: 1M
[2022-10-19T17:41:19.813+0000][gc     ] Using G1
[2022-10-19T17:41:19.813+0000][gc,heap,coops] Heap address: 0x00000000c0000000, size: 1024 MB, Compressed Oops mode: 32-bit
[2022-10-19T17:41:19.813+0000][gc,cds       ] Mark closed archive regions in map: [0x00000000fff00000, 0x00000000fff6aff8]
[2022-10-19T17:41:19.813+0000][gc,cds       ] Mark open archive regions in map: [0x00000000ffe00000, 0x00000000ffe47ff8]
[2022-10-19T17:41:20.871+0000][gc,start     ] GC(0) Pause Young (Normal) (G1 Evacuation Pause)
[2022-10-19T17:41:20.873+0000][gc,task      ] GC(0) Using 4 workers of 4 for evacuation
[2022-10-19T17:41:20.884+0000][gc,phases    ] GC(0)   Pre Evacuate Collection Set: 0.0ms
[2022-10-19T17:41:20.884+0000][gc,phases    ] GC(0)   Evacuate Collection Set: 10.2ms
[2022-10-19T17:41:20.884+0000][gc,phases    ] GC(0)   Post Evacuate Collection Set: 0.6ms
[2022-10-19T17:41:20.884+0000][gc,phases    ] GC(0)   Other: 1.7ms
[2022-10-19T17:41:20.884+0000][gc,heap      ] GC(0) Eden regions: 51->0(44)
[2022-10-19T17:41:20.884+0000][gc,heap      ] GC(0) Survivor regions: 0->7(7)
[2022-10-19T17:41:20.884+0000][gc,heap      ] GC(0) Old regions: 2->2
[2022-10-19T17:41:20.884+0000][gc,heap      ] GC(0) Humongous regions: 0->0
[2022-10-19T17:41:20.884+0000][gc,metaspace ] GC(0) Metaspace: 14114K->14114K(1062912K)
[2022-10-19T17:41:20.884+0000][gc           ] GC(0) Pause Young (Normal) (G1 Evacuation Pause) 51M->7M(1024M) 12.740ms
[2022-10-19T17:41:20.884+0000][gc,cpu       ] GC(0) User=0.03s Sys=0.01s Real=0.01s
[2022-10-19T17:41:21.312+0000][gc,start     ] GC(1) Pause Young (Concurrent Start) (Metadata GC Threshold)
[2022-10-19T17:41:21.312+0000][gc,task      ] GC(1) Using 4 workers of 4 for evacuation
[2022-10-19T17:41:21.329+0000][gc,phases    ] GC(1)   Pre Evacuate Collection Set: 0.1ms
[2022-10-19T17:41:21.329+0000][gc,phases    ] GC(1)   Evacuate Collection Set: 16.1ms
[2022-10-19T17:41:21.329+0000][gc,phases    ] GC(1)   Post Evacuate Collection Set: 0.5ms
[2022-10-19T17:41:21.329+0000][gc,phases    ] GC(1)   Other: 0.3ms
[2022-10-19T17:41:21.329+0000][gc,heap      ] GC(1) Eden regions: 31->0(49)
[2022-10-19T17:41:21.329+0000][gc,heap      ] GC(1) Survivor regions: 7->2(7)
[2022-10-19T17:41:21.329+0000][gc,heap      ] GC(1) Old regions: 2->9
[2022-10-19T17:41:21.329+0000][gc,heap      ] GC(1) Humongous regions: 0->0
[2022-10-19T17:41:21.329+0000][gc,metaspace ] GC(1) Metaspace: 20601K->20601K(1067008K)
[2022-10-19T17:41:21.329+0000][gc           ] GC(1) Pause Young (Concurrent Start) (Metadata GC Threshold) 38M->8M(1024M) 17.123ms
[2022-10-19T17:41:21.329+0000][gc,cpu       ] GC(1) User=0.04s Sys=0.01s Real=0.02s
[2022-10-19T17:41:21.329+0000][gc           ] GC(2) Concurrent Cycle
[2022-10-19T17:41:21.329+0000][gc,marking   ] GC(2) Concurrent Clear Claimed Marks
[2022-10-19T17:41:21.329+0000][gc,marking   ] GC(2) Concurrent Clear Claimed Marks 0.032ms
[2022-10-19T17:41:21.329+0000][gc,marking   ] GC(2) Concurrent Scan Root Regions
[2022-10-19T17:41:21.331+0000][gc,marking   ] GC(2) Concurrent Scan Root Regions 1.439ms
[2022-10-19T17:41:21.331+0000][gc,marking   ] GC(2) Concurrent Mark (1.537s)
[2022-10-19T17:41:21.331+0000][gc,marking   ] GC(2) Concurrent Mark From Roots
[2022-10-19T17:41:21.331+0000][gc,task      ] GC(2) Using 1 workers of 1 for marking
[2022-10-19T17:41:21.343+0000][gc,marking   ] GC(2) Concurrent Mark From Roots 12.629ms
[2022-10-19T17:41:21.343+0000][gc,marking   ] GC(2) Concurrent Preclean
[2022-10-19T17:41:21.343+0000][gc,marking   ] GC(2) Concurrent Preclean 0.114ms
[2022-10-19T17:41:21.344+0000][gc,marking   ] GC(2) Concurrent Mark (1.537s, 1.550s) 12.801ms
[2022-10-19T17:41:21.344+0000][gc,start     ] GC(2) Pause Remark
[2022-10-19T17:41:21.348+0000][gc,stringtable] GC(2) Cleaned string and symbol table, strings: 5130 processed, 0 removed, symbols: 52322 processed, 42 removed
[2022-10-19T17:41:21.348+0000][gc            ] GC(2) Pause Remark 9M->9M(1024M) 4.275ms
[2022-10-19T17:41:21.348+0000][gc,cpu        ] GC(2) User=0.01s Sys=0.00s Real=0.01s
[2022-10-19T17:41:21.348+0000][gc,marking    ] GC(2) Concurrent Rebuild Remembered Sets
[2022-10-19T17:41:21.354+0000][gc,marking    ] GC(2) Concurrent Rebuild Remembered Sets 6.078ms
[2022-10-19T17:41:21.354+0000][gc,start      ] GC(2) Pause Cleanup
[2022-10-19T17:41:21.355+0000][gc            ] GC(2) Pause Cleanup 9M->9M(1024M) 0.323ms
[2022-10-19T17:41:21.355+0000][gc,cpu        ] GC(2) User=0.00s Sys=0.00s Real=0.00s
[2022-10-19T17:41:21.355+0000][gc,marking    ] GC(2) Concurrent Cleanup for Next Mark
[2022-10-19T17:41:21.368+0000][gc,marking    ] GC(2) Concurrent Cleanup for Next Mark 12.867ms
[2022-10-19T17:41:21.368+0000][gc            ] GC(2) Concurrent Cycle 38.528ms
[2022-10-19T17:41:22.047+0000][gc,start      ] GC(3) Pause Young (Normal) (G1 Evacuation Pause)
[2022-10-19T17:41:22.047+0000][gc,task       ] GC(3) Using 4 workers of 4 for evacuation
[2022-10-19T17:41:22.056+0000][gc,phases     ] GC(3)   Pre Evacuate Collection Set: 0.0ms
[2022-10-19T17:41:22.056+0000][gc,phases     ] GC(3)   Evacuate Collection Set: 7.4ms
[2022-10-19T17:41:22.056+0000][gc,phases     ] GC(3)   Post Evacuate Collection Set: 1.7ms
[2022-10-19T17:41:22.056+0000][gc,phases     ] GC(3)   Other: 0.2ms
[2022-10-19T17:41:22.056+0000][gc,heap       ] GC(3) Eden regions: 49->0(46)
[2022-10-19T17:41:22.056+0000][gc,heap       ] GC(3) Survivor regions: 2->5(7)
[2022-10-19T17:41:22.056+0000][gc,heap       ] GC(3) Old regions: 9->9
[2022-10-19T17:41:22.056+0000][gc,heap       ] GC(3) Humongous regions: 129->129
[2022-10-19T17:41:22.056+0000][gc,metaspace  ] GC(3) Metaspace: 28699K->28699K(1075200K)
[2022-10-19T17:41:22.056+0000][gc            ] GC(3) Pause Young (Normal) (G1 Evacuation Pause) 186M->140M(1024M) 9.511ms
[2022-10-19T17:41:22.056+0000][gc,cpu        ] GC(3) User=0.03s Sys=0.00s Real=0.01s
[2022-10-19T17:41:22.506+0000][gc,start      ] GC(4) Pause Young (Concurrent Start) (Metadata GC Threshold)
[2022-10-19T17:41:22.506+0000][gc,task       ] GC(4) Using 4 workers of 4 for evacuation
[2022-10-19T17:41:22.525+0000][gc,phases     ] GC(4)   Pre Evacuate Collection Set: 0.1ms
[2022-10-19T17:41:22.525+0000][gc,phases     ] GC(4)   Evacuate Collection Set: 18.8ms
[2022-10-19T17:41:22.525+0000][gc,phases     ] GC(4)   Post Evacuate Collection Set: 0.5ms
[2022-10-19T17:41:22.525+0000][gc,phases     ] GC(4)   Other: 0.3ms
[2022-10-19T17:41:22.525+0000][gc,heap       ] GC(4) Eden regions: 35->0(49)
[2022-10-19T17:41:22.525+0000][gc,heap       ] GC(4) Survivor regions: 5->2(7)
[2022-10-19T17:41:22.525+0000][gc,heap       ] GC(4) Old regions: 9->13
[2022-10-19T17:41:22.525+0000][gc,heap       ] GC(4) Humongous regions: 129->129
[2022-10-19T17:41:22.525+0000][gc,metaspace  ] GC(4) Metaspace: 34654K->34654K(1081344K)
[2022-10-19T17:41:22.525+0000][gc            ] GC(4) Pause Young (Concurrent Start) (Metadata GC Threshold) 175M->142M(1024M) 19.935ms
[2022-10-19T17:41:22.525+0000][gc,cpu        ] GC(4) User=0.07s Sys=0.00s Real=0.02s
[2022-10-19T17:41:22.526+0000][gc            ] GC(5) Concurrent Cycle
[2022-10-19T17:41:22.526+0000][gc,marking    ] GC(5) Concurrent Clear Claimed Marks
[2022-10-19T17:41:22.526+0000][gc,marking    ] GC(5) Concurrent Clear Claimed Marks 0.092ms
[2022-10-19T17:41:22.526+0000][gc,marking    ] GC(5) Concurrent Scan Root Regions
[2022-10-19T17:41:22.528+0000][gc,marking    ] GC(5) Concurrent Scan Root Regions 2.402ms
[2022-10-19T17:41:22.528+0000][gc,marking    ] GC(5) Concurrent Mark (2.735s)
[2022-10-19T17:41:22.528+0000][gc,marking    ] GC(5) Concurrent Mark From Roots
[2022-10-19T17:41:22.528+0000][gc,task       ] GC(5) Using 1 workers of 1 for marking
[2022-10-19T17:41:22.555+0000][gc,marking    ] GC(5) Concurrent Mark From Roots 26.720ms
[2022-10-19T17:41:22.555+0000][gc,marking    ] GC(5) Concurrent Preclean
[2022-10-19T17:41:22.555+0000][gc,marking    ] GC(5) Concurrent Preclean 0.118ms
[2022-10-19T17:41:22.555+0000][gc,marking    ] GC(5) Concurrent Mark (2.735s, 2.762s) 26.926ms
[2022-10-19T17:41:22.555+0000][gc,start      ] GC(5) Pause Remark
[2022-10-19T17:41:22.561+0000][gc,stringtable] GC(5) Cleaned string and symbol table, strings: 10351 processed, 12 removed, symbols: 84197 processed, 14 removed
[2022-10-19T17:41:22.562+0000][gc            ] GC(5) Pause Remark 142M->142M(1024M) 6.315ms
[2022-10-19T17:41:22.562+0000][gc,cpu        ] GC(5) User=0.01s Sys=0.00s Real=0.00s
[2022-10-19T17:41:22.562+0000][gc,marking    ] GC(5) Concurrent Rebuild Remembered Sets
[2022-10-19T17:41:22.575+0000][gc,marking    ] GC(5) Concurrent Rebuild Remembered Sets 13.503ms
[2022-10-19T17:41:22.575+0000][gc,start      ] GC(5) Pause Cleanup
[2022-10-19T17:41:22.576+0000][gc            ] GC(5) Pause Cleanup 142M->142M(1024M) 0.291ms
[2022-10-19T17:41:22.576+0000][gc,cpu        ] GC(5) User=0.00s Sys=0.00s Real=0.00s
[2022-10-19T17:41:22.576+0000][gc,marking    ] GC(5) Concurrent Cleanup for Next Mark
[2022-10-19T17:41:22.587+0000][gc,marking    ] GC(5) Concurrent Cleanup for Next Mark 11.462ms
[2022-10-19T17:41:22.587+0000][gc            ] GC(5) Concurrent Cycle 61.662ms
[2022-10-19T18:23:51.191+0000][gc,start      ] GC(6) Pause Young (Normal) (G1 Evacuation Pause)
[2022-10-19T18:23:51.191+0000][gc,task       ] GC(6) Using 4 workers of 4 for evacuation
[2022-10-19T18:23:51.198+0000][gc,phases     ] GC(6)   Pre Evacuate Collection Set: 0.0ms
[2022-10-19T18:23:51.198+0000][gc,phases     ] GC(6)   Evacuate Collection Set: 5.8ms
[2022-10-19T18:23:51.198+0000][gc,phases     ] GC(6)   Post Evacuate Collection Set: 0.7ms
[2022-10-19T18:23:51.198+0000][gc,phases     ] GC(6)   Other: 0.2ms
[2022-10-19T18:23:51.198+0000][gc,heap       ] GC(6) Eden regions: 49->0(47)
[2022-10-19T18:23:51.198+0000][gc,heap       ] GC(6) Survivor regions: 2->4(7)
[2022-10-19T18:23:51.198+0000][gc,heap       ] GC(6) Old regions: 13->13
[2022-10-19T18:23:51.198+0000][gc,heap       ] GC(6) Humongous regions: 129->129
[2022-10-19T18:23:51.198+0000][gc,metaspace  ] GC(6) Metaspace: 40622K->40622K(1085440K)
[2022-10-19T18:23:51.198+0000][gc            ] GC(6) Pause Young (Normal) (G1 Evacuation Pause) 191M->143M(1024M) 6.807ms
[2022-10-19T18:23:51.198+0000][gc,cpu        ] GC(6) User=0.02s Sys=0.00s Real=0.01s
[2022-10-19T18:33:21.099+0000][gc,start      ] GC(7) Pause Young (Normal) (G1 Evacuation Pause)
[2022-10-19T18:33:21.099+0000][gc,task       ] GC(7) Using 4 workers of 4 for evacuation
[2022-10-19T18:33:21.106+0000][gc,phases     ] GC(7)   Pre Evacuate Collection Set: 0.0ms
[2022-10-19T18:33:21.106+0000][gc,phases     ] GC(7)   Evacuate Collection Set: 6.0ms
[2022-10-19T18:33:21.106+0000][gc,phases     ] GC(7)   Post Evacuate Collection Set: 0.7ms
[2022-10-19T18:33:21.106+0000][gc,phases     ] GC(7)   Other: 0.3ms
[2022-10-19T18:33:21.106+0000][gc,heap       ] GC(7) Eden regions: 47->0(46)
[2022-10-19T18:33:21.106+0000][gc,heap       ] GC(7) Survivor regions: 4->5(7)
[2022-10-19T18:33:21.106+0000][gc,heap       ] GC(7) Old regions: 13->13
[2022-10-19T18:33:21.106+0000][gc,heap       ] GC(7) Humongous regions: 129->129
[2022-10-19T18:33:21.106+0000][gc,metaspace  ] GC(7) Metaspace: 41843K->41843K(1087488K)
[2022-10-19T18:33:21.106+0000][gc            ] GC(7) Pause Young (Normal) (G1 Evacuation Pause) 190M->145M(1024M) 6.936ms
[2022-10-19T18:33:21.106+0000][gc,cpu        ] GC(7) User=0.03s Sys=0.00s Real=0.00s
[2022-10-19T18:43:06.699+0000][gc,start      ] GC(8) Pause Young (Normal) (G1 Evacuation Pause)
[2022-10-19T18:43:06.699+0000][gc,task       ] GC(8) Using 4 workers of 4 for evacuation
[2022-10-19T18:43:06.711+0000][gc,phases     ] GC(8)   Pre Evacuate Collection Set: 0.0ms
[2022-10-19T18:43:06.711+0000][gc,phases     ] GC(8)   Evacuate Collection Set: 10.3ms
[2022-10-19T18:43:06.711+0000][gc,phases     ] GC(8)   Post Evacuate Collection Set: 1.1ms
[2022-10-19T18:43:06.711+0000][gc,phases     ] GC(8)   Other: 0.2ms
[2022-10-19T18:43:06.711+0000][gc,heap       ] GC(8) Eden regions: 46->0(46)
[2022-10-19T18:43:06.711+0000][gc,heap       ] GC(8) Survivor regions: 5->5(7)
[2022-10-19T18:43:06.711+0000][gc,heap       ] GC(8) Old regions: 13->15
[2022-10-19T18:43:06.711+0000][gc,heap       ] GC(8) Humongous regions: 129->129
[2022-10-19T18:43:06.711+0000][gc,metaspace  ] GC(8) Metaspace: 41979K->41979K(1087488K)
[2022-10-19T18:43:06.711+0000][gc            ] GC(8) Pause Young (Normal) (G1 Evacuation Pause) 191M->146M(1024M) 11.735ms
[2022-10-19T18:43:06.711+0000][gc,cpu        ] GC(8) User=0.03s Sys=0.00s Real=0.01s
[2022-10-19T18:55:06.737+0000][gc,start      ] GC(9) Pause Young (Normal) (G1 Evacuation Pause)
[2022-10-19T18:55:06.737+0000][gc,task       ] GC(9) Using 4 workers of 4 for evacuation
[2022-10-19T18:55:06.749+0000][gc,phases     ] GC(9)   Pre Evacuate Collection Set: 0.0ms
[2022-10-19T18:55:06.749+0000][gc,phases     ] GC(9)   Evacuate Collection Set: 11.7ms
[2022-10-19T18:55:06.749+0000][gc,phases     ] GC(9)   Post Evacuate Collection Set: 0.8ms
[2022-10-19T18:55:06.749+0000][gc,phases     ] GC(9)   Other: 0.2ms
[2022-10-19T18:55:06.749+0000][gc,heap       ] GC(9) Eden regions: 46->0(48)
[2022-10-19T18:55:06.749+0000][gc,heap       ] GC(9) Survivor regions: 5->3(7)
[2022-10-19T18:55:06.749+0000][gc,heap       ] GC(9) Old regions: 15->16
[2022-10-19T18:55:06.749+0000][gc,heap       ] GC(9) Humongous regions: 129->129
[2022-10-19T18:55:06.749+0000][gc,metaspace  ] GC(9) Metaspace: 42327K->42327K(1087488K)
[2022-10-19T18:55:06.749+0000][gc            ] GC(9) Pause Young (Normal) (G1 Evacuation Pause) 192M->145M(1024M) 12.844ms
[2022-10-19T18:55:06.749+0000][gc,cpu        ] GC(9) User=0.04s Sys=0.00s Real=0.01s
[2022-10-19T19:06:28.390+0000][gc,start      ] GC(10) Pause Young (Normal) (G1 Evacuation Pause)
[2022-10-19T19:06:28.390+0000][gc,task       ] GC(10) Using 4 workers of 4 for evacuation
[2022-10-19T19:06:28.396+0000][gc,phases     ] GC(10)   Pre Evacuate Collection Set: 0.0ms
[2022-10-19T19:06:28.396+0000][gc,phases     ] GC(10)   Evacuate Collection Set: 5.2ms
[2022-10-19T19:06:28.396+0000][gc,phases     ] GC(10)   Post Evacuate Collection Set: 0.6ms
[2022-10-19T19:06:28.396+0000][gc,phases     ] GC(10)   Other: 0.2ms
[2022-10-19T19:06:28.396+0000][gc,heap       ] GC(10) Eden regions: 48->0(48)
[2022-10-19T19:06:28.396+0000][gc,heap       ] GC(10) Survivor regions: 3->3(7)
[2022-10-19T19:06:28.396+0000][gc,heap       ] GC(10) Old regions: 16->16
[2022-10-19T19:06:28.396+0000][gc,heap       ] GC(10) Humongous regions: 129->129
[2022-10-19T19:06:28.396+0000][gc,metaspace  ] GC(10) Metaspace: 42630K->42630K(1087488K)
[2022-10-19T19:06:28.396+0000][gc            ] GC(10) Pause Young (Normal) (G1 Evacuation Pause) 193M->145M(1024M) 6.099ms
[2022-10-19T19:06:28.396+0000][gc,cpu        ] GC(10) User=0.01s Sys=0.00s Real=0.01s
[2022-10-19T19:17:38.977+0000][gc,start      ] GC(11) Pause Young (Normal) (G1 Evacuation Pause)
[2022-10-19T19:17:38.977+0000][gc,task       ] GC(11) Using 4 workers of 4 for evacuation
[2022-10-19T19:17:38.987+0000][gc,phases     ] GC(11)   Pre Evacuate Collection Set: 0.0ms
[2022-10-19T19:17:38.987+0000][gc,phases     ] GC(11)   Evacuate Collection Set: 8.8ms
[2022-10-19T19:17:38.987+0000][gc,phases     ] GC(11)   Post Evacuate Collection Set: 1.2ms
[2022-10-19T19:17:38.987+0000][gc,phases     ] GC(11)   Other: 0.2ms
[2022-10-19T19:17:38.987+0000][gc,heap       ] GC(11) Eden regions: 48->0(48)
[2022-10-19T19:17:38.987+0000][gc,heap       ] GC(11) Survivor regions: 3->4(7)
[2022-10-19T19:17:38.987+0000][gc,heap       ] GC(11) Old regions: 16->16
[2022-10-19T19:17:38.987+0000][gc,heap       ] GC(11) Humongous regions: 129->129
[2022-10-19T19:17:38.987+0000][gc,metaspace  ] GC(11) Metaspace: 43176K->43176K(1089536K)
[2022-10-19T19:17:38.988+0000][gc            ] GC(11) Pause Young (Normal) (G1 Evacuation Pause) 193M->147M(1024M) 10.284ms
[2022-10-19T19:17:38.988+0000][gc,cpu        ] GC(11) User=0.03s Sys=0.00s Real=0.01s
[2022-10-19T19:26:31.120+0000][gc,start      ] GC(12) Pause Young (Normal) (G1 Evacuation Pause)
[2022-10-19T19:26:31.120+0000][gc,task       ] GC(12) Using 4 workers of 4 for evacuation
[2022-10-19T19:26:31.127+0000][gc,phases     ] GC(12)   Pre Evacuate Collection Set: 0.0ms
[2022-10-19T19:26:31.127+0000][gc,phases     ] GC(12)   Evacuate Collection Set: 5.7ms
[2022-10-19T19:26:31.127+0000][gc,phases     ] GC(12)   Post Evacuate Collection Set: 0.5ms
[2022-10-19T19:26:31.127+0000][gc,phases     ] GC(12)   Other: 0.2ms
[2022-10-19T19:26:31.127+0000][gc,heap       ] GC(12) Eden regions: 48->0(57)
[2022-10-19T19:26:31.127+0000][gc,heap       ] GC(12) Survivor regions: 4->4(7)
[2022-10-19T19:26:31.127+0000][gc,heap       ] GC(12) Old regions: 16->17
[2022-10-19T19:26:31.127+0000][gc,heap       ] GC(12) Humongous regions: 129->129
[2022-10-19T19:26:31.127+0000][gc,metaspace  ] GC(12) Metaspace: 43370K->43370K(1089536K)
[2022-10-19T19:26:31.127+0000][gc            ] GC(12) Pause Young (Normal) (G1 Evacuation Pause) 195M->147M(1024M) 6.588ms
[2022-10-19T19:26:31.127+0000][gc,cpu        ] GC(12) User=0.03s Sys=0.00s Real=0.01s
[2022-10-19T19:37:07.877+0000][gc,start      ] GC(13) Pause Young (Normal) (G1 Evacuation Pause)
[2022-10-19T19:37:07.877+0000][gc,task       ] GC(13) Using 4 workers of 4 for evacuation
[2022-10-19T19:37:07.885+0000][gc,phases     ] GC(13)   Pre Evacuate Collection Set: 0.0ms
[2022-10-19T19:37:07.885+0000][gc,phases     ] GC(13)   Evacuate Collection Set: 5.7ms
[2022-10-19T19:37:07.885+0000][gc,phases     ] GC(13)   Post Evacuate Collection Set: 2.0ms
[2022-10-19T19:37:07.885+0000][gc,phases     ] GC(13)   Other: 0.2ms
[2022-10-19T19:37:07.885+0000][gc,heap       ] GC(13) Eden regions: 57->0(579)
[2022-10-19T19:37:07.885+0000][gc,heap       ] GC(13) Survivor regions: 4->4(8)
[2022-10-19T19:37:07.885+0000][gc,heap       ] GC(13) Old regions: 17->17
[2022-10-19T19:37:07.885+0000][gc,heap       ] GC(13) Humongous regions: 129->129
[2022-10-19T19:37:07.885+0000][gc,metaspace  ] GC(13) Metaspace: 43373K->43373K(1089536K)
[2022-10-19T19:37:07.885+0000][gc            ] GC(13) Pause Young (Normal) (G1 Evacuation Pause) 204M->147M(1024M) 7.998ms
[2022-10-19T19:37:07.885+0000][gc,cpu        ] GC(13) User=0.02s Sys=0.00s Real=0.00s
[2022-10-19T19:41:23.756+0000][gc,heap,exit  ] Heap
[2022-10-19T19:41:23.756+0000][gc,heap,exit  ]  garbage-first heap   total 1048576K, used 187851K [0x00000000c0000000, 0x0000000100000000)
[2022-10-19T19:41:23.756+0000][gc,heap,exit  ]   region size 1024K, 41 young (41984K), 4 survivors (4096K)
[2022-10-19T19:41:23.756+0000][gc,heap,exit  ]  Metaspace       used 44091K, capacity 46668K, committed 46928K, reserved 1089536K
[2022-10-19T19:41:23.756+0000][gc,heap,exit  ]   class space    used 5520K, capacity 6737K, committed 6780K, reserved 1048576K
