[2022-10-18T19:53:58.743+0000][gc,heap] Heap region size: 1M
[2022-10-18T19:53:58.754+0000][gc     ] Using G1
[2022-10-18T19:53:58.754+0000][gc,heap,coops] Heap address: 0x00000000c0000000, size: 1024 MB, Compressed Oops mode: 32-bit
[2022-10-18T19:53:58.754+0000][gc,cds       ] Mark closed archive regions in map: [0x00000000fff00000, 0x00000000fff6aff8]
[2022-10-18T19:53:58.754+0000][gc,cds       ] Mark open archive regions in map: [0x00000000ffe00000, 0x00000000ffe47ff8]
[2022-10-18T19:53:59.695+0000][gc,start     ] GC(0) Pause Young (Normal) (G1 Evacuation Pause)
[2022-10-18T19:53:59.695+0000][gc,task      ] GC(0) Using 4 workers of 4 for evacuation
[2022-10-18T19:53:59.706+0000][gc,phases    ] GC(0)   Pre Evacuate Collection Set: 0.0ms
[2022-10-18T19:53:59.706+0000][gc,phases    ] GC(0)   Evacuate Collection Set: 10.3ms
[2022-10-18T19:53:59.706+0000][gc,phases    ] GC(0)   Post Evacuate Collection Set: 0.6ms
[2022-10-18T19:53:59.706+0000][gc,phases    ] GC(0)   Other: 0.4ms
[2022-10-18T19:53:59.706+0000][gc,heap      ] GC(0) Eden regions: 51->0(44)
[2022-10-18T19:53:59.706+0000][gc,heap      ] GC(0) Survivor regions: 0->7(7)
[2022-10-18T19:53:59.706+0000][gc,heap      ] GC(0) Old regions: 2->2
[2022-10-18T19:53:59.706+0000][gc,heap      ] GC(0) Humongous regions: 0->0
[2022-10-18T19:53:59.706+0000][gc,metaspace ] GC(0) Metaspace: 14149K->14149K(1062912K)
[2022-10-18T19:53:59.706+0000][gc           ] GC(0) Pause Young (Normal) (G1 Evacuation Pause) 51M->7M(1024M) 11.459ms
[2022-10-18T19:53:59.706+0000][gc,cpu       ] GC(0) User=0.03s Sys=0.01s Real=0.01s
[2022-10-18T19:54:00.107+0000][gc,start     ] GC(1) Pause Young (Concurrent Start) (Metadata GC Threshold)
[2022-10-18T19:54:00.107+0000][gc,task      ] GC(1) Using 4 workers of 4 for evacuation
[2022-10-18T19:54:00.122+0000][gc,phases    ] GC(1)   Pre Evacuate Collection Set: 0.1ms
[2022-10-18T19:54:00.123+0000][gc,phases    ] GC(1)   Evacuate Collection Set: 14.6ms
[2022-10-18T19:54:00.123+0000][gc,phases    ] GC(1)   Post Evacuate Collection Set: 0.5ms
[2022-10-18T19:54:00.123+0000][gc,phases    ] GC(1)   Other: 0.3ms
[2022-10-18T19:54:00.123+0000][gc,heap      ] GC(1) Eden regions: 31->0(49)
[2022-10-18T19:54:00.123+0000][gc,heap      ] GC(1) Survivor regions: 7->2(7)
[2022-10-18T19:54:00.123+0000][gc,heap      ] GC(1) Old regions: 2->9
[2022-10-18T19:54:00.123+0000][gc,heap      ] GC(1) Humongous regions: 0->0
[2022-10-18T19:54:00.123+0000][gc,metaspace ] GC(1) Metaspace: 20575K->20575K(1067008K)
[2022-10-18T19:54:00.123+0000][gc           ] GC(1) Pause Young (Concurrent Start) (Metadata GC Threshold) 37M->8M(1024M) 15.474ms
[2022-10-18T19:54:00.123+0000][gc,cpu       ] GC(1) User=0.05s Sys=0.01s Real=0.02s
[2022-10-18T19:54:00.123+0000][gc           ] GC(2) Concurrent Cycle
[2022-10-18T19:54:00.123+0000][gc,marking   ] GC(2) Concurrent Clear Claimed Marks
[2022-10-18T19:54:00.123+0000][gc,marking   ] GC(2) Concurrent Clear Claimed Marks 0.054ms
[2022-10-18T19:54:00.123+0000][gc,marking   ] GC(2) Concurrent Scan Root Regions
[2022-10-18T19:54:00.124+0000][gc,marking   ] GC(2) Concurrent Scan Root Regions 1.330ms
[2022-10-18T19:54:00.124+0000][gc,marking   ] GC(2) Concurrent Mark (1.385s)
[2022-10-18T19:54:00.124+0000][gc,marking   ] GC(2) Concurrent Mark From Roots
[2022-10-18T19:54:00.124+0000][gc,task      ] GC(2) Using 1 workers of 1 for marking
[2022-10-18T19:54:00.138+0000][gc,marking   ] GC(2) Concurrent Mark From Roots 13.636ms
[2022-10-18T19:54:00.138+0000][gc,marking   ] GC(2) Concurrent Preclean
[2022-10-18T19:54:00.138+0000][gc,marking   ] GC(2) Concurrent Preclean 0.123ms
[2022-10-18T19:54:00.138+0000][gc,marking   ] GC(2) Concurrent Mark (1.385s, 1.399s) 13.814ms
[2022-10-18T19:54:00.138+0000][gc,start     ] GC(2) Pause Remark
[2022-10-18T19:54:00.142+0000][gc,stringtable] GC(2) Cleaned string and symbol table, strings: 5133 processed, 0 removed, symbols: 52341 processed, 42 removed
[2022-10-18T19:54:00.142+0000][gc            ] GC(2) Pause Remark 9M->9M(1024M) 3.941ms
[2022-10-18T19:54:00.142+0000][gc,cpu        ] GC(2) User=0.01s Sys=0.00s Real=0.01s
[2022-10-18T19:54:00.142+0000][gc,marking    ] GC(2) Concurrent Rebuild Remembered Sets
[2022-10-18T19:54:00.148+0000][gc,marking    ] GC(2) Concurrent Rebuild Remembered Sets 5.765ms
[2022-10-18T19:54:00.148+0000][gc,start      ] GC(2) Pause Cleanup
[2022-10-18T19:54:00.148+0000][gc            ] GC(2) Pause Cleanup 9M->9M(1024M) 0.236ms
[2022-10-18T19:54:00.148+0000][gc,cpu        ] GC(2) User=0.00s Sys=0.00s Real=0.00s
[2022-10-18T19:54:00.148+0000][gc,marking    ] GC(2) Concurrent Cleanup for Next Mark
[2022-10-18T19:54:00.161+0000][gc,marking    ] GC(2) Concurrent Cleanup for Next Mark 12.768ms
[2022-10-18T19:54:00.161+0000][gc            ] GC(2) Concurrent Cycle 38.515ms
[2022-10-18T19:54:00.851+0000][gc,start      ] GC(3) Pause Young (Concurrent Start) (G1 Evacuation Pause)
[2022-10-18T19:54:00.851+0000][gc,task       ] GC(3) Using 4 workers of 4 for evacuation
[2022-10-18T19:54:00.857+0000][gc,phases     ] GC(3)   Pre Evacuate Collection Set: 0.1ms
[2022-10-18T19:54:00.858+0000][gc,phases     ] GC(3)   Evacuate Collection Set: 5.9ms
[2022-10-18T19:54:00.858+0000][gc,phases     ] GC(3)   Post Evacuate Collection Set: 0.5ms
[2022-10-18T19:54:00.858+0000][gc,phases     ] GC(3)   Other: 0.3ms
[2022-10-18T19:54:00.858+0000][gc,heap       ] GC(3) Eden regions: 49->0(47)
[2022-10-18T19:54:00.858+0000][gc,heap       ] GC(3) Survivor regions: 2->4(7)
[2022-10-18T19:54:00.858+0000][gc,heap       ] GC(3) Old regions: 9->9
[2022-10-18T19:54:00.858+0000][gc,heap       ] GC(3) Humongous regions: 129->129
[2022-10-18T19:54:00.858+0000][gc,metaspace  ] GC(3) Metaspace: 29020K->29020K(1075200K)
[2022-10-18T19:54:00.858+0000][gc            ] GC(3) Pause Young (Concurrent Start) (G1 Evacuation Pause) 186M->140M(1024M) 6.822ms
[2022-10-18T19:54:00.858+0000][gc,cpu        ] GC(3) User=0.02s Sys=0.00s Real=0.01s
[2022-10-18T19:54:00.858+0000][gc            ] GC(4) Concurrent Cycle
[2022-10-18T19:54:00.858+0000][gc,marking    ] GC(4) Concurrent Clear Claimed Marks
[2022-10-18T19:54:00.858+0000][gc,marking    ] GC(4) Concurrent Clear Claimed Marks 0.048ms
[2022-10-18T19:54:00.858+0000][gc,marking    ] GC(4) Concurrent Scan Root Regions
[2022-10-18T19:54:00.862+0000][gc,marking    ] GC(4) Concurrent Scan Root Regions 3.927ms
[2022-10-18T19:54:00.862+0000][gc,marking    ] GC(4) Concurrent Mark (2.123s)
[2022-10-18T19:54:00.862+0000][gc,marking    ] GC(4) Concurrent Mark From Roots
[2022-10-18T19:54:00.862+0000][gc,task       ] GC(4) Using 1 workers of 1 for marking
[2022-10-18T19:54:00.876+0000][gc,marking    ] GC(4) Concurrent Mark From Roots 14.013ms
[2022-10-18T19:54:00.876+0000][gc,marking    ] GC(4) Concurrent Preclean
[2022-10-18T19:54:00.876+0000][gc,marking    ] GC(4) Concurrent Preclean 0.138ms
[2022-10-18T19:54:00.876+0000][gc,marking    ] GC(4) Concurrent Mark (2.123s, 2.137s) 14.215ms
[2022-10-18T19:54:00.876+0000][gc,start      ] GC(4) Pause Remark
[2022-10-18T19:54:00.880+0000][gc,stringtable] GC(4) Cleaned string and symbol table, strings: 7989 processed, 12 removed, symbols: 66643 processed, 10 removed
[2022-10-18T19:54:00.880+0000][gc            ] GC(4) Pause Remark 141M->141M(1024M) 4.279ms
[2022-10-18T19:54:00.880+0000][gc,cpu        ] GC(4) User=0.01s Sys=0.00s Real=0.01s
[2022-10-18T19:54:00.880+0000][gc,marking    ] GC(4) Concurrent Rebuild Remembered Sets
[2022-10-18T19:54:00.893+0000][gc,marking    ] GC(4) Concurrent Rebuild Remembered Sets 12.569ms
[2022-10-18T19:54:00.893+0000][gc,start      ] GC(4) Pause Cleanup
[2022-10-18T19:54:00.893+0000][gc            ] GC(4) Pause Cleanup 142M->142M(1024M) 0.235ms
[2022-10-18T19:54:00.893+0000][gc,cpu        ] GC(4) User=0.00s Sys=0.00s Real=0.00s
[2022-10-18T19:54:00.893+0000][gc,marking    ] GC(4) Concurrent Cleanup for Next Mark
[2022-10-18T19:54:00.903+0000][gc,marking    ] GC(4) Concurrent Cleanup for Next Mark 9.554ms
[2022-10-18T19:54:00.903+0000][gc            ] GC(4) Concurrent Cycle 45.431ms
[2022-10-18T19:54:01.490+0000][gc,start      ] GC(5) Pause Young (Normal) (G1 Evacuation Pause)
[2022-10-18T19:54:01.490+0000][gc,task       ] GC(5) Using 4 workers of 4 for evacuation
[2022-10-18T19:54:01.499+0000][gc,phases     ] GC(5)   Pre Evacuate Collection Set: 0.0ms
[2022-10-18T19:54:01.499+0000][gc,phases     ] GC(5)   Evacuate Collection Set: 9.0ms
[2022-10-18T19:54:01.499+0000][gc,phases     ] GC(5)   Post Evacuate Collection Set: 0.5ms
[2022-10-18T19:54:01.500+0000][gc,phases     ] GC(5)   Other: 0.2ms
[2022-10-18T19:54:01.500+0000][gc,heap       ] GC(5) Eden regions: 47->0(45)
[2022-10-18T19:54:01.500+0000][gc,heap       ] GC(5) Survivor regions: 4->6(7)
[2022-10-18T19:54:01.500+0000][gc,heap       ] GC(5) Old regions: 9->10
[2022-10-18T19:54:01.500+0000][gc,heap       ] GC(5) Humongous regions: 129->129
[2022-10-18T19:54:01.500+0000][gc,metaspace  ] GC(5) Metaspace: 37360K->37360K(1083392K)
[2022-10-18T19:54:01.500+0000][gc            ] GC(5) Pause Young (Normal) (G1 Evacuation Pause) 187M->142M(1024M) 9.861ms
[2022-10-18T19:54:01.500+0000][gc,cpu        ] GC(5) User=0.03s Sys=0.00s Real=0.01s
[2022-10-18T20:00:34.759+0000][gc,start      ] GC(6) Pause Young (Normal) (G1 Evacuation Pause)
[2022-10-18T20:00:34.759+0000][gc,task       ] GC(6) Using 4 workers of 4 for evacuation
[2022-10-18T20:00:34.773+0000][gc,phases     ] GC(6)   Pre Evacuate Collection Set: 0.0ms
[2022-10-18T20:00:34.773+0000][gc,phases     ] GC(6)   Evacuate Collection Set: 12.8ms
[2022-10-18T20:00:34.773+0000][gc,phases     ] GC(6)   Post Evacuate Collection Set: 1.6ms
[2022-10-18T20:00:34.773+0000][gc,phases     ] GC(6)   Other: 0.3ms
[2022-10-18T20:00:34.773+0000][gc,heap       ] GC(6) Eden regions: 45->0(45)
[2022-10-18T20:00:34.773+0000][gc,heap       ] GC(6) Survivor regions: 6->6(7)
[2022-10-18T20:00:34.773+0000][gc,heap       ] GC(6) Old regions: 10->13
[2022-10-18T20:00:34.773+0000][gc,heap       ] GC(6) Humongous regions: 129->129
[2022-10-18T20:00:34.773+0000][gc,metaspace  ] GC(6) Metaspace: 40645K->40645K(1085440K)
[2022-10-18T20:00:34.773+0000][gc            ] GC(6) Pause Young (Normal) (G1 Evacuation Pause) 187M->145M(1024M) 14.760ms
[2022-10-18T20:00:34.773+0000][gc,cpu        ] GC(6) User=0.05s Sys=0.00s Real=0.02s
[2022-10-18T20:06:45.018+0000][gc,start      ] GC(7) Pause Young (Normal) (G1 Evacuation Pause)
[2022-10-18T20:06:45.018+0000][gc,task       ] GC(7) Using 4 workers of 4 for evacuation
[2022-10-18T20:06:45.033+0000][gc,phases     ] GC(7)   Pre Evacuate Collection Set: 0.0ms
[2022-10-18T20:06:45.033+0000][gc,phases     ] GC(7)   Evacuate Collection Set: 13.5ms
[2022-10-18T20:06:45.033+0000][gc,phases     ] GC(7)   Post Evacuate Collection Set: 1.6ms
[2022-10-18T20:06:45.033+0000][gc,phases     ] GC(7)   Other: 0.2ms
[2022-10-18T20:06:45.033+0000][gc,heap       ] GC(7) Eden regions: 45->0(48)
[2022-10-18T20:06:45.033+0000][gc,heap       ] GC(7) Survivor regions: 6->3(7)
[2022-10-18T20:06:45.033+0000][gc,heap       ] GC(7) Old regions: 13->16
[2022-10-18T20:06:45.033+0000][gc,heap       ] GC(7) Humongous regions: 129->129
[2022-10-18T20:06:45.033+0000][gc,metaspace  ] GC(7) Metaspace: 40779K->40779K(1085440K)
[2022-10-18T20:06:45.034+0000][gc            ] GC(7) Pause Young (Normal) (G1 Evacuation Pause) 190M->145M(1024M) 15.397ms
[2022-10-18T20:06:45.034+0000][gc,cpu        ] GC(7) User=0.05s Sys=0.00s Real=0.02s
[2022-10-18T20:13:54.678+0000][gc,start      ] GC(8) Pause Young (Normal) (G1 Evacuation Pause)
[2022-10-18T20:13:54.678+0000][gc,task       ] GC(8) Using 4 workers of 4 for evacuation
[2022-10-18T20:13:54.686+0000][gc,phases     ] GC(8)   Pre Evacuate Collection Set: 0.0ms
[2022-10-18T20:13:54.686+0000][gc,phases     ] GC(8)   Evacuate Collection Set: 5.6ms
[2022-10-18T20:13:54.686+0000][gc,phases     ] GC(8)   Post Evacuate Collection Set: 1.4ms
[2022-10-18T20:13:54.686+0000][gc,phases     ] GC(8)   Other: 0.2ms
[2022-10-18T20:13:54.686+0000][gc,heap       ] GC(8) Eden regions: 48->0(47)
[2022-10-18T20:13:54.686+0000][gc,heap       ] GC(8) Survivor regions: 3->4(7)
[2022-10-18T20:13:54.686+0000][gc,heap       ] GC(8) Old regions: 16->16
[2022-10-18T20:13:54.686+0000][gc,heap       ] GC(8) Humongous regions: 129->129
[2022-10-18T20:13:54.686+0000][gc,metaspace  ] GC(8) Metaspace: 40859K->40859K(1087488K)
[2022-10-18T20:13:54.686+0000][gc            ] GC(8) Pause Young (Normal) (G1 Evacuation Pause) 193M->146M(1024M) 7.398ms
[2022-10-18T20:13:54.686+0000][gc,cpu        ] GC(8) User=0.02s Sys=0.00s Real=0.01s
[2022-10-18T20:21:03.826+0000][gc,start      ] GC(9) Pause Young (Normal) (G1 Evacuation Pause)
[2022-10-18T20:21:03.826+0000][gc,task       ] GC(9) Using 4 workers of 4 for evacuation
[2022-10-18T20:21:03.834+0000][gc,phases     ] GC(9)   Pre Evacuate Collection Set: 0.0ms
[2022-10-18T20:21:03.834+0000][gc,phases     ] GC(9)   Evacuate Collection Set: 7.1ms
[2022-10-18T20:21:03.834+0000][gc,phases     ] GC(9)   Post Evacuate Collection Set: 0.6ms
[2022-10-18T20:21:03.834+0000][gc,phases     ] GC(9)   Other: 0.2ms
[2022-10-18T20:21:03.834+0000][gc,heap       ] GC(9) Eden regions: 47->0(48)
[2022-10-18T20:21:03.834+0000][gc,heap       ] GC(9) Survivor regions: 4->3(7)
[2022-10-18T20:21:03.834+0000][gc,heap       ] GC(9) Old regions: 16->16
[2022-10-18T20:21:03.834+0000][gc,heap       ] GC(9) Humongous regions: 129->129
[2022-10-18T20:21:03.834+0000][gc,metaspace  ] GC(9) Metaspace: 40929K->40929K(1087488K)
[2022-10-18T20:21:03.834+0000][gc            ] GC(9) Pause Young (Normal) (G1 Evacuation Pause) 193M->145M(1024M) 8.118ms
[2022-10-18T20:21:03.835+0000][gc,cpu        ] GC(9) User=0.02s Sys=0.00s Real=0.01s
[2022-10-18T20:28:39.450+0000][gc,start      ] GC(10) Pause Young (Normal) (G1 Evacuation Pause)
[2022-10-18T20:28:39.451+0000][gc,task       ] GC(10) Using 4 workers of 4 for evacuation
[2022-10-18T20:28:39.460+0000][gc,phases     ] GC(10)   Pre Evacuate Collection Set: 0.1ms
[2022-10-18T20:28:39.460+0000][gc,phases     ] GC(10)   Evacuate Collection Set: 8.1ms
[2022-10-18T20:28:39.460+0000][gc,phases     ] GC(10)   Post Evacuate Collection Set: 0.8ms
[2022-10-18T20:28:39.460+0000][gc,phases     ] GC(10)   Other: 0.6ms
[2022-10-18T20:28:39.460+0000][gc,heap       ] GC(10) Eden regions: 48->0(48)
[2022-10-18T20:28:39.460+0000][gc,heap       ] GC(10) Survivor regions: 3->3(7)
[2022-10-18T20:28:39.460+0000][gc,heap       ] GC(10) Old regions: 16->16
[2022-10-18T20:28:39.460+0000][gc,heap       ] GC(10) Humongous regions: 129->129
[2022-10-18T20:28:39.460+0000][gc,metaspace  ] GC(10) Metaspace: 40957K->40957K(1087488K)
[2022-10-18T20:28:39.460+0000][gc            ] GC(10) Pause Young (Normal) (G1 Evacuation Pause) 193M->145M(1024M) 9.581ms
[2022-10-18T20:28:39.460+0000][gc,cpu        ] GC(10) User=0.02s Sys=0.00s Real=0.02s
[2022-10-18T20:36:16.598+0000][gc,start      ] GC(11) Pause Young (Normal) (G1 Evacuation Pause)
[2022-10-18T20:36:16.598+0000][gc,task       ] GC(11) Using 4 workers of 4 for evacuation
[2022-10-18T20:36:16.605+0000][gc,phases     ] GC(11)   Pre Evacuate Collection Set: 0.0ms
[2022-10-18T20:36:16.605+0000][gc,phases     ] GC(11)   Evacuate Collection Set: 5.4ms
[2022-10-18T20:36:16.605+0000][gc,phases     ] GC(11)   Post Evacuate Collection Set: 0.9ms
[2022-10-18T20:36:16.605+0000][gc,phases     ] GC(11)   Other: 0.2ms
[2022-10-18T20:36:16.605+0000][gc,heap       ] GC(11) Eden regions: 48->0(54)
[2022-10-18T20:36:16.605+0000][gc,heap       ] GC(11) Survivor regions: 3->3(7)
[2022-10-18T20:36:16.605+0000][gc,heap       ] GC(11) Old regions: 16->16
[2022-10-18T20:36:16.605+0000][gc,heap       ] GC(11) Humongous regions: 129->129
[2022-10-18T20:36:16.605+0000][gc,metaspace  ] GC(11) Metaspace: 40990K->40990K(1087488K)
[2022-10-18T20:36:16.605+0000][gc            ] GC(11) Pause Young (Normal) (G1 Evacuation Pause) 193M->145M(1024M) 6.667ms
[2022-10-18T20:36:16.605+0000][gc,cpu        ] GC(11) User=0.02s Sys=0.00s Real=0.01s
[2022-10-18T20:44:55.350+0000][gc,start      ] GC(12) Pause Young (Normal) (G1 Evacuation Pause)
[2022-10-18T20:44:55.351+0000][gc,task       ] GC(12) Using 4 workers of 4 for evacuation
[2022-10-18T20:44:55.357+0000][gc,phases     ] GC(12)   Pre Evacuate Collection Set: 0.0ms
[2022-10-18T20:44:55.357+0000][gc,phases     ] GC(12)   Evacuate Collection Set: 5.3ms
[2022-10-18T20:44:55.357+0000][gc,phases     ] GC(12)   Post Evacuate Collection Set: 0.9ms
[2022-10-18T20:44:55.357+0000][gc,phases     ] GC(12)   Other: 0.2ms
[2022-10-18T20:44:55.357+0000][gc,heap       ] GC(12) Eden regions: 54->0(93)
[2022-10-18T20:44:55.357+0000][gc,heap       ] GC(12) Survivor regions: 3->3(8)
[2022-10-18T20:44:55.357+0000][gc,heap       ] GC(12) Old regions: 16->16
[2022-10-18T20:44:55.357+0000][gc,heap       ] GC(12) Humongous regions: 129->129
[2022-10-18T20:44:55.357+0000][gc,metaspace  ] GC(12) Metaspace: 41013K->41013K(1087488K)
[2022-10-18T20:44:55.357+0000][gc            ] GC(12) Pause Young (Normal) (G1 Evacuation Pause) 199M->145M(1024M) 6.567ms
[2022-10-18T20:44:55.357+0000][gc,cpu        ] GC(12) User=0.02s Sys=0.00s Real=0.01s
[2022-10-18T20:59:30.114+0000][gc,start      ] GC(13) Pause Young (Normal) (G1 Evacuation Pause)
[2022-10-18T20:59:30.114+0000][gc,task       ] GC(13) Using 4 workers of 4 for evacuation
[2022-10-18T20:59:30.121+0000][gc,phases     ] GC(13)   Pre Evacuate Collection Set: 0.0ms
[2022-10-18T20:59:30.121+0000][gc,phases     ] GC(13)   Evacuate Collection Set: 5.6ms
[2022-10-18T20:59:30.121+0000][gc,phases     ] GC(13)   Post Evacuate Collection Set: 1.1ms
[2022-10-18T20:59:30.121+0000][gc,phases     ] GC(13)   Other: 0.2ms
[2022-10-18T20:59:30.121+0000][gc,heap       ] GC(13) Eden regions: 93->0(235)
[2022-10-18T20:59:30.121+0000][gc,heap       ] GC(13) Survivor regions: 3->4(12)
[2022-10-18T20:59:30.121+0000][gc,heap       ] GC(13) Old regions: 16->16
[2022-10-18T20:59:30.121+0000][gc,heap       ] GC(13) Humongous regions: 129->129
[2022-10-18T20:59:30.121+0000][gc,metaspace  ] GC(13) Metaspace: 41109K->41109K(1087488K)
[2022-10-18T20:59:30.121+0000][gc            ] GC(13) Pause Young (Normal) (G1 Evacuation Pause) 238M->146M(1024M) 7.011ms
[2022-10-18T20:59:30.121+0000][gc,cpu        ] GC(13) User=0.02s Sys=0.00s Real=0.01s
[2022-10-18T21:37:15.371+0000][gc,start      ] GC(14) Pause Young (Normal) (G1 Evacuation Pause)
[2022-10-18T21:37:15.371+0000][gc,task       ] GC(14) Using 4 workers of 4 for evacuation
[2022-10-18T21:37:15.378+0000][gc,phases     ] GC(14)   Pre Evacuate Collection Set: 0.0ms
[2022-10-18T21:37:15.378+0000][gc,phases     ] GC(14)   Evacuate Collection Set: 6.1ms
[2022-10-18T21:37:15.378+0000][gc,phases     ] GC(14)   Post Evacuate Collection Set: 0.7ms
[2022-10-18T21:37:15.378+0000][gc,phases     ] GC(14)   Other: 0.3ms
[2022-10-18T21:37:15.378+0000][gc,heap       ] GC(14) Eden regions: 235->0(610)
[2022-10-18T21:37:15.378+0000][gc,heap       ] GC(14) Survivor regions: 4->4(30)
[2022-10-18T21:37:15.378+0000][gc,heap       ] GC(14) Old regions: 16->16
[2022-10-18T21:37:15.378+0000][gc,heap       ] GC(14) Humongous regions: 129->129
[2022-10-18T21:37:15.378+0000][gc,metaspace  ] GC(14) Metaspace: 41152K->41152K(1087488K)
[2022-10-18T21:37:15.378+0000][gc            ] GC(14) Pause Young (Normal) (G1 Evacuation Pause) 381M->146M(1024M) 7.160ms
[2022-10-18T21:37:15.378+0000][gc,cpu        ] GC(14) User=0.02s Sys=0.00s Real=0.01s
[2022-10-18T23:15:27.533+0000][gc,start      ] GC(15) Pause Young (Normal) (G1 Evacuation Pause)
[2022-10-18T23:15:27.533+0000][gc,task       ] GC(15) Using 4 workers of 4 for evacuation
[2022-10-18T23:15:27.541+0000][gc,phases     ] GC(15)   Pre Evacuate Collection Set: 0.0ms
[2022-10-18T23:15:27.541+0000][gc,phases     ] GC(15)   Evacuate Collection Set: 6.9ms
[2022-10-18T23:15:27.541+0000][gc,phases     ] GC(15)   Post Evacuate Collection Set: 1.1ms
[2022-10-18T23:15:27.541+0000][gc,phases     ] GC(15)   Other: 0.3ms
[2022-10-18T23:15:27.541+0000][gc,heap       ] GC(15) Eden regions: 610->0(611)
[2022-10-18T23:15:27.541+0000][gc,heap       ] GC(15) Survivor regions: 4->3(77)
[2022-10-18T23:15:27.541+0000][gc,heap       ] GC(15) Old regions: 16->16
[2022-10-18T23:15:27.541+0000][gc,heap       ] GC(15) Humongous regions: 129->129
[2022-10-18T23:15:27.541+0000][gc,metaspace  ] GC(15) Metaspace: 41189K->41189K(1087488K)
[2022-10-18T23:15:27.541+0000][gc            ] GC(15) Pause Young (Normal) (G1 Evacuation Pause) 756M->145M(1024M) 8.530ms
[2022-10-18T23:15:27.541+0000][gc,cpu        ] GC(15) User=0.03s Sys=0.00s Real=0.01s
[2022-10-19T00:54:10.575+0000][gc,start      ] GC(16) Pause Young (Normal) (G1 Evacuation Pause)
[2022-10-19T00:54:10.575+0000][gc,task       ] GC(16) Using 4 workers of 4 for evacuation
[2022-10-19T00:54:10.582+0000][gc,phases     ] GC(16)   Pre Evacuate Collection Set: 0.0ms
[2022-10-19T00:54:10.582+0000][gc,phases     ] GC(16)   Evacuate Collection Set: 4.9ms
[2022-10-19T00:54:10.582+0000][gc,phases     ] GC(16)   Post Evacuate Collection Set: 1.6ms
[2022-10-19T00:54:10.582+0000][gc,phases     ] GC(16)   Other: 0.3ms
[2022-10-19T00:54:10.582+0000][gc,heap       ] GC(16) Eden regions: 611->0(612)
[2022-10-19T00:54:10.582+0000][gc,heap       ] GC(16) Survivor regions: 3->2(77)
[2022-10-19T00:54:10.582+0000][gc,heap       ] GC(16) Old regions: 16->16
[2022-10-19T00:54:10.582+0000][gc,heap       ] GC(16) Humongous regions: 129->129
[2022-10-19T00:54:10.582+0000][gc,metaspace  ] GC(16) Metaspace: 41223K->41223K(1087488K)
[2022-10-19T00:54:10.582+0000][gc            ] GC(16) Pause Young (Normal) (G1 Evacuation Pause) 756M->144M(1024M) 6.906ms
[2022-10-19T00:54:10.582+0000][gc,cpu        ] GC(16) User=0.03s Sys=0.00s Real=0.01s
[2022-10-19T02:33:14.655+0000][gc,start      ] GC(17) Pause Young (Normal) (G1 Evacuation Pause)
[2022-10-19T02:33:14.655+0000][gc,task       ] GC(17) Using 4 workers of 4 for evacuation
[2022-10-19T02:33:14.661+0000][gc,phases     ] GC(17)   Pre Evacuate Collection Set: 0.0ms
[2022-10-19T02:33:14.661+0000][gc,phases     ] GC(17)   Evacuate Collection Set: 5.6ms
[2022-10-19T02:33:14.661+0000][gc,phases     ] GC(17)   Post Evacuate Collection Set: 0.9ms
[2022-10-19T02:33:14.661+0000][gc,phases     ] GC(17)   Other: 0.3ms
[2022-10-19T02:33:14.661+0000][gc,heap       ] GC(17) Eden regions: 612->0(610)
[2022-10-19T02:33:14.661+0000][gc,heap       ] GC(17) Survivor regions: 2->4(77)
[2022-10-19T02:33:14.661+0000][gc,heap       ] GC(17) Old regions: 16->16
[2022-10-19T02:33:14.661+0000][gc,heap       ] GC(17) Humongous regions: 129->129
[2022-10-19T02:33:14.661+0000][gc,metaspace  ] GC(17) Metaspace: 41262K->41262K(1087488K)
[2022-10-19T02:33:14.661+0000][gc            ] GC(17) Pause Young (Normal) (G1 Evacuation Pause) 756M->146M(1024M) 6.945ms
[2022-10-19T02:33:14.661+0000][gc,cpu        ] GC(17) User=0.03s Sys=0.00s Real=0.01s
[2022-10-19T04:11:41.186+0000][gc,start      ] GC(18) Pause Young (Normal) (G1 Evacuation Pause)
[2022-10-19T04:11:41.186+0000][gc,task       ] GC(18) Using 4 workers of 4 for evacuation
[2022-10-19T04:11:41.192+0000][gc,phases     ] GC(18)   Pre Evacuate Collection Set: 0.0ms
[2022-10-19T04:11:41.192+0000][gc,phases     ] GC(18)   Evacuate Collection Set: 5.5ms
[2022-10-19T04:11:41.192+0000][gc,phases     ] GC(18)   Post Evacuate Collection Set: 1.0ms
[2022-10-19T04:11:41.192+0000][gc,phases     ] GC(18)   Other: 0.3ms
[2022-10-19T04:11:41.192+0000][gc,heap       ] GC(18) Eden regions: 610->0(611)
[2022-10-19T04:11:41.192+0000][gc,heap       ] GC(18) Survivor regions: 4->3(77)
[2022-10-19T04:11:41.192+0000][gc,heap       ] GC(18) Old regions: 16->16
[2022-10-19T04:11:41.192+0000][gc,heap       ] GC(18) Humongous regions: 129->129
[2022-10-19T04:11:41.192+0000][gc,metaspace  ] GC(18) Metaspace: 41265K->41265K(1087488K)
[2022-10-19T04:11:41.192+0000][gc            ] GC(18) Pause Young (Normal) (G1 Evacuation Pause) 756M->145M(1024M) 6.861ms
[2022-10-19T04:11:41.192+0000][gc,cpu        ] GC(18) User=0.01s Sys=0.01s Real=0.01s
