[2022-10-20T16:50:59.567+0000][gc,heap] Heap region size: 1M
[2022-10-20T16:50:59.606+0000][gc     ] Using G1
[2022-10-20T16:50:59.606+0000][gc,heap,coops] Heap address: 0x00000000c0000000, size: 1024 MB, Compressed Oops mode: 32-bit
[2022-10-20T16:50:59.606+0000][gc,cds       ] Mark closed archive regions in map: [0x00000000fff00000, 0x00000000fff6aff8]
[2022-10-20T16:50:59.606+0000][gc,cds       ] Mark open archive regions in map: [0x00000000ffe00000, 0x00000000ffe47ff8]
[2022-10-20T16:51:01.783+0000][gc,start     ] GC(0) Pause Young (Normal) (G1 Evacuation Pause)
[2022-10-20T16:51:01.783+0000][gc,task      ] GC(0) Using 4 workers of 4 for evacuation
[2022-10-20T16:51:01.799+0000][gc,phases    ] GC(0)   Pre Evacuate Collection Set: 0.0ms
[2022-10-20T16:51:01.799+0000][gc,phases    ] GC(0)   Evacuate Collection Set: 15.2ms
[2022-10-20T16:51:01.799+0000][gc,phases    ] GC(0)   Post Evacuate Collection Set: 0.9ms
[2022-10-20T16:51:01.799+0000][gc,phases    ] GC(0)   Other: 0.5ms
[2022-10-20T16:51:01.799+0000][gc,heap      ] GC(0) Eden regions: 51->0(44)
[2022-10-20T16:51:01.800+0000][gc,heap      ] GC(0) Survivor regions: 0->7(7)
[2022-10-20T16:51:01.800+0000][gc,heap      ] GC(0) Old regions: 2->2
[2022-10-20T16:51:01.800+0000][gc,heap      ] GC(0) Humongous regions: 0->0
[2022-10-20T16:51:01.800+0000][gc,metaspace ] GC(0) Metaspace: 14124K->14124K(1062912K)
[2022-10-20T16:51:01.800+0000][gc           ] GC(0) Pause Young (Normal) (G1 Evacuation Pause) 51M->7M(1024M) 16.687ms
[2022-10-20T16:51:01.800+0000][gc,cpu       ] GC(0) User=0.04s Sys=0.01s Real=0.02s
[2022-10-20T16:51:02.719+0000][gc,start     ] GC(1) Pause Young (Concurrent Start) (Metadata GC Threshold)
[2022-10-20T16:51:02.719+0000][gc,task      ] GC(1) Using 4 workers of 4 for evacuation
[2022-10-20T16:51:02.745+0000][gc,mmu       ] GC(1) MMU target violated: 21.0ms (20.0ms/21.0ms)
[2022-10-20T16:51:02.745+0000][gc,phases    ] GC(1)   Pre Evacuate Collection Set: 0.1ms
[2022-10-20T16:51:02.745+0000][gc,phases    ] GC(1)   Evacuate Collection Set: 25.3ms
[2022-10-20T16:51:02.745+0000][gc,phases    ] GC(1)   Post Evacuate Collection Set: 0.9ms
[2022-10-20T16:51:02.745+0000][gc,phases    ] GC(1)   Other: 0.5ms
[2022-10-20T16:51:02.745+0000][gc,heap      ] GC(1) Eden regions: 30->0(49)
[2022-10-20T16:51:02.745+0000][gc,heap      ] GC(1) Survivor regions: 7->2(7)
[2022-10-20T16:51:02.746+0000][gc,heap      ] GC(1) Old regions: 2->9
[2022-10-20T16:51:02.746+0000][gc,heap      ] GC(1) Humongous regions: 0->0
[2022-10-20T16:51:02.746+0000][gc,metaspace ] GC(1) Metaspace: 20571K->20571K(1067008K)
[2022-10-20T16:51:02.746+0000][gc           ] GC(1) Pause Young (Concurrent Start) (Metadata GC Threshold) 36M->8M(1024M) 26.811ms
[2022-10-20T16:51:02.746+0000][gc,cpu       ] GC(1) User=0.05s Sys=0.01s Real=0.03s
[2022-10-20T16:51:02.748+0000][gc           ] GC(2) Concurrent Cycle
[2022-10-20T16:51:02.748+0000][gc,marking   ] GC(2) Concurrent Clear Claimed Marks
[2022-10-20T16:51:02.748+0000][gc,marking   ] GC(2) Concurrent Clear Claimed Marks 0.063ms
[2022-10-20T16:51:02.748+0000][gc,marking   ] GC(2) Concurrent Scan Root Regions
[2022-10-20T16:51:02.749+0000][gc,marking   ] GC(2) Concurrent Scan Root Regions 1.578ms
[2022-10-20T16:51:02.749+0000][gc,marking   ] GC(2) Concurrent Mark (3.199s)
[2022-10-20T16:51:02.749+0000][gc,marking   ] GC(2) Concurrent Mark From Roots
[2022-10-20T16:51:02.750+0000][gc,task      ] GC(2) Using 1 workers of 1 for marking
[2022-10-20T16:51:02.766+0000][gc,marking   ] GC(2) Concurrent Mark From Roots 16.940ms
[2022-10-20T16:51:02.766+0000][gc,marking   ] GC(2) Concurrent Preclean
[2022-10-20T16:51:02.767+0000][gc,marking   ] GC(2) Concurrent Preclean 0.168ms
[2022-10-20T16:51:02.767+0000][gc,marking   ] GC(2) Concurrent Mark (3.199s, 3.216s) 17.183ms
[2022-10-20T16:51:02.767+0000][gc,start     ] GC(2) Pause Remark
[2022-10-20T16:51:02.782+0000][gc,stringtable] GC(2) Cleaned string and symbol table, strings: 5129 processed, 0 removed, symbols: 52335 processed, 42 removed
[2022-10-20T16:51:02.783+0000][gc            ] GC(2) Pause Remark 9M->9M(1024M) 16.058ms
[2022-10-20T16:51:02.783+0000][gc,cpu        ] GC(2) User=0.04s Sys=0.00s Real=0.01s
[2022-10-20T16:51:02.783+0000][gc,marking    ] GC(2) Concurrent Rebuild Remembered Sets
[2022-10-20T16:51:02.790+0000][gc,marking    ] GC(2) Concurrent Rebuild Remembered Sets 6.997ms
[2022-10-20T16:51:02.793+0000][gc,start      ] GC(2) Pause Cleanup
[2022-10-20T16:51:02.793+0000][gc            ] GC(2) Pause Cleanup 9M->9M(1024M) 0.331ms
[2022-10-20T16:51:02.793+0000][gc,cpu        ] GC(2) User=0.00s Sys=0.00s Real=0.00s
[2022-10-20T16:51:02.793+0000][gc,marking    ] GC(2) Concurrent Cleanup for Next Mark
[2022-10-20T16:51:02.819+0000][gc,marking    ] GC(2) Concurrent Cleanup for Next Mark 25.735ms
[2022-10-20T16:51:02.819+0000][gc            ] GC(2) Concurrent Cycle 71.154ms
[2022-10-20T16:51:04.365+0000][gc,start      ] GC(3) Pause Young (Normal) (G1 Evacuation Pause)
[2022-10-20T16:51:04.365+0000][gc,task       ] GC(3) Using 4 workers of 4 for evacuation
[2022-10-20T16:51:04.376+0000][gc,phases     ] GC(3)   Pre Evacuate Collection Set: 0.0ms
[2022-10-20T16:51:04.376+0000][gc,phases     ] GC(3)   Evacuate Collection Set: 10.2ms
[2022-10-20T16:51:04.376+0000][gc,phases     ] GC(3)   Post Evacuate Collection Set: 0.6ms
[2022-10-20T16:51:04.376+0000][gc,phases     ] GC(3)   Other: 0.3ms
[2022-10-20T16:51:04.376+0000][gc,heap       ] GC(3) Eden regions: 49->0(47)
[2022-10-20T16:51:04.376+0000][gc,heap       ] GC(3) Survivor regions: 2->4(7)
[2022-10-20T16:51:04.376+0000][gc,heap       ] GC(3) Old regions: 9->9
[2022-10-20T16:51:04.376+0000][gc,heap       ] GC(3) Humongous regions: 129->129
[2022-10-20T16:51:04.376+0000][gc,metaspace  ] GC(3) Metaspace: 29223K->29223K(1075200K)
[2022-10-20T16:51:04.376+0000][gc            ] GC(3) Pause Young (Normal) (G1 Evacuation Pause) 186M->139M(1024M) 11.199ms
[2022-10-20T16:51:04.376+0000][gc,cpu        ] GC(3) User=0.03s Sys=0.00s Real=0.01s
[2022-10-20T16:51:05.408+0000][gc,start      ] GC(4) Pause Young (Concurrent Start) (Metadata GC Threshold)
[2022-10-20T16:51:05.408+0000][gc,task       ] GC(4) Using 4 workers of 4 for evacuation
[2022-10-20T16:51:05.416+0000][gc,phases     ] GC(4)   Pre Evacuate Collection Set: 0.2ms
[2022-10-20T16:51:05.416+0000][gc,phases     ] GC(4)   Evacuate Collection Set: 7.3ms
[2022-10-20T16:51:05.416+0000][gc,phases     ] GC(4)   Post Evacuate Collection Set: 0.6ms
[2022-10-20T16:51:05.416+0000][gc,phases     ] GC(4)   Other: 0.3ms
[2022-10-20T16:51:05.416+0000][gc,heap       ] GC(4) Eden regions: 32->0(44)
[2022-10-20T16:51:05.416+0000][gc,heap       ] GC(4) Survivor regions: 4->7(7)
[2022-10-20T16:51:05.416+0000][gc,heap       ] GC(4) Old regions: 9->9
[2022-10-20T16:51:05.416+0000][gc,heap       ] GC(4) Humongous regions: 129->129
[2022-10-20T16:51:05.416+0000][gc,metaspace  ] GC(4) Metaspace: 34444K->34444K(1081344K)
[2022-10-20T16:51:05.416+0000][gc            ] GC(4) Pause Young (Concurrent Start) (Metadata GC Threshold) 171M->142M(1024M) 8.498ms
[2022-10-20T16:51:05.416+0000][gc,cpu        ] GC(4) User=0.03s Sys=0.00s Real=0.01s
[2022-10-20T16:51:05.417+0000][gc            ] GC(5) Concurrent Cycle
[2022-10-20T16:51:05.417+0000][gc,marking    ] GC(5) Concurrent Clear Claimed Marks
[2022-10-20T16:51:05.417+0000][gc,marking    ] GC(5) Concurrent Clear Claimed Marks 0.135ms
[2022-10-20T16:51:05.417+0000][gc,marking    ] GC(5) Concurrent Scan Root Regions
[2022-10-20T16:51:05.423+0000][gc,marking    ] GC(5) Concurrent Scan Root Regions 5.621ms
[2022-10-20T16:51:05.423+0000][gc,marking    ] GC(5) Concurrent Mark (5.872s)
[2022-10-20T16:51:05.423+0000][gc,marking    ] GC(5) Concurrent Mark From Roots
[2022-10-20T16:51:05.423+0000][gc,task       ] GC(5) Using 1 workers of 1 for marking
[2022-10-20T16:51:05.437+0000][gc,marking    ] GC(5) Concurrent Mark From Roots 14.606ms
[2022-10-20T16:51:05.437+0000][gc,marking    ] GC(5) Concurrent Preclean
[2022-10-20T16:51:05.437+0000][gc,marking    ] GC(5) Concurrent Preclean 0.133ms
[2022-10-20T16:51:05.437+0000][gc,marking    ] GC(5) Concurrent Mark (5.872s, 5.887s) 14.811ms
[2022-10-20T16:51:05.447+0000][gc,start      ] GC(5) Pause Remark
[2022-10-20T16:51:05.451+0000][gc,stringtable] GC(5) Cleaned string and symbol table, strings: 10356 processed, 12 removed, symbols: 85094 processed, 14 removed
[2022-10-20T16:51:05.451+0000][gc            ] GC(5) Pause Remark 143M->143M(1024M) 4.414ms
[2022-10-20T16:51:05.451+0000][gc,cpu        ] GC(5) User=0.02s Sys=0.00s Real=0.00s
[2022-10-20T16:51:05.451+0000][gc,marking    ] GC(5) Concurrent Rebuild Remembered Sets
[2022-10-20T16:51:05.458+0000][gc,marking    ] GC(5) Concurrent Rebuild Remembered Sets 7.201ms
[2022-10-20T16:51:05.459+0000][gc,start      ] GC(5) Pause Cleanup
[2022-10-20T16:51:05.459+0000][gc            ] GC(5) Pause Cleanup 144M->144M(1024M) 0.388ms
[2022-10-20T16:51:05.459+0000][gc,cpu        ] GC(5) User=0.01s Sys=0.00s Real=0.00s
[2022-10-20T16:51:05.459+0000][gc,marking    ] GC(5) Concurrent Cleanup for Next Mark
[2022-10-20T16:51:05.485+0000][gc,marking    ] GC(5) Concurrent Cleanup for Next Mark 26.336ms
[2022-10-20T16:51:05.485+0000][gc            ] GC(5) Concurrent Cycle 68.564ms
[2022-10-20T16:55:49.848+0000][gc,start      ] GC(6) Pause Young (Normal) (G1 Evacuation Pause)
[2022-10-20T16:55:49.848+0000][gc,task       ] GC(6) Using 4 workers of 4 for evacuation
[2022-10-20T16:55:49.863+0000][gc,phases     ] GC(6)   Pre Evacuate Collection Set: 0.0ms
[2022-10-20T16:55:49.863+0000][gc,phases     ] GC(6)   Evacuate Collection Set: 13.8ms
[2022-10-20T16:55:49.863+0000][gc,phases     ] GC(6)   Post Evacuate Collection Set: 1.6ms
[2022-10-20T16:55:49.863+0000][gc,phases     ] GC(6)   Other: 0.2ms
[2022-10-20T16:55:49.863+0000][gc,heap       ] GC(6) Eden regions: 44->0(46)
[2022-10-20T16:55:49.863+0000][gc,heap       ] GC(6) Survivor regions: 7->5(7)
[2022-10-20T16:55:49.863+0000][gc,heap       ] GC(6) Old regions: 9->12
[2022-10-20T16:55:49.863+0000][gc,heap       ] GC(6) Humongous regions: 135->129
[2022-10-20T16:55:49.863+0000][gc,metaspace  ] GC(6) Metaspace: 40707K->40707K(1085440K)
[2022-10-20T16:55:49.863+0000][gc            ] GC(6) Pause Young (Normal) (G1 Evacuation Pause) 192M->144M(1024M) 15.722ms
[2022-10-20T16:55:49.863+0000][gc,cpu        ] GC(6) User=0.05s Sys=0.01s Real=0.02s
[2022-10-20T16:57:09.347+0000][gc,heap,exit  ] Heap
[2022-10-20T16:57:09.347+0000][gc,heap,exit  ]  garbage-first heap   total 1048576K, used 164944K [0x00000000c0000000, 0x0000000100000000)
[2022-10-20T16:57:09.347+0000][gc,heap,exit  ]   region size 1024K, 23 young (23552K), 5 survivors (5120K)
[2022-10-20T16:57:09.347+0000][gc,heap,exit  ]  Metaspace       used 41697K, capacity 44093K, committed 44416K, reserved 1087488K
[2022-10-20T16:57:09.347+0000][gc,heap,exit  ]   class space    used 5491K, capacity 6714K, committed 6784K, reserved 1048576K
