[2022-10-18T18:05:08.728+0000][gc,heap] Heap region size: 1M
[2022-10-18T18:05:08.744+0000][gc     ] Using G1
[2022-10-18T18:05:08.744+0000][gc,heap,coops] Heap address: 0x00000000c0000000, size: 1024 MB, Compressed Oops mode: 32-bit
[2022-10-18T18:05:08.744+0000][gc,cds       ] Mark closed archive regions in map: [0x00000000fff00000, 0x00000000fff6aff8]
[2022-10-18T18:05:08.744+0000][gc,cds       ] Mark open archive regions in map: [0x00000000ffe00000, 0x00000000ffe47ff8]
[2022-10-18T18:05:09.897+0000][gc,start     ] GC(0) Pause Young (Normal) (G1 Evacuation Pause)
[2022-10-18T18:05:09.900+0000][gc,task      ] GC(0) Using 4 workers of 4 for evacuation
[2022-10-18T18:05:09.916+0000][gc,phases    ] GC(0)   Pre Evacuate Collection Set: 0.0ms
[2022-10-18T18:05:09.916+0000][gc,phases    ] GC(0)   Evacuate Collection Set: 14.8ms
[2022-10-18T18:05:09.916+0000][gc,phases    ] GC(0)   Post Evacuate Collection Set: 0.6ms
[2022-10-18T18:05:09.916+0000][gc,phases    ] GC(0)   Other: 2.7ms
[2022-10-18T18:05:09.916+0000][gc,heap      ] GC(0) Eden regions: 51->0(44)
[2022-10-18T18:05:09.916+0000][gc,heap      ] GC(0) Survivor regions: 0->7(7)
[2022-10-18T18:05:09.916+0000][gc,heap      ] GC(0) Old regions: 2->2
[2022-10-18T18:05:09.916+0000][gc,heap      ] GC(0) Humongous regions: 0->0
[2022-10-18T18:05:09.916+0000][gc,metaspace ] GC(0) Metaspace: 14126K->14126K(1062912K)
[2022-10-18T18:05:09.916+0000][gc           ] GC(0) Pause Young (Normal) (G1 Evacuation Pause) 51M->7M(1024M) 18.240ms
[2022-10-18T18:05:09.916+0000][gc,cpu       ] GC(0) User=0.05s Sys=0.00s Real=0.02s
[2022-10-18T18:05:10.496+0000][gc,start     ] GC(1) Pause Young (Concurrent Start) (Metadata GC Threshold)
[2022-10-18T18:05:10.496+0000][gc,task      ] GC(1) Using 4 workers of 4 for evacuation
[2022-10-18T18:05:10.510+0000][gc,phases    ] GC(1)   Pre Evacuate Collection Set: 0.1ms
[2022-10-18T18:05:10.510+0000][gc,phases    ] GC(1)   Evacuate Collection Set: 12.8ms
[2022-10-18T18:05:10.510+0000][gc,phases    ] GC(1)   Post Evacuate Collection Set: 0.5ms
[2022-10-18T18:05:10.510+0000][gc,phases    ] GC(1)   Other: 0.3ms
[2022-10-18T18:05:10.510+0000][gc,heap      ] GC(1) Eden regions: 31->0(49)
[2022-10-18T18:05:10.510+0000][gc,heap      ] GC(1) Survivor regions: 7->2(7)
[2022-10-18T18:05:10.510+0000][gc,heap      ] GC(1) Old regions: 2->9
[2022-10-18T18:05:10.510+0000][gc,heap      ] GC(1) Humongous regions: 0->0
[2022-10-18T18:05:10.510+0000][gc,metaspace ] GC(1) Metaspace: 20631K->20631K(1067008K)
[2022-10-18T18:05:10.510+0000][gc           ] GC(1) Pause Young (Concurrent Start) (Metadata GC Threshold) 38M->8M(1024M) 13.765ms
[2022-10-18T18:05:10.510+0000][gc,cpu       ] GC(1) User=0.05s Sys=0.00s Real=0.01s
[2022-10-18T18:05:10.510+0000][gc           ] GC(2) Concurrent Cycle
[2022-10-18T18:05:10.510+0000][gc,marking   ] GC(2) Concurrent Clear Claimed Marks
[2022-10-18T18:05:10.510+0000][gc,marking   ] GC(2) Concurrent Clear Claimed Marks 0.060ms
[2022-10-18T18:05:10.510+0000][gc,marking   ] GC(2) Concurrent Scan Root Regions
[2022-10-18T18:05:10.512+0000][gc,marking   ] GC(2) Concurrent Scan Root Regions 1.406ms
[2022-10-18T18:05:10.512+0000][gc,marking   ] GC(2) Concurrent Mark (1.789s)
[2022-10-18T18:05:10.512+0000][gc,marking   ] GC(2) Concurrent Mark From Roots
[2022-10-18T18:05:10.512+0000][gc,task      ] GC(2) Using 1 workers of 1 for marking
[2022-10-18T18:05:10.528+0000][gc,marking   ] GC(2) Concurrent Mark From Roots 16.324ms
[2022-10-18T18:05:10.528+0000][gc,marking   ] GC(2) Concurrent Preclean
[2022-10-18T18:05:10.528+0000][gc,marking   ] GC(2) Concurrent Preclean 0.188ms
[2022-10-18T18:05:10.528+0000][gc,marking   ] GC(2) Concurrent Mark (1.789s, 1.805s) 16.614ms
[2022-10-18T18:05:10.529+0000][gc,start     ] GC(2) Pause Remark
[2022-10-18T18:05:10.532+0000][gc,stringtable] GC(2) Cleaned string and symbol table, strings: 5191 processed, 0 removed, symbols: 52586 processed, 44 removed
[2022-10-18T18:05:10.533+0000][gc            ] GC(2) Pause Remark 8M->8M(1024M) 3.598ms
[2022-10-18T18:05:10.533+0000][gc,cpu        ] GC(2) User=0.01s Sys=0.00s Real=0.01s
[2022-10-18T18:05:10.533+0000][gc,marking    ] GC(2) Concurrent Rebuild Remembered Sets
[2022-10-18T18:05:10.538+0000][gc,marking    ] GC(2) Concurrent Rebuild Remembered Sets 5.571ms
[2022-10-18T18:05:10.538+0000][gc,start      ] GC(2) Pause Cleanup
[2022-10-18T18:05:10.539+0000][gc            ] GC(2) Pause Cleanup 9M->9M(1024M) 0.266ms
[2022-10-18T18:05:10.539+0000][gc,cpu        ] GC(2) User=0.00s Sys=0.00s Real=0.00s
[2022-10-18T18:05:10.539+0000][gc,marking    ] GC(2) Concurrent Cleanup for Next Mark
[2022-10-18T18:05:10.558+0000][gc,marking    ] GC(2) Concurrent Cleanup for Next Mark 19.041ms
[2022-10-18T18:05:10.558+0000][gc            ] GC(2) Concurrent Cycle 47.767ms
[2022-10-18T18:05:11.298+0000][gc,start      ] GC(3) Pause Young (Normal) (G1 Evacuation Pause)
[2022-10-18T18:05:11.298+0000][gc,task       ] GC(3) Using 4 workers of 4 for evacuation
[2022-10-18T18:05:11.305+0000][gc,phases     ] GC(3)   Pre Evacuate Collection Set: 0.0ms
[2022-10-18T18:05:11.305+0000][gc,phases     ] GC(3)   Evacuate Collection Set: 6.8ms
[2022-10-18T18:05:11.305+0000][gc,phases     ] GC(3)   Post Evacuate Collection Set: 0.6ms
[2022-10-18T18:05:11.305+0000][gc,phases     ] GC(3)   Other: 0.2ms
[2022-10-18T18:05:11.305+0000][gc,heap       ] GC(3) Eden regions: 49->0(46)
[2022-10-18T18:05:11.305+0000][gc,heap       ] GC(3) Survivor regions: 2->5(7)
[2022-10-18T18:05:11.305+0000][gc,heap       ] GC(3) Old regions: 9->9
[2022-10-18T18:05:11.305+0000][gc,heap       ] GC(3) Humongous regions: 129->129
[2022-10-18T18:05:11.305+0000][gc,metaspace  ] GC(3) Metaspace: 28647K->28647K(1075200K)
[2022-10-18T18:05:11.305+0000][gc            ] GC(3) Pause Young (Normal) (G1 Evacuation Pause) 186M->140M(1024M) 7.759ms
[2022-10-18T18:05:11.305+0000][gc,cpu        ] GC(3) User=0.02s Sys=0.00s Real=0.01s
[2022-10-18T18:05:11.808+0000][gc,start      ] GC(4) Pause Young (Concurrent Start) (Metadata GC Threshold)
[2022-10-18T18:05:11.808+0000][gc,task       ] GC(4) Using 4 workers of 4 for evacuation
[2022-10-18T18:05:11.819+0000][gc,phases     ] GC(4)   Pre Evacuate Collection Set: 0.2ms
[2022-10-18T18:05:11.819+0000][gc,phases     ] GC(4)   Evacuate Collection Set: 10.2ms
[2022-10-18T18:05:11.819+0000][gc,phases     ] GC(4)   Post Evacuate Collection Set: 0.5ms
[2022-10-18T18:05:11.819+0000][gc,phases     ] GC(4)   Other: 0.3ms
[2022-10-18T18:05:11.819+0000][gc,heap       ] GC(4) Eden regions: 32->0(49)
[2022-10-18T18:05:11.819+0000][gc,heap       ] GC(4) Survivor regions: 5->2(7)
[2022-10-18T18:05:11.819+0000][gc,heap       ] GC(4) Old regions: 9->13
[2022-10-18T18:05:11.819+0000][gc,heap       ] GC(4) Humongous regions: 129->129
[2022-10-18T18:05:11.819+0000][gc,metaspace  ] GC(4) Metaspace: 34547K->34547K(1081344K)
[2022-10-18T18:05:11.819+0000][gc            ] GC(4) Pause Young (Concurrent Start) (Metadata GC Threshold) 172M->142M(1024M) 11.261ms
[2022-10-18T18:05:11.819+0000][gc,cpu        ] GC(4) User=0.04s Sys=0.00s Real=0.01s
[2022-10-18T18:05:11.819+0000][gc            ] GC(5) Concurrent Cycle
[2022-10-18T18:05:11.819+0000][gc,marking    ] GC(5) Concurrent Clear Claimed Marks
[2022-10-18T18:05:11.819+0000][gc,marking    ] GC(5) Concurrent Clear Claimed Marks 0.190ms
[2022-10-18T18:05:11.819+0000][gc,marking    ] GC(5) Concurrent Scan Root Regions
[2022-10-18T18:05:11.821+0000][gc,marking    ] GC(5) Concurrent Scan Root Regions 1.698ms
[2022-10-18T18:05:11.821+0000][gc,marking    ] GC(5) Concurrent Mark (3.098s)
[2022-10-18T18:05:11.821+0000][gc,marking    ] GC(5) Concurrent Mark From Roots
[2022-10-18T18:05:11.821+0000][gc,task       ] GC(5) Using 1 workers of 1 for marking
[2022-10-18T18:05:11.865+0000][gc,marking    ] GC(5) Concurrent Mark From Roots 43.713ms
[2022-10-18T18:05:11.865+0000][gc,marking    ] GC(5) Concurrent Preclean
[2022-10-18T18:05:11.865+0000][gc,marking    ] GC(5) Concurrent Preclean 0.115ms
[2022-10-18T18:05:11.865+0000][gc,marking    ] GC(5) Concurrent Mark (3.098s, 3.142s) 43.904ms
[2022-10-18T18:05:11.865+0000][gc,start      ] GC(5) Pause Remark
[2022-10-18T18:05:11.869+0000][gc,stringtable] GC(5) Cleaned string and symbol table, strings: 10402 processed, 10 removed, symbols: 84134 processed, 13 removed
[2022-10-18T18:05:11.869+0000][gc            ] GC(5) Pause Remark 145M->145M(1024M) 4.052ms
[2022-10-18T18:05:11.869+0000][gc,cpu        ] GC(5) User=0.01s Sys=0.00s Real=0.00s
[2022-10-18T18:05:11.869+0000][gc,marking    ] GC(5) Concurrent Rebuild Remembered Sets
[2022-10-18T18:05:11.889+0000][gc,marking    ] GC(5) Concurrent Rebuild Remembered Sets 19.763ms
[2022-10-18T18:05:11.889+0000][gc,start      ] GC(5) Pause Cleanup
[2022-10-18T18:05:11.890+0000][gc            ] GC(5) Pause Cleanup 146M->146M(1024M) 0.242ms
[2022-10-18T18:05:11.890+0000][gc,cpu        ] GC(5) User=0.00s Sys=0.00s Real=0.00s
[2022-10-18T18:05:11.890+0000][gc,marking    ] GC(5) Concurrent Cleanup for Next Mark
[2022-10-18T18:05:11.916+0000][gc,marking    ] GC(5) Concurrent Cleanup for Next Mark 26.743ms
[2022-10-18T18:05:11.916+0000][gc            ] GC(5) Concurrent Cycle 97.668ms
[2022-10-18T18:23:24.817+0000][gc,start      ] GC(6) Pause Young (Concurrent Start) (G1 Evacuation Pause)
[2022-10-18T18:23:24.817+0000][gc,task       ] GC(6) Using 4 workers of 4 for evacuation
[2022-10-18T18:23:24.827+0000][gc,phases     ] GC(6)   Pre Evacuate Collection Set: 0.3ms
[2022-10-18T18:23:24.827+0000][gc,phases     ] GC(6)   Evacuate Collection Set: 8.7ms
[2022-10-18T18:23:24.827+0000][gc,phases     ] GC(6)   Post Evacuate Collection Set: 1.0ms
[2022-10-18T18:23:24.827+0000][gc,phases     ] GC(6)   Other: 0.3ms
[2022-10-18T18:23:24.827+0000][gc,heap       ] GC(6) Eden regions: 49->0(47)
[2022-10-18T18:23:24.827+0000][gc,heap       ] GC(6) Survivor regions: 2->4(7)
[2022-10-18T18:23:24.827+0000][gc,heap       ] GC(6) Old regions: 13->13
[2022-10-18T18:23:24.827+0000][gc,heap       ] GC(6) Humongous regions: 129->129
[2022-10-18T18:23:24.827+0000][gc,metaspace  ] GC(6) Metaspace: 40956K->40956K(1085440K)
[2022-10-18T18:23:24.827+0000][gc            ] GC(6) Pause Young (Concurrent Start) (G1 Evacuation Pause) 191M->144M(1024M) 10.452ms
[2022-10-18T18:23:24.827+0000][gc,cpu        ] GC(6) User=0.03s Sys=0.00s Real=0.01s
[2022-10-18T18:23:24.827+0000][gc            ] GC(7) Concurrent Cycle
[2022-10-18T18:23:24.827+0000][gc,marking    ] GC(7) Concurrent Clear Claimed Marks
[2022-10-18T18:23:24.828+0000][gc,marking    ] GC(7) Concurrent Clear Claimed Marks 0.186ms
[2022-10-18T18:23:24.828+0000][gc,marking    ] GC(7) Concurrent Scan Root Regions
[2022-10-18T18:23:24.833+0000][gc,marking    ] GC(7) Concurrent Scan Root Regions 5.712ms
[2022-10-18T18:23:24.833+0000][gc,marking    ] GC(7) Concurrent Mark (1096.111s)
[2022-10-18T18:23:24.833+0000][gc,marking    ] GC(7) Concurrent Mark From Roots
[2022-10-18T18:23:24.833+0000][gc,task       ] GC(7) Using 1 workers of 1 for marking
[2022-10-18T18:23:24.862+0000][gc,marking    ] GC(7) Concurrent Mark From Roots 28.529ms
[2022-10-18T18:23:24.862+0000][gc,marking    ] GC(7) Concurrent Preclean
[2022-10-18T18:23:24.862+0000][gc,marking    ] GC(7) Concurrent Preclean 0.355ms
[2022-10-18T18:23:24.862+0000][gc,marking    ] GC(7) Concurrent Mark (1096.111s, 1096.139s) 28.961ms
[2022-10-18T18:23:24.863+0000][gc,start      ] GC(7) Pause Remark
[2022-10-18T18:23:24.872+0000][gc,stringtable] GC(7) Cleaned string and symbol table, strings: 11505 processed, 286 removed, symbols: 91166 processed, 7 removed
[2022-10-18T18:23:24.873+0000][gc            ] GC(7) Pause Remark 144M->144M(1024M) 10.120ms
[2022-10-18T18:23:24.873+0000][gc,cpu        ] GC(7) User=0.04s Sys=0.00s Real=0.01s
[2022-10-18T18:23:24.873+0000][gc,marking    ] GC(7) Concurrent Rebuild Remembered Sets
[2022-10-18T18:23:24.884+0000][gc,marking    ] GC(7) Concurrent Rebuild Remembered Sets 11.329ms
[2022-10-18T18:23:24.885+0000][gc,start      ] GC(7) Pause Cleanup
[2022-10-18T18:23:24.886+0000][gc            ] GC(7) Pause Cleanup 145M->145M(1024M) 0.252ms
[2022-10-18T18:23:24.886+0000][gc,cpu        ] GC(7) User=0.00s Sys=0.00s Real=0.00s
[2022-10-18T18:23:24.886+0000][gc,marking    ] GC(7) Concurrent Cleanup for Next Mark
[2022-10-18T18:23:24.889+0000][gc,marking    ] GC(7) Concurrent Cleanup for Next Mark 2.925ms
[2022-10-18T18:23:24.889+0000][gc            ] GC(7) Concurrent Cycle 61.256ms
[2022-10-18T18:31:33.461+0000][gc,start      ] GC(8) Pause Young (Normal) (G1 Evacuation Pause)
[2022-10-18T18:31:33.461+0000][gc,task       ] GC(8) Using 4 workers of 4 for evacuation
[2022-10-18T18:31:33.478+0000][gc,phases     ] GC(8)   Pre Evacuate Collection Set: 0.0ms
[2022-10-18T18:31:33.478+0000][gc,phases     ] GC(8)   Evacuate Collection Set: 15.9ms
[2022-10-18T18:31:33.478+0000][gc,phases     ] GC(8)   Post Evacuate Collection Set: 0.9ms
[2022-10-18T18:31:33.478+0000][gc,phases     ] GC(8)   Other: 0.2ms
[2022-10-18T18:31:33.478+0000][gc,heap       ] GC(8) Eden regions: 47->0(44)
[2022-10-18T18:31:33.478+0000][gc,heap       ] GC(8) Survivor regions: 4->7(7)
[2022-10-18T18:31:33.478+0000][gc,heap       ] GC(8) Old regions: 13->14
[2022-10-18T18:31:33.478+0000][gc,heap       ] GC(8) Humongous regions: 129->129
[2022-10-18T18:31:33.478+0000][gc,metaspace  ] GC(8) Metaspace: 43957K->43957K(1089536K)
[2022-10-18T18:31:33.478+0000][gc            ] GC(8) Pause Young (Normal) (G1 Evacuation Pause) 191M->147M(1024M) 17.148ms
[2022-10-18T18:31:33.478+0000][gc,cpu        ] GC(8) User=0.05s Sys=0.00s Real=0.01s
[2022-10-18T18:44:21.245+0000][gc,start      ] GC(9) Pause Young (Normal) (G1 Evacuation Pause)
[2022-10-18T18:44:21.245+0000][gc,task       ] GC(9) Using 4 workers of 4 for evacuation
[2022-10-18T18:44:21.259+0000][gc,phases     ] GC(9)   Pre Evacuate Collection Set: 0.0ms
[2022-10-18T18:44:21.259+0000][gc,phases     ] GC(9)   Evacuate Collection Set: 13.6ms
[2022-10-18T18:44:21.259+0000][gc,phases     ] GC(9)   Post Evacuate Collection Set: 0.8ms
[2022-10-18T18:44:21.259+0000][gc,phases     ] GC(9)   Other: 0.2ms
[2022-10-18T18:44:21.259+0000][gc,heap       ] GC(9) Eden regions: 44->0(48)
[2022-10-18T18:44:21.259+0000][gc,heap       ] GC(9) Survivor regions: 7->3(7)
[2022-10-18T18:44:21.259+0000][gc,heap       ] GC(9) Old regions: 14->18
[2022-10-18T18:44:21.259+0000][gc,heap       ] GC(9) Humongous regions: 129->129
[2022-10-18T18:44:21.259+0000][gc,metaspace  ] GC(9) Metaspace: 44089K->44089K(1089536K)
[2022-10-18T18:44:21.259+0000][gc            ] GC(9) Pause Young (Normal) (G1 Evacuation Pause) 191M->148M(1024M) 14.715ms
[2022-10-18T18:44:21.259+0000][gc,cpu        ] GC(9) User=0.04s Sys=0.00s Real=0.01s
