[2022-10-20T16:51:26.198+0000][gc,heap] Heap region size: 1M
[2022-10-20T16:51:26.242+0000][gc     ] Using G1
[2022-10-20T16:51:26.242+0000][gc,heap,coops] Heap address: 0x00000000c0000000, size: 1024 MB, Compressed Oops mode: 32-bit
[2022-10-20T16:51:26.243+0000][gc,cds       ] Mark closed archive regions in map: [0x00000000fff00000, 0x00000000fff6aff8]
[2022-10-20T16:51:26.243+0000][gc,cds       ] Mark open archive regions in map: [0x00000000ffe00000, 0x00000000ffe47ff8]
[2022-10-20T16:51:28.004+0000][gc,start     ] GC(0) Pause Young (Normal) (G1 Evacuation Pause)
[2022-10-20T16:51:28.006+0000][gc,task      ] GC(0) Using 4 workers of 4 for evacuation
[2022-10-20T16:51:28.034+0000][gc,mmu       ] GC(0) MMU target violated: 21.0ms (20.0ms/21.0ms)
[2022-10-20T16:51:28.034+0000][gc,phases    ] GC(0)   Pre Evacuate Collection Set: 0.0ms
[2022-10-20T16:51:28.034+0000][gc,phases    ] GC(0)   Evacuate Collection Set: 26.4ms
[2022-10-20T16:51:28.034+0000][gc,phases    ] GC(0)   Post Evacuate Collection Set: 1.4ms
[2022-10-20T16:51:28.034+0000][gc,phases    ] GC(0)   Other: 2.6ms
[2022-10-20T16:51:28.034+0000][gc,heap      ] GC(0) Eden regions: 51->0(44)
[2022-10-20T16:51:28.034+0000][gc,heap      ] GC(0) Survivor regions: 0->7(7)
[2022-10-20T16:51:28.034+0000][gc,heap      ] GC(0) Old regions: 2->2
[2022-10-20T16:51:28.034+0000][gc,heap      ] GC(0) Humongous regions: 0->0
[2022-10-20T16:51:28.034+0000][gc,metaspace ] GC(0) Metaspace: 14115K->14115K(1062912K)
[2022-10-20T16:51:28.034+0000][gc           ] GC(0) Pause Young (Normal) (G1 Evacuation Pause) 51M->7M(1024M) 30.832ms
[2022-10-20T16:51:28.034+0000][gc,cpu       ] GC(0) User=0.09s Sys=0.02s Real=0.02s
[2022-10-20T16:51:28.550+0000][gc,start     ] GC(1) Pause Young (Concurrent Start) (Metadata GC Threshold)
[2022-10-20T16:51:28.550+0000][gc,task      ] GC(1) Using 4 workers of 4 for evacuation
[2022-10-20T16:51:28.572+0000][gc,mmu       ] GC(1) MMU target violated: 21.0ms (20.0ms/21.0ms)
[2022-10-20T16:51:28.572+0000][gc,phases    ] GC(1)   Pre Evacuate Collection Set: 0.1ms
[2022-10-20T16:51:28.572+0000][gc,phases    ] GC(1)   Evacuate Collection Set: 21.0ms
[2022-10-20T16:51:28.572+0000][gc,phases    ] GC(1)   Post Evacuate Collection Set: 0.8ms
[2022-10-20T16:51:28.572+0000][gc,phases    ] GC(1)   Other: 0.4ms
[2022-10-20T16:51:28.572+0000][gc,heap      ] GC(1) Eden regions: 31->0(49)
[2022-10-20T16:51:28.572+0000][gc,heap      ] GC(1) Survivor regions: 7->2(7)
[2022-10-20T16:51:28.572+0000][gc,heap      ] GC(1) Old regions: 2->9
[2022-10-20T16:51:28.572+0000][gc,heap      ] GC(1) Humongous regions: 0->0
[2022-10-20T16:51:28.572+0000][gc,metaspace ] GC(1) Metaspace: 20546K->20546K(1067008K)
[2022-10-20T16:51:28.572+0000][gc           ] GC(1) Pause Young (Concurrent Start) (Metadata GC Threshold) 38M->8M(1024M) 22.314ms
[2022-10-20T16:51:28.572+0000][gc,cpu       ] GC(1) User=0.07s Sys=0.00s Real=0.02s
[2022-10-20T16:51:28.572+0000][gc           ] GC(2) Concurrent Cycle
[2022-10-20T16:51:28.572+0000][gc,marking   ] GC(2) Concurrent Clear Claimed Marks
[2022-10-20T16:51:28.573+0000][gc,marking   ] GC(2) Concurrent Clear Claimed Marks 0.078ms
[2022-10-20T16:51:28.573+0000][gc,marking   ] GC(2) Concurrent Scan Root Regions
[2022-10-20T16:51:28.574+0000][gc,marking   ] GC(2) Concurrent Scan Root Regions 1.381ms
[2022-10-20T16:51:28.574+0000][gc,marking   ] GC(2) Concurrent Mark (2.384s)
[2022-10-20T16:51:28.574+0000][gc,marking   ] GC(2) Concurrent Mark From Roots
[2022-10-20T16:51:28.574+0000][gc,task      ] GC(2) Using 1 workers of 1 for marking
[2022-10-20T16:51:28.588+0000][gc,marking   ] GC(2) Concurrent Mark From Roots 14.075ms
[2022-10-20T16:51:28.588+0000][gc,marking   ] GC(2) Concurrent Preclean
[2022-10-20T16:51:28.588+0000][gc,marking   ] GC(2) Concurrent Preclean 0.131ms
[2022-10-20T16:51:28.588+0000][gc,marking   ] GC(2) Concurrent Mark (2.384s, 2.398s) 14.280ms
[2022-10-20T16:51:28.588+0000][gc,start     ] GC(2) Pause Remark
[2022-10-20T16:51:28.595+0000][gc,stringtable] GC(2) Cleaned string and symbol table, strings: 5130 processed, 0 removed, symbols: 52323 processed, 42 removed
[2022-10-20T16:51:28.598+0000][gc            ] GC(2) Pause Remark 9M->9M(1024M) 9.643ms
[2022-10-20T16:51:28.598+0000][gc,cpu        ] GC(2) User=0.02s Sys=0.00s Real=0.01s
[2022-10-20T16:51:28.598+0000][gc,marking    ] GC(2) Concurrent Rebuild Remembered Sets
[2022-10-20T16:51:28.605+0000][gc,marking    ] GC(2) Concurrent Rebuild Remembered Sets 6.374ms
[2022-10-20T16:51:28.608+0000][gc,start      ] GC(2) Pause Cleanup
[2022-10-20T16:51:28.608+0000][gc            ] GC(2) Pause Cleanup 9M->9M(1024M) 0.329ms
[2022-10-20T16:51:28.608+0000][gc,cpu        ] GC(2) User=0.00s Sys=0.00s Real=0.00s
[2022-10-20T16:51:28.609+0000][gc,marking    ] GC(2) Concurrent Cleanup for Next Mark
[2022-10-20T16:51:28.624+0000][gc,marking    ] GC(2) Concurrent Cleanup for Next Mark 15.530ms
[2022-10-20T16:51:28.624+0000][gc            ] GC(2) Concurrent Cycle 51.638ms
[2022-10-20T16:51:29.868+0000][gc,start      ] GC(3) Pause Young (Normal) (G1 Evacuation Pause)
[2022-10-20T16:51:29.868+0000][gc,task       ] GC(3) Using 4 workers of 4 for evacuation
[2022-10-20T16:51:29.873+0000][gc,phases     ] GC(3)   Pre Evacuate Collection Set: 0.1ms
[2022-10-20T16:51:29.873+0000][gc,phases     ] GC(3)   Evacuate Collection Set: 3.6ms
[2022-10-20T16:51:29.873+0000][gc,phases     ] GC(3)   Post Evacuate Collection Set: 0.7ms
[2022-10-20T16:51:29.873+0000][gc,phases     ] GC(3)   Other: 0.2ms
[2022-10-20T16:51:29.873+0000][gc,heap       ] GC(3) Eden regions: 49->0(47)
[2022-10-20T16:51:29.873+0000][gc,heap       ] GC(3) Survivor regions: 2->4(7)
[2022-10-20T16:51:29.873+0000][gc,heap       ] GC(3) Old regions: 9->9
[2022-10-20T16:51:29.873+0000][gc,heap       ] GC(3) Humongous regions: 129->129
[2022-10-20T16:51:29.873+0000][gc,metaspace  ] GC(3) Metaspace: 29351K->29351K(1075200K)
[2022-10-20T16:51:29.873+0000][gc            ] GC(3) Pause Young (Normal) (G1 Evacuation Pause) 186M->139M(1024M) 4.732ms
[2022-10-20T16:51:29.873+0000][gc,cpu        ] GC(3) User=0.02s Sys=0.00s Real=0.00s
[2022-10-20T16:51:30.487+0000][gc,start      ] GC(4) Pause Young (Concurrent Start) (Metadata GC Threshold)
[2022-10-20T16:51:30.487+0000][gc,task       ] GC(4) Using 4 workers of 4 for evacuation
[2022-10-20T16:51:30.499+0000][gc,phases     ] GC(4)   Pre Evacuate Collection Set: 0.1ms
[2022-10-20T16:51:30.499+0000][gc,phases     ] GC(4)   Evacuate Collection Set: 11.1ms
[2022-10-20T16:51:30.499+0000][gc,phases     ] GC(4)   Post Evacuate Collection Set: 0.6ms
[2022-10-20T16:51:30.499+0000][gc,phases     ] GC(4)   Other: 0.3ms
[2022-10-20T16:51:30.499+0000][gc,heap       ] GC(4) Eden regions: 31->0(44)
[2022-10-20T16:51:30.499+0000][gc,heap       ] GC(4) Survivor regions: 4->7(7)
[2022-10-20T16:51:30.499+0000][gc,heap       ] GC(4) Old regions: 9->9
[2022-10-20T16:51:30.499+0000][gc,heap       ] GC(4) Humongous regions: 129->129
[2022-10-20T16:51:30.499+0000][gc,metaspace  ] GC(4) Metaspace: 34361K->34361K(1081344K)
[2022-10-20T16:51:30.499+0000][gc            ] GC(4) Pause Young (Concurrent Start) (Metadata GC Threshold) 170M->142M(1024M) 12.278ms
[2022-10-20T16:51:30.499+0000][gc,cpu        ] GC(4) User=0.03s Sys=0.00s Real=0.01s
[2022-10-20T16:51:30.499+0000][gc            ] GC(5) Concurrent Cycle
[2022-10-20T16:51:30.499+0000][gc,marking    ] GC(5) Concurrent Clear Claimed Marks
[2022-10-20T16:51:30.500+0000][gc,marking    ] GC(5) Concurrent Clear Claimed Marks 0.106ms
[2022-10-20T16:51:30.500+0000][gc,marking    ] GC(5) Concurrent Scan Root Regions
[2022-10-20T16:51:30.504+0000][gc,marking    ] GC(5) Concurrent Scan Root Regions 4.697ms
[2022-10-20T16:51:30.504+0000][gc,marking    ] GC(5) Concurrent Mark (4.314s)
[2022-10-20T16:51:30.504+0000][gc,marking    ] GC(5) Concurrent Mark From Roots
[2022-10-20T16:51:30.504+0000][gc,task       ] GC(5) Using 1 workers of 1 for marking
[2022-10-20T16:51:30.525+0000][gc,marking    ] GC(5) Concurrent Mark From Roots 20.701ms
[2022-10-20T16:51:30.525+0000][gc,marking    ] GC(5) Concurrent Preclean
[2022-10-20T16:51:30.525+0000][gc,marking    ] GC(5) Concurrent Preclean 0.127ms
[2022-10-20T16:51:30.525+0000][gc,marking    ] GC(5) Concurrent Mark (4.314s, 4.335s) 20.905ms
[2022-10-20T16:51:30.525+0000][gc,start      ] GC(5) Pause Remark
[2022-10-20T16:51:30.530+0000][gc,stringtable] GC(5) Cleaned string and symbol table, strings: 10320 processed, 12 removed, symbols: 85406 processed, 12 removed
[2022-10-20T16:51:30.531+0000][gc            ] GC(5) Pause Remark 144M->144M(1024M) 5.151ms
[2022-10-20T16:51:30.531+0000][gc,cpu        ] GC(5) User=0.01s Sys=0.00s Real=0.00s
[2022-10-20T16:51:30.531+0000][gc,marking    ] GC(5) Concurrent Rebuild Remembered Sets
[2022-10-20T16:51:30.537+0000][gc,marking    ] GC(5) Concurrent Rebuild Remembered Sets 6.509ms
[2022-10-20T16:51:30.540+0000][gc,start      ] GC(5) Pause Cleanup
[2022-10-20T16:51:30.540+0000][gc            ] GC(5) Pause Cleanup 144M->144M(1024M) 0.288ms
[2022-10-20T16:51:30.540+0000][gc,cpu        ] GC(5) User=0.00s Sys=0.00s Real=0.00s
[2022-10-20T16:51:30.540+0000][gc,marking    ] GC(5) Concurrent Cleanup for Next Mark
[2022-10-20T16:51:30.557+0000][gc,marking    ] GC(5) Concurrent Cleanup for Next Mark 17.361ms
[2022-10-20T16:51:30.558+0000][gc            ] GC(5) Concurrent Cycle 58.102ms
[2022-10-20T16:57:09.088+0000][gc,start      ] GC(6) Pause Young (Concurrent Start) (G1 Evacuation Pause)
[2022-10-20T16:57:09.088+0000][gc,task       ] GC(6) Using 4 workers of 4 for evacuation
[2022-10-20T16:57:09.160+0000][gc,mmu        ] GC(6) MMU target violated: 21.0ms (20.0ms/21.0ms)
[2022-10-20T16:57:09.160+0000][gc,phases     ] GC(6)   Pre Evacuate Collection Set: 3.3ms
[2022-10-20T16:57:09.160+0000][gc,phases     ] GC(6)   Evacuate Collection Set: 61.3ms
[2022-10-20T16:57:09.160+0000][gc,phases     ] GC(6)   Post Evacuate Collection Set: 6.0ms
[2022-10-20T16:57:09.160+0000][gc,phases     ] GC(6)   Other: 0.9ms
[2022-10-20T16:57:09.160+0000][gc,heap       ] GC(6) Eden regions: 44->0(47)
[2022-10-20T16:57:09.160+0000][gc,heap       ] GC(6) Survivor regions: 7->4(7)
[2022-10-20T16:57:09.160+0000][gc,heap       ] GC(6) Old regions: 9->11
[2022-10-20T16:57:09.160+0000][gc,heap       ] GC(6) Humongous regions: 147->0
[2022-10-20T16:57:09.160+0000][gc,metaspace  ] GC(6) Metaspace: 40283K->40283K(1085440K)
[2022-10-20T16:57:09.160+0000][gc            ] GC(6) Pause Young (Concurrent Start) (G1 Evacuation Pause) 204M->13M(1024M) 71.612ms
[2022-10-20T16:57:09.160+0000][gc,cpu        ] GC(6) User=0.08s Sys=0.02s Real=0.07s
[2022-10-20T16:57:09.160+0000][gc            ] GC(7) Concurrent Cycle
[2022-10-20T16:57:09.161+0000][gc,marking    ] GC(7) Concurrent Clear Claimed Marks
[2022-10-20T16:57:09.162+0000][gc,marking    ] GC(7) Concurrent Clear Claimed Marks 1.686ms
[2022-10-20T16:57:09.162+0000][gc,marking    ] GC(7) Concurrent Scan Root Regions
[2022-10-20T16:57:09.170+0000][gc,marking    ] GC(7) Concurrent Scan Root Regions 7.925ms
[2022-10-20T16:57:09.170+0000][gc,marking    ] GC(7) Concurrent Mark (342.980s)
[2022-10-20T16:57:09.170+0000][gc,marking    ] GC(7) Concurrent Mark From Roots
[2022-10-20T16:57:09.170+0000][gc,task       ] GC(7) Using 1 workers of 1 for marking
[2022-10-20T16:57:09.219+0000][gc,marking    ] GC(7) Concurrent Mark From Roots 48.624ms
[2022-10-20T16:57:09.219+0000][gc,marking    ] GC(7) Concurrent Preclean
[2022-10-20T16:57:09.219+0000][gc,marking    ] GC(7) Concurrent Preclean 0.164ms
[2022-10-20T16:57:09.219+0000][gc,marking    ] GC(7) Concurrent Mark (342.980s, 343.029s) 48.873ms
[2022-10-20T16:57:09.219+0000][gc,start      ] GC(7) Pause Remark
[2022-10-20T16:57:09.226+0000][gc,stringtable] GC(7) Cleaned string and symbol table, strings: 11295 processed, 5 removed, symbols: 91004 processed, 3 removed
[2022-10-20T16:57:09.226+0000][gc            ] GC(7) Pause Remark 14M->14M(1024M) 6.433ms
[2022-10-20T16:57:09.226+0000][gc,cpu        ] GC(7) User=0.02s Sys=0.00s Real=0.01s
[2022-10-20T16:57:09.226+0000][gc,marking    ] GC(7) Concurrent Rebuild Remembered Sets
[2022-10-20T16:57:09.233+0000][gc,marking    ] GC(7) Concurrent Rebuild Remembered Sets 6.969ms
[2022-10-20T16:57:09.233+0000][gc,start      ] GC(7) Pause Cleanup
[2022-10-20T16:57:09.233+0000][gc            ] GC(7) Pause Cleanup 14M->14M(1024M) 0.254ms
[2022-10-20T16:57:09.233+0000][gc,cpu        ] GC(7) User=0.00s Sys=0.00s Real=0.00s
[2022-10-20T16:57:09.233+0000][gc,marking    ] GC(7) Concurrent Cleanup for Next Mark
[2022-10-20T16:57:09.236+0000][gc,marking    ] GC(7) Concurrent Cleanup for Next Mark 2.708ms
[2022-10-20T16:57:09.236+0000][gc            ] GC(7) Concurrent Cycle 75.613ms
[2022-10-20T16:57:09.236+0000][gc,heap,exit  ] Heap
[2022-10-20T16:57:09.236+0000][gc,heap,exit  ]  garbage-first heap   total 1048576K, used 13569K [0x00000000c0000000, 0x0000000100000000)
[2022-10-20T16:57:09.236+0000][gc,heap,exit  ]   region size 1024K, 5 young (5120K), 4 survivors (4096K)
[2022-10-20T16:57:09.236+0000][gc,heap,exit  ]  Metaspace       used 40316K, capacity 42341K, committed 42496K, reserved 1085440K
[2022-10-20T16:57:09.236+0000][gc,heap,exit  ]   class space    used 5077K, capacity 6082K, committed 6144K, reserved 1048576K
