[2022-10-20T16:50:33.847+0000][gc,heap] Heap region size: 1M
[2022-10-20T16:50:33.870+0000][gc     ] Using G1
[2022-10-20T16:50:33.870+0000][gc,heap,coops] Heap address: 0x00000000e0000000, size: 512 MB, Compressed Oops mode: 32-bit
[2022-10-20T16:50:33.870+0000][gc,cds       ] Mark closed archive regions in map: [0x00000000fff00000, 0x00000000fff6aff8]
[2022-10-20T16:50:33.870+0000][gc,cds       ] Mark open archive regions in map: [0x00000000ffe00000, 0x00000000ffe47ff8]
[2022-10-20T16:50:35.239+0000][gc,heap,exit ] Heap
[2022-10-20T16:50:35.239+0000][gc,heap,exit ]  garbage-first heap   total 524288K, used 10956K [0x00000000e0000000, 0x0000000100000000)
[2022-10-20T16:50:35.239+0000][gc,heap,exit ]   region size 1024K, 11 young (11264K), 0 survivors (0K)
[2022-10-20T16:50:35.240+0000][gc,heap,exit ]  Metaspace       used 3989K, capacity 4920K, committed 5248K, reserved 1056768K
[2022-10-20T16:50:35.240+0000][gc,heap,exit ]   class space    used 447K, capacity 540K, committed 640K, reserved 1048576K
