[2022-10-19T17:25:44.296+0000][gc,heap] Heap region size: 1M
[2022-10-19T17:25:44.305+0000][gc     ] Using G1
[2022-10-19T17:25:44.305+0000][gc,heap,coops] Heap address: 0x00000000e0000000, size: 512 MB, Compressed Oops mode: 32-bit
[2022-10-19T17:25:44.306+0000][gc,cds       ] Mark closed archive regions in map: [0x00000000fff00000, 0x00000000fff6aff8]
[2022-10-19T17:25:44.306+0000][gc,cds       ] Mark open archive regions in map: [0x00000000ffe00000, 0x00000000ffe47ff8]
[2022-10-19T17:25:45.604+0000][gc,start     ] GC(0) Pause Young (Normal) (G1 Evacuation Pause)
[2022-10-19T17:25:45.604+0000][gc,task      ] GC(0) Using 4 workers of 4 for evacuation
[2022-10-19T17:25:45.627+0000][gc,mmu       ] GC(0) MMU target violated: 21.0ms (20.0ms/21.0ms)
[2022-10-19T17:25:45.627+0000][gc,phases    ] GC(0)   Pre Evacuate Collection Set: 0.0ms
[2022-10-19T17:25:45.627+0000][gc,phases    ] GC(0)   Evacuate Collection Set: 19.6ms
[2022-10-19T17:25:45.627+0000][gc,phases    ] GC(0)   Post Evacuate Collection Set: 2.7ms
[2022-10-19T17:25:45.627+0000][gc,phases    ] GC(0)   Other: 0.6ms
[2022-10-19T17:25:45.627+0000][gc,heap      ] GC(0) Eden regions: 25->0(21)
[2022-10-19T17:25:45.627+0000][gc,heap      ] GC(0) Survivor regions: 0->4(4)
[2022-10-19T17:25:45.627+0000][gc,heap      ] GC(0) Old regions: 2->5
[2022-10-19T17:25:45.627+0000][gc,heap      ] GC(0) Humongous regions: 0->0
[2022-10-19T17:25:45.627+0000][gc,metaspace ] GC(0) Metaspace: 7405K->7405K(1056768K)
[2022-10-19T17:25:45.627+0000][gc           ] GC(0) Pause Young (Normal) (G1 Evacuation Pause) 25M->7M(512M) 23.075ms
[2022-10-19T17:25:45.627+0000][gc,cpu       ] GC(0) User=0.08s Sys=0.00s Real=0.03s
[2022-10-19T17:37:13.671+0000][gc,heap,exit ] Heap
[2022-10-19T17:37:13.671+0000][gc,heap,exit ]  garbage-first heap   total 524288K, used 15868K [0x00000000e0000000, 0x0000000100000000)
[2022-10-19T17:37:13.671+0000][gc,heap,exit ]   region size 1024K, 13 young (13312K), 4 survivors (4096K)
[2022-10-19T17:37:13.671+0000][gc,heap,exit ]  Metaspace       used 8594K, capacity 8911K, committed 9088K, reserved 1056768K
[2022-10-19T17:37:13.671+0000][gc,heap,exit ]   class space    used 955K, capacity 1090K, committed 1152K, reserved 1048576K
