[2022-10-18T19:05:09.093+0000][gc,heap] Heap region size: 1M
[2022-10-18T19:05:09.100+0000][gc     ] Using G1
[2022-10-18T19:05:09.100+0000][gc,heap,coops] Heap address: 0x00000000e0000000, size: 512 MB, Compressed Oops mode: 32-bit
[2022-10-18T19:05:09.101+0000][gc,cds       ] Mark closed archive regions in map: [0x00000000fff00000, 0x00000000fff6aff8]
[2022-10-18T19:05:09.101+0000][gc,cds       ] Mark open archive regions in map: [0x00000000ffe00000, 0x00000000ffe47ff8]
[2022-10-18T19:05:09.745+0000][gc,start     ] GC(0) Pause Young (Normal) (G1 Evacuation Pause)
[2022-10-18T19:05:09.746+0000][gc,task      ] GC(0) Using 4 workers of 4 for evacuation
[2022-10-18T19:05:09.761+0000][gc,phases    ] GC(0)   Pre Evacuate Collection Set: 0.0ms
[2022-10-18T19:05:09.761+0000][gc,phases    ] GC(0)   Evacuate Collection Set: 15.1ms
[2022-10-18T19:05:09.761+0000][gc,phases    ] GC(0)   Post Evacuate Collection Set: 0.4ms
[2022-10-18T19:05:09.761+0000][gc,phases    ] GC(0)   Other: 0.4ms
[2022-10-18T19:05:09.761+0000][gc,heap      ] GC(0) Eden regions: 25->0(21)
[2022-10-18T19:05:09.761+0000][gc,heap      ] GC(0) Survivor regions: 0->4(4)
[2022-10-18T19:05:09.761+0000][gc,heap      ] GC(0) Old regions: 2->5
[2022-10-18T19:05:09.761+0000][gc,heap      ] GC(0) Humongous regions: 0->0
[2022-10-18T19:05:09.761+0000][gc,metaspace ] GC(0) Metaspace: 7263K->7263K(1056768K)
[2022-10-18T19:05:09.761+0000][gc           ] GC(0) Pause Young (Normal) (G1 Evacuation Pause) 25M->7M(512M) 16.035ms
[2022-10-18T19:05:09.761+0000][gc,cpu       ] GC(0) User=0.04s Sys=0.00s Real=0.02s
[2022-10-18T19:53:59.811+0000][gc,start     ] GC(1) Pause Young (Normal) (G1 Evacuation Pause)
[2022-10-18T19:53:59.811+0000][gc,task      ] GC(1) Using 4 workers of 4 for evacuation
[2022-10-18T19:53:59.820+0000][gc,phases    ] GC(1)   Pre Evacuate Collection Set: 0.0ms
[2022-10-18T19:53:59.820+0000][gc,phases    ] GC(1)   Evacuate Collection Set: 9.0ms
[2022-10-18T19:53:59.820+0000][gc,phases    ] GC(1)   Post Evacuate Collection Set: 0.5ms
[2022-10-18T19:53:59.820+0000][gc,phases    ] GC(1)   Other: 0.1ms
[2022-10-18T19:53:59.820+0000][gc,heap      ] GC(1) Eden regions: 21->0(24)
[2022-10-18T19:53:59.820+0000][gc,heap      ] GC(1) Survivor regions: 4->1(4)
[2022-10-18T19:53:59.820+0000][gc,heap      ] GC(1) Old regions: 5->9
[2022-10-18T19:53:59.820+0000][gc,heap      ] GC(1) Humongous regions: 0->0
[2022-10-18T19:53:59.820+0000][gc,metaspace ] GC(1) Metaspace: 9269K->9269K(1058816K)
[2022-10-18T19:53:59.821+0000][gc           ] GC(1) Pause Young (Normal) (G1 Evacuation Pause) 28M->8M(512M) 9.723ms
[2022-10-18T19:53:59.821+0000][gc,cpu       ] GC(1) User=0.02s Sys=0.00s Real=0.02s
[2022-10-18T22:28:20.678+0000][gc,start     ] GC(2) Pause Young (Normal) (G1 Evacuation Pause)
[2022-10-18T22:28:20.678+0000][gc,task      ] GC(2) Using 4 workers of 4 for evacuation
[2022-10-18T22:28:20.680+0000][gc,phases    ] GC(2)   Pre Evacuate Collection Set: 0.0ms
[2022-10-18T22:28:20.680+0000][gc,phases    ] GC(2)   Evacuate Collection Set: 1.4ms
[2022-10-18T22:28:20.680+0000][gc,phases    ] GC(2)   Post Evacuate Collection Set: 0.4ms
[2022-10-18T22:28:20.680+0000][gc,phases    ] GC(2)   Other: 0.1ms
[2022-10-18T22:28:20.680+0000][gc,heap      ] GC(2) Eden regions: 24->0(24)
[2022-10-18T22:28:20.680+0000][gc,heap      ] GC(2) Survivor regions: 1->1(4)
[2022-10-18T22:28:20.680+0000][gc,heap      ] GC(2) Old regions: 9->9
[2022-10-18T22:28:20.680+0000][gc,heap      ] GC(2) Humongous regions: 0->0
[2022-10-18T22:28:20.680+0000][gc,metaspace ] GC(2) Metaspace: 9288K->9288K(1058816K)
[2022-10-18T22:28:20.680+0000][gc           ] GC(2) Pause Young (Normal) (G1 Evacuation Pause) 32M->8M(512M) 2.028ms
[2022-10-18T22:28:20.680+0000][gc,cpu       ] GC(2) User=0.01s Sys=0.00s Real=0.01s
[2022-10-19T01:15:40.648+0000][gc,start     ] GC(3) Pause Young (Normal) (G1 Evacuation Pause)
[2022-10-19T01:15:40.648+0000][gc,task      ] GC(3) Using 4 workers of 4 for evacuation
[2022-10-19T01:15:40.651+0000][gc,phases    ] GC(3)   Pre Evacuate Collection Set: 0.0ms
[2022-10-19T01:15:40.651+0000][gc,phases    ] GC(3)   Evacuate Collection Set: 1.8ms
[2022-10-19T01:15:40.651+0000][gc,phases    ] GC(3)   Post Evacuate Collection Set: 0.5ms
[2022-10-19T01:15:40.651+0000][gc,phases    ] GC(3)   Other: 0.1ms
[2022-10-19T01:15:40.651+0000][gc,heap      ] GC(3) Eden regions: 24->0(24)
[2022-10-19T01:15:40.651+0000][gc,heap      ] GC(3) Survivor regions: 1->1(4)
[2022-10-19T01:15:40.651+0000][gc,heap      ] GC(3) Old regions: 9->9
[2022-10-19T01:15:40.651+0000][gc,heap      ] GC(3) Humongous regions: 0->0
[2022-10-19T01:15:40.651+0000][gc,metaspace ] GC(3) Metaspace: 9289K->9289K(1058816K)
[2022-10-19T01:15:40.651+0000][gc           ] GC(3) Pause Young (Normal) (G1 Evacuation Pause) 32M->8M(512M) 2.558ms
[2022-10-19T01:15:40.651+0000][gc,cpu       ] GC(3) User=0.00s Sys=0.00s Real=0.00s
[2022-10-19T04:04:30.849+0000][gc,start     ] GC(4) Pause Young (Normal) (G1 Evacuation Pause)
[2022-10-19T04:04:30.849+0000][gc,task      ] GC(4) Using 4 workers of 4 for evacuation
[2022-10-19T04:04:30.852+0000][gc,phases    ] GC(4)   Pre Evacuate Collection Set: 0.0ms
[2022-10-19T04:04:30.852+0000][gc,phases    ] GC(4)   Evacuate Collection Set: 1.3ms
[2022-10-19T04:04:30.852+0000][gc,phases    ] GC(4)   Post Evacuate Collection Set: 1.0ms
[2022-10-19T04:04:30.852+0000][gc,phases    ] GC(4)   Other: 0.1ms
[2022-10-19T04:04:30.852+0000][gc,heap      ] GC(4) Eden regions: 24->0(24)
[2022-10-19T04:04:30.852+0000][gc,heap      ] GC(4) Survivor regions: 1->1(4)
[2022-10-19T04:04:30.852+0000][gc,heap      ] GC(4) Old regions: 9->9
[2022-10-19T04:04:30.852+0000][gc,heap      ] GC(4) Humongous regions: 0->0
[2022-10-19T04:04:30.852+0000][gc,metaspace ] GC(4) Metaspace: 9303K->9303K(1058816K)
[2022-10-19T04:04:30.852+0000][gc           ] GC(4) Pause Young (Normal) (G1 Evacuation Pause) 32M->8M(512M) 2.593ms
[2022-10-19T04:04:30.852+0000][gc,cpu       ] GC(4) User=0.00s Sys=0.00s Real=0.01s
[2022-10-19T05:40:02.267+0000][gc,heap,exit ] Heap
[2022-10-19T05:40:02.267+0000][gc,heap,exit ]  garbage-first heap   total 524288K, used 23029K [0x00000000e0000000, 0x0000000100000000)
[2022-10-19T05:40:02.267+0000][gc,heap,exit ]   region size 1024K, 16 young (16384K), 1 survivors (1024K)
[2022-10-19T05:40:02.267+0000][gc,heap,exit ]  Metaspace       used 9307K, capacity 9715K, committed 9856K, reserved 1058816K
[2022-10-19T05:40:02.267+0000][gc,heap,exit ]   class space    used 976K, capacity 1122K, committed 1152K, reserved 1048576K
